Archive member included to satisfy reference by file (symbol)

app/libapp.a(main.c.obj)      (--whole-archive)
zephyr/libzephyr.a(cbprintf_packaged.c.obj)
                              (--whole-archive)
zephyr/libzephyr.a(dec.c.obj)
                              (--whole-archive)
zephyr/libzephyr.a(fdtable.c.obj)
                              (--whole-archive)
zephyr/libzephyr.a(hex.c.obj)
                              (--whole-archive)
zephyr/libzephyr.a(printk.c.obj)
                              (--whole-archive)
zephyr/libzephyr.a(rb.c.obj)  (--whole-archive)
zephyr/libzephyr.a(sem.c.obj)
                              (--whole-archive)
zephyr/libzephyr.a(thread_entry.c.obj)
                              (--whole-archive)
zephyr/libzephyr.a(timeutil.c.obj)
                              (--whole-archive)
zephyr/libzephyr.a(heap.c.obj)
                              (--whole-archive)
zephyr/libzephyr.a(heap-validate.c.obj)
                              (--whole-archive)
zephyr/libzephyr.a(bitarray.c.obj)
                              (--whole-archive)
zephyr/libzephyr.a(multi_heap.c.obj)
                              (--whole-archive)
zephyr/libzephyr.a(onoff.c.obj)
                              (--whole-archive)
zephyr/libzephyr.a(notify.c.obj)
                              (--whole-archive)
zephyr/libzephyr.a(crc32c_sw.c.obj)
                              (--whole-archive)
zephyr/libzephyr.a(crc32_sw.c.obj)
                              (--whole-archive)
zephyr/libzephyr.a(crc16_sw.c.obj)
                              (--whole-archive)
zephyr/libzephyr.a(crc8_sw.c.obj)
                              (--whole-archive)
zephyr/libzephyr.a(crc7_sw.c.obj)
                              (--whole-archive)
zephyr/libzephyr.a(cbprintf_complete.c.obj)
                              (--whole-archive)
zephyr/libzephyr.a(cbprintf.c.obj)
                              (--whole-archive)
zephyr/libzephyr.a(assert.c.obj)
                              (--whole-archive)
zephyr/libzephyr.a(mpsc_pbuf.c.obj)
                              (--whole-archive)
zephyr/libzephyr.a(reboot.c.obj)
                              (--whole-archive)
zephyr/libzephyr.a(configs.c.obj)
                              (--whole-archive)
zephyr/libzephyr.a(soc_nrf_common.S.obj)
                              (--whole-archive)
zephyr/libzephyr.a(validate_base_addresses.c.obj)
                              (--whole-archive)
zephyr/libzephyr.a(validate_enabled_instances.c.obj)
                              (--whole-archive)
zephyr/libzephyr.a(log_core.c.obj)
                              (--whole-archive)
zephyr/libzephyr.a(log_mgmt.c.obj)
                              (--whole-archive)
zephyr/libzephyr.a(log_cache.c.obj)
                              (--whole-archive)
zephyr/libzephyr.a(log_msg.c.obj)
                              (--whole-archive)
zephyr/libzephyr.a(pm.c.obj)  (--whole-archive)
zephyr/libzephyr.a(policy.c.obj)
                              (--whole-archive)
zephyr/libzephyr.a(state.c.obj)
                              (--whole-archive)
zephyr/libzephyr.a(tracing_none.c.obj)
                              (--whole-archive)
zephyr/libzephyr.a(usb_device.c.obj)
                              (--whole-archive)
zephyr/libzephyr.a(usb_descriptor.c.obj)
                              (--whole-archive)
zephyr/libzephyr.a(usb_transfer.c.obj)
                              (--whole-archive)
zephyr/libzephyr.a(nrf_cc3xx_platform_abort_zephyr.c.obj)
                              (--whole-archive)
zephyr/libzephyr.a(nrf_cc3xx_platform_mutex_zephyr.c.obj)
                              (--whole-archive)
zephyr/arch/common/libarch__common.a(sw_isr_common.c.obj)
                              (--whole-archive)
zephyr/arch/arch/arm/core/aarch32/libarch__arm__core__aarch32.a(cpu_idle.S.obj)
                              (--whole-archive)
zephyr/arch/arch/arm/core/aarch32/libarch__arm__core__aarch32.a(fatal.c.obj)
                              (--whole-archive)
zephyr/arch/arch/arm/core/aarch32/libarch__arm__core__aarch32.a(irq_manage.c.obj)
                              (--whole-archive)
zephyr/arch/arch/arm/core/aarch32/libarch__arm__core__aarch32.a(nmi.c.obj)
                              (--whole-archive)
zephyr/arch/arch/arm/core/aarch32/libarch__arm__core__aarch32.a(nmi_on_reset.S.obj)
                              (--whole-archive)
zephyr/arch/arch/arm/core/aarch32/libarch__arm__core__aarch32.a(prep_c.c.obj)
                              (--whole-archive)
zephyr/arch/arch/arm/core/aarch32/libarch__arm__core__aarch32.a(swap.c.obj)
                              (--whole-archive)
zephyr/arch/arch/arm/core/aarch32/libarch__arm__core__aarch32.a(swap_helper.S.obj)
                              (--whole-archive)
zephyr/arch/arch/arm/core/aarch32/libarch__arm__core__aarch32.a(thread.c.obj)
                              (--whole-archive)
zephyr/arch/arch/arm/core/aarch32/libarch__arm__core__aarch32.a(isr_wrapper.S.obj)
[...]
Memory Configuration

Name             Origin             Length             Attributes
FLASH            0x0000000000001000 0x00000000000ff000 xr
RAM              0x0000000020000000 0x0000000000040000 xw
IDT_LIST         0x00000000fffff7ff 0x0000000000000800 xw
*default*        0x0000000000000000 0xffffffffffffffff

Linker script and memory map

LOAD zephyr/CMakeFiles/zephyr_pre0.dir/misc/empty_file.c.obj
                0x0000000000000020                _region_min_align = 0x20

.rel.plt        0x0000000000001000        0x0
 *(SORT_BY_ALIGNMENT(.rel.plt))
                [!provide]                        PROVIDE (__rel_iplt_start = .)
 *(SORT_BY_ALIGNMENT(.rel.iplt))
 .rel.iplt      0x0000000000001000        0x0 app/libapp.a(main.c.obj)
                [!provide]                        PROVIDE (__rel_iplt_end = .)

.rela.plt       0x0000000000000000        0x0
 *(SORT_BY_ALIGNMENT(.rela.plt))
                [!provide]                        PROVIDE (__rela_iplt_start = .)
 *(SORT_BY_ALIGNMENT(.rela.iplt))
                [!provide]                        PROVIDE (__rela_iplt_end = .)

.rel.dyn
 *(SORT_BY_ALIGNMENT(.rel.*))

.rela.dyn
 *(SORT_BY_ALIGNMENT(.rela.*))

/DISCARD/
 *(SORT_BY_ALIGNMENT(.plt))

/DISCARD/
 *(SORT_BY_ALIGNMENT(.iplt))
                0x0000000000001000                __rom_region_start = 0x1000

rom_start       0x0000000000001000      0x100
                0x0000000000000000                . = 0x0
                0x0000000000000000                . = ALIGN (0x4)
                0x0000000000000000                . = ALIGN (0x80)
                0x0000000000000000                . = ALIGN (0x100)
                0x0000000000001000                _vector_start = .
 *(SORT_BY_ALIGNMENT(.exc_vector_table))
 *(SORT_BY_ALIGNMENT(.exc_vector_table.*))
 .exc_vector_table._vector_table_section
                0x0000000000001000       0x40 zephyr/arch/arch/arm/core/aarch32/cortex_m/libarch__arm__core__aarch32__cortex_m.a(vector_table.S.obj)
                0x0000000000001000                _vector_table
 *(SORT_BY_ALIGNMENT(.vectors))
                0x0000000000001100                _vector_end = .
                0x0000000000001040                . = ALIGN (0x4)
 *(SORT_BY_ALIGNMENT(.gnu.linkonce.irq_vector_table*))
 .gnu.linkonce.irq_vector_table
                0x0000000000001040       0xc0 zephyr/arch/common/libisr_tables.a(isr_tables.c.obj)
                0x0000000000001040                _irq_vector_table
                0x0000000000001100                _vector_end = .

text            0x0000000000001100     0xad88
                0x0000000000001100                __text_region_start = .
 *(SORT_BY_ALIGNMENT(.text))
 .text          0x0000000000001100       0x30 /opt/nordic/ncs/toolchains/4ef6631da0/opt/zephyr-sdk/arm-zephyr-eabi/bin/../lib/gcc/arm-zephyr-eabi/12.2.0/thumb/v7e-m/nofp/libgcc.a(_aeabi_uldivmod.o)
                0x0000000000001100                __aeabi_uldivmod
 .text          0x0000000000001130        0x4 /opt/nordic/ncs/toolchains/4ef6631da0/opt/zephyr-sdk/arm-zephyr-eabi/bin/../lib/gcc/arm-zephyr-eabi/12.2.0/thumb/v7e-m/nofp/libgcc.a(_dvmd_tls.o)
                0x0000000000001130                __aeabi_ldiv0
                0x0000000000001130                __aeabi_idiv0
 .text          0x0000000000001134      0x2a0 /opt/nordic/ncs/toolchains/4ef6631da0/opt/zephyr-sdk/arm-zephyr-eabi/bin/../lib/gcc/arm-zephyr-eabi/12.2.0/thumb/v7e-m/nofp/libgcc.a(_udivmoddi4.o)
                0x0000000000001134                __udivmoddi4
 *(SORT_BY_ALIGNMENT(.text.*))
 .text.composite_pre_init
                0x00000000000013d4       0x84 app/libapp.a(main.c.obj)
 .text.int_in_ready_cb
                0x0000000000001458       0x30 app/libapp.a(main.c.obj)
 .text.status_cb
                0x0000000000001488       0x44 app/libapp.a(main.c.obj)
 .text.clear_report
                0x00000000000014cc       0x70 app/libapp.a(main.c.obj)
 .text.send_report
                0x000000000000153c       0x74 app/libapp.a(main.c.obj)
 .text.main     0x00000000000015b0       0x64 app/libapp.a(main.c.obj)
                0x00000000000015b0                main
 .text.cbvprintf_package
                0x0000000000001614      0x3ac zephyr/libzephyr.a(cbprintf_packaged.c.obj)
                0x0000000000001614                cbvprintf_package
 .text.cbprintf_package_convert
                0x00000000000019c0      0x3bc zephyr/libzephyr.a(cbprintf_packaged.c.obj)
                0x00000000000019c0                cbprintf_package_convert
 .text.process_event
                0x0000000000001d7c      0x21c zephyr/libzephyr.a(onoff.c.obj)
 .text.sys_reboot
                0x0000000000001f98       0x30 zephyr/libzephyr.a(reboot.c.obj)
                0x0000000000001f98                sys_reboot
 .text.z_arm_platform_init
                0x0000000000001fc8        0x4 zephyr/libzephyr.a(soc_nrf_common.S.obj)
                0x0000000000001fc8                z_arm_platform_init
 .text.activate_foreach_backend
                0x0000000000001fcc       0x64 zephyr/libzephyr.a(log_core.c.obj)
 .text.enable_logger
                0x0000000000002030       0x5c zephyr/libzephyr.a(log_core.c.obj)
 .text.log_process_thread_timer_expiry_fn
                0x000000000000208c        0xc zephyr/libzephyr.a(log_core.c.obj)
 .text.z_log_init
                0x0000000000002098       0x90 zephyr/libzephyr.a(log_core.c.obj)
 .text.z_log_notify_backend_enabled
                0x0000000000002128       0x1c zephyr/libzephyr.a(log_core.c.obj)
                0x0000000000002128                z_log_notify_backend_enabled
 .text.z_log_dropped
                0x0000000000002144       0x30 zephyr/libzephyr.a(log_core.c.obj)
                0x0000000000002144                z_log_dropped
 .text.z_log_dropped_read_and_clear
                0x0000000000002174       0x20 zephyr/libzephyr.a(log_core.c.obj)
                0x0000000000002174                z_log_dropped_read_and_clear
 .text.dropped_notify
                0x0000000000002194       0x30 zephyr/libzephyr.a(log_core.c.obj)
                0x0000000000002194                dropped_notify
 .text.z_log_msg_init
                0x00000000000021c4       0x20 zephyr/libzephyr.a(log_core.c.obj)
                0x00000000000021c4                z_log_msg_init
 .text.log_core_init
                0x00000000000021e4       0x2c zephyr/libzephyr.a(log_core.c.obj)
                0x00000000000021e4                log_core_init
 .text.z_log_msg_alloc
                0x0000000000002210       0x10 zephyr/libzephyr.a(log_core.c.obj)
                0x0000000000002210                z_log_msg_alloc
 .text.z_log_msg_local_claim
                0x0000000000002220        0xc zephyr/libzephyr.a(log_core.c.obj)
                0x0000000000002220                z_log_msg_local_claim
 .text.z_log_msg_free
                0x000000000000222c       0x10 zephyr/libzephyr.a(log_core.c.obj)
                0x000000000000222c                z_log_msg_free
 .text.z_log_msg_pending
                0x000000000000223c        0xc zephyr/libzephyr.a(log_core.c.obj)
                0x000000000000223c                z_log_msg_pending
 .text.z_impl_log_process
                0x0000000000002248       0xbc zephyr/libzephyr.a(log_core.c.obj)
                0x0000000000002248                z_impl_log_process
 .text.z_impl_log_panic
                0x0000000000002304       0x44 zephyr/libzephyr.a(log_core.c.obj)
                0x0000000000002304                z_impl_log_panic
 .text.log_process_thread_func
                0x0000000000002348       0x9c zephyr/libzephyr.a(log_core.c.obj)
 .text.z_log_msg_post_finalize
                0x00000000000023e4       0x78 zephyr/libzephyr.a(log_core.c.obj)
 .text.z_log_msg_commit
                0x000000000000245c       0x24 zephyr/libzephyr.a(log_core.c.obj)
                0x000000000000245c                z_log_msg_commit
 .text.log_backend_enable
                0x0000000000002480       0x28 zephyr/libzephyr.a(log_mgmt.c.obj)
                0x0000000000002480                log_backend_enable
 .text.z_impl_z_log_msg_static_create
                0x00000000000024a8      0x108 zephyr/libzephyr.a(log_msg.c.obj)
                0x00000000000024a8                z_impl_z_log_msg_static_create
 .text.z_impl_z_log_msg_runtime_vcreate
                0x00000000000025b0       0x8c zephyr/libzephyr.a(log_msg.c.obj)
                0x00000000000025b0                z_impl_z_log_msg_runtime_vcreate
 .text.pm_state_notify
                0x000000000000263c       0x5c zephyr/libzephyr.a(pm.c.obj)
 .text.pm_system_resume
                0x0000000000002698       0x78 zephyr/libzephyr.a(pm.c.obj)
                0x0000000000002698                pm_system_resume
 .text.pm_system_suspend
                0x0000000000002710       0xf8 zephyr/libzephyr.a(pm.c.obj)
                0x0000000000002710                pm_system_suspend
 .text.pm_policy_next_state
                0x0000000000002808       0x94 zephyr/libzephyr.a(policy.c.obj)
                0x0000000000002808                pm_policy_next_state
 .text.pm_state_cpu_get_all
                0x000000000000289c       0x10 zephyr/libzephyr.a(state.c.obj)
                0x000000000000289c                pm_state_cpu_get_all
 .text.class_handler
                0x00000000000028ac       0x40 zephyr/libzephyr.a(usb_device.c.obj)
 .text.custom_handler
                0x00000000000028ec       0x60 zephyr/libzephyr.a(usb_device.c.obj)
 .text.vendor_handler
                0x000000000000294c       0x3c zephyr/libzephyr.a(usb_device.c.obj)
 .text.usb_reset_alt_setting
                0x0000000000002988       0x10 zephyr/libzephyr.a(usb_device.c.obj)
 .text.is_ep_valid.part.0
                0x0000000000002998       0x38 zephyr/libzephyr.a(usb_device.c.obj)
 .text.usb_handle_request.constprop.0
                0x00000000000029d0       0x2c zephyr/libzephyr.a(usb_device.c.obj)
 .text.usb_device_init.part.0
                0x00000000000029fc       0x28 zephyr/libzephyr.a(usb_device.c.obj)
 .text.get_ep_bm_from_addr.part.0
                0x0000000000002a24       0x2c zephyr/libzephyr.a(usb_device.c.obj)
 .text.disable_endpoint
                0x0000000000002a50       0x80 zephyr/libzephyr.a(usb_device.c.obj)
 .text.forward_status_cb
                0x0000000000002ad0       0xb0 zephyr/libzephyr.a(usb_device.c.obj)
 .text.usb_halt_endpoint_req.isra.0
                0x0000000000002b80       0x9c zephyr/libzephyr.a(usb_device.c.obj)
 .text.set_endpoint
                0x0000000000002c1c      0x104 zephyr/libzephyr.a(usb_device.c.obj)
 .text.usb_handle_standard_request
                0x0000000000002d20      0x2ec zephyr/libzephyr.a(usb_device.c.obj)
 .text.usb_write
                0x000000000000300c       0x64 zephyr/libzephyr.a(usb_device.c.obj)
                0x000000000000300c                usb_write
 .text.usb_data_to_host
                0x0000000000003070       0x54 zephyr/libzephyr.a(usb_device.c.obj)
 .text.usb_handle_control_transfer
                0x00000000000030c4      0x100 zephyr/libzephyr.a(usb_device.c.obj)
 .text.usb_set_config
                0x00000000000031c4       0x2c zephyr/libzephyr.a(usb_device.c.obj)
                0x00000000000031c4                usb_set_config
 .text.usb_device_init
                0x00000000000031f0       0x2c zephyr/libzephyr.a(usb_device.c.obj)
 .text.usb_enable
                0x000000000000321c      0x128 zephyr/libzephyr.a(usb_device.c.obj)
                0x000000000000321c                usb_enable
 .text.usb_update_sn_string_descriptor
                0x0000000000003344       0x88 zephyr/libzephyr.a(usb_descriptor.c.obj)
                0x0000000000003344                usb_update_sn_string_descriptor
 .text.usb_get_device_descriptor
                0x00000000000033cc      0x244 zephyr/libzephyr.a(usb_descriptor.c.obj)
                0x00000000000033cc                usb_get_device_descriptor
 .text.usb_ep_get_transfer
                0x0000000000003610       0x2c zephyr/libzephyr.a(usb_transfer.c.obj)
 .text.usb_transfer_work
                0x000000000000363c      0x15c zephyr/libzephyr.a(usb_transfer.c.obj)
 .text.usb_cancel_transfer
                0x0000000000003798       0x3c zephyr/libzephyr.a(usb_transfer.c.obj)
                0x0000000000003798                usb_cancel_transfer
 .text.usb_cancel_transfers
                0x00000000000037d4       0x48 zephyr/libzephyr.a(usb_transfer.c.obj)
                0x00000000000037d4                usb_cancel_transfers
 .text.usb_transfer_init
                0x000000000000381c       0x34 zephyr/libzephyr.a(usb_transfer.c.obj)
                0x000000000000381c                usb_transfer_init
 .text.nrf_cc3xx_platform_abort_init
                0x0000000000003850        0xc zephyr/libzephyr.a(nrf_cc3xx_platform_abort_zephyr.c.obj)
                0x0000000000003850                nrf_cc3xx_platform_abort_init
 .text.mutex_free_platform
                0x000000000000385c       0x54 zephyr/libzephyr.a(nrf_cc3xx_platform_mutex_zephyr.c.obj)
 .text.mutex_lock_platform
                0x00000000000038b0       0x60 zephyr/libzephyr.a(nrf_cc3xx_platform_mutex_zephyr.c.obj)
 .text.mutex_unlock_platform
                0x0000000000003910       0x58 zephyr/libzephyr.a(nrf_cc3xx_platform_mutex_zephyr.c.obj)
 .text.mutex_init_platform
                0x0000000000003968       0x94 zephyr/libzephyr.a(nrf_cc3xx_platform_mutex_zephyr.c.obj)
 .text.nrf_cc3xx_platform_mutex_init
                0x00000000000039fc       0x2c zephyr/libzephyr.a(nrf_cc3xx_platform_mutex_zephyr.c.obj)
                0x00000000000039fc                nrf_cc3xx_platform_mutex_init
 .text.z_arm_cpu_idle_init
                0x0000000000003a28        0xc zephyr/arch/arch/arm/core/aarch32/libarch__arm__core__aarch32.a(cpu_idle.S.obj)
                0x0000000000003a28                z_arm_cpu_idle_init
 .text.arch_cpu_idle
                0x0000000000003a34       0x1c zephyr/arch/arch/arm/core/aarch32/libarch__arm__core__aarch32.a(cpu_idle.S.obj)
                0x0000000000003a34                arch_cpu_idle
 .text.arch_cpu_atomic_idle
                0x0000000000003a50       0x18 zephyr/arch/arch/arm/core/aarch32/libarch__arm__core__aarch32.a(cpu_idle.S.obj)
                0x0000000000003a50                arch_cpu_atomic_idle
 .text.z_arm_fatal_error
                0x0000000000003a68       0xcc zephyr/arch/arch/arm/core/aarch32/libarch__arm__core__aarch32.a(fatal.c.obj)
                0x0000000000003a68                z_arm_fatal_error
 .text.arch_irq_enable
                0x0000000000003b34       0x1c zephyr/arch/arch/arm/core/aarch32/libarch__arm__core__aarch32.a(irq_manage.c.obj)
                0x0000000000003b34                arch_irq_enable
 .text.arch_irq_disable
                0x0000000000003b50       0x28 zephyr/arch/arch/arm/core/aarch32/libarch__arm__core__aarch32.a(irq_manage.c.obj)
                0x0000000000003b50                arch_irq_disable
 .text.arch_irq_is_enabled
                0x0000000000003b78       0x1c zephyr/arch/arch/arm/core/aarch32/libarch__arm__core__aarch32.a(irq_manage.c.obj)
                0x0000000000003b78                arch_irq_is_enabled
 .text.z_arm_irq_priority_set
                0x0000000000003b94       0x30 zephyr/arch/arch/arm/core/aarch32/libarch__arm__core__aarch32.a(irq_manage.c.obj)
                0x0000000000003b94                z_arm_irq_priority_set
 .text.z_SysNmiOnReset
                0x0000000000003bc4        0x8 zephyr/arch/arch/arm/core/aarch32/libarch__arm__core__aarch32.a(nmi_on_reset.S.obj)
                0x0000000000003bc4                z_SysNmiOnReset
 .text.z_arm_prep_c
                0x0000000000003bcc       0x38 zephyr/arch/arch/arm/core/aarch32/libarch__arm__core__aarch32.a(prep_c.c.obj)
                0x0000000000003bcc                z_arm_prep_c
 .text.arch_swap
                0x0000000000003c04       0x34 zephyr/arch/arch/arm/core/aarch32/libarch__arm__core__aarch32.a(swap.c.obj)
                0x0000000000003c04                arch_swap
 .text.z_arm_pendsv
                0x0000000000003c38       0x54 zephyr/arch/arch/arm/core/aarch32/libarch__arm__core__aarch32.a(swap_helper.S.obj)
                0x0000000000003c38                z_arm_pendsv
 .text.z_arm_svc
                0x0000000000003c8c       0x20 zephyr/arch/arch/arm/core/aarch32/libarch__arm__core__aarch32.a(swap_helper.S.obj)
                0x0000000000003c8c                z_arm_svc
 .text.arch_new_thread
                0x0000000000003cac       0x38 zephyr/arch/arch/arm/core/aarch32/libarch__arm__core__aarch32.a(thread.c.obj)
                0x0000000000003cac                arch_new_thread
 .text.z_check_thread_stack_fail
                0x0000000000003ce4       0x2c zephyr/arch/arch/arm/core/aarch32/libarch__arm__core__aarch32.a(thread.c.obj)
                0x0000000000003ce4                z_check_thread_stack_fail
 .text.arch_switch_to_main_thread
                0x0000000000003d10       0x2c zephyr/arch/arch/arm/core/aarch32/libarch__arm__core__aarch32.a(thread.c.obj)
                0x0000000000003d10                arch_switch_to_main_thread
 .text._isr_wrapper
                0x0000000000003d3c       0x40 zephyr/arch/arch/arm/core/aarch32/libarch__arm__core__aarch32.a(isr_wrapper.S.obj)
                0x0000000000003d3c                _isr_wrapper
 .text._HandlerModeExit
                0x0000000000003d7c       0x1c zephyr/arch/arch/arm/core/aarch32/cortex_m/libarch__arm__core__aarch32__cortex_m.a(exc_exit.S.obj)
                0x0000000000003d7c                z_arm_exc_exit
                0x0000000000003d7c                z_arm_int_exit
 .text.bus_fault.constprop.0
                0x0000000000003d98      0x154 zephyr/arch/arch/arm/core/aarch32/cortex_m/libarch__arm__core__aarch32__cortex_m.a(fault.c.obj)
 .text.usage_fault.constprop.0
                0x0000000000003eec      0x104 zephyr/arch/arch/arm/core/aarch32/cortex_m/libarch__arm__core__aarch32__cortex_m.a(fault.c.obj)
 .text.mem_manage_fault
                0x0000000000003ff0      0x178 zephyr/arch/arch/arm/core/aarch32/cortex_m/libarch__arm__core__aarch32__cortex_m.a(fault.c.obj)
 .text.z_arm_fault
                0x0000000000004168      0x218 zephyr/arch/arch/arm/core/aarch32/cortex_m/libarch__arm__core__aarch32__cortex_m.a(fault.c.obj)
                0x0000000000004168                z_arm_fault
 .text.z_arm_fault_init
                0x0000000000004380       0x10 zephyr/arch/arch/arm/core/aarch32/cortex_m/libarch__arm__core__aarch32__cortex_m.a(fault.c.obj)
                0x0000000000004380                z_arm_fault_init
 .text.__fault  0x0000000000004390       0x14 zephyr/arch/arch/arm/core/aarch32/cortex_m/libarch__arm__core__aarch32__cortex_m.a(fault_s.S.obj)
                0x0000000000004390                z_arm_bus_fault
                0x0000000000004390                z_arm_usage_fault
                0x0000000000004390                z_arm_mpu_fault
                0x0000000000004390                z_arm_exc_spurious
                0x0000000000004390                z_arm_debug_monitor
                0x0000000000004390                z_arm_hard_fault
 .text.z_arm_interrupt_init
                0x00000000000043a4       0x18 zephyr/arch/arch/arm/core/aarch32/cortex_m/libarch__arm__core__aarch32__cortex_m.a(irq_init.c.obj)
                0x00000000000043a4                z_arm_interrupt_init
 .text._reset_section
                0x00000000000043bc       0x54 zephyr/arch/arch/arm/core/aarch32/cortex_m/libarch__arm__core__aarch32__cortex_m.a(reset.S.obj)
                0x00000000000043bc                z_arm_reset
                0x00000000000043bc                __start
 .text.z_arm_clear_arm_mpu_config
                0x0000000000004410       0x24 zephyr/arch/arch/arm/core/aarch32/cortex_m/libarch__arm__core__aarch32__cortex_m.a(scb.c.obj)
                0x0000000000004410                z_arm_clear_arm_mpu_config
 .text.z_arm_init_arch_hw_at_boot
                0x0000000000004434       0x64 zephyr/arch/arch/arm/core/aarch32/cortex_m/libarch__arm__core__aarch32__cortex_m.a(scb.c.obj)
                0x0000000000004434                z_arm_init_arch_hw_at_boot
 .text.z_impl_k_thread_abort
                0x0000000000004498       0x2c zephyr/arch/arch/arm/core/aarch32/cortex_m/libarch__arm__core__aarch32__cortex_m.a(thread_abort.c.obj)
                0x0000000000004498                z_impl_k_thread_abort
 .text.z_arm_configure_static_mpu_regions
                0x00000000000044c4       0x18 zephyr/arch/arch/arm/core/aarch32/mpu/libarch__arm__core__aarch32__mpu.a(arm_core_mpu.c.obj)
                0x00000000000044c4                z_arm_configure_static_mpu_regions
 .text.z_arm_configure_dynamic_mpu_regions
                0x00000000000044dc       0x20 zephyr/arch/arch/arm/core/aarch32/mpu/libarch__arm__core__aarch32__mpu.a(arm_core_mpu.c.obj)
                0x00000000000044dc                z_arm_configure_dynamic_mpu_regions
 .text.mpu_configure_regions
                0x00000000000044fc       0xcc zephyr/arch/arch/arm/core/aarch32/mpu/libarch__arm__core__aarch32__mpu.a(arm_mpu.c.obj)
 .text.arm_core_mpu_enable
                0x00000000000045c8       0x18 zephyr/arch/arch/arm/core/aarch32/mpu/libarch__arm__core__aarch32__mpu.a(arm_mpu.c.obj)
                0x00000000000045c8                arm_core_mpu_enable
 .text.arm_core_mpu_disable
                0x00000000000045e0       0x14 zephyr/arch/arch/arm/core/aarch32/mpu/libarch__arm__core__aarch32__mpu.a(arm_mpu.c.obj)
                0x00000000000045e0                arm_core_mpu_disable
 .text.arm_core_mpu_configure_static_mpu_regions
                0x00000000000045f4       0x14 zephyr/arch/arch/arm/core/aarch32/mpu/libarch__arm__core__aarch32__mpu.a(arm_mpu.c.obj)
                0x00000000000045f4                arm_core_mpu_configure_static_mpu_regions
 .text.arm_core_mpu_configure_dynamic_mpu_regions
                0x0000000000004608       0x30 zephyr/arch/arch/arm/core/aarch32/mpu/libarch__arm__core__aarch32__mpu.a(arm_mpu.c.obj)
                0x0000000000004608                arm_core_mpu_configure_dynamic_mpu_regions
 .text.z_arm_mpu_init
                0x0000000000004638       0x60 zephyr/arch/arch/arm/core/aarch32/mpu/libarch__arm__core__aarch32__mpu.a(arm_mpu.c.obj)
                0x0000000000004638                z_arm_mpu_init
 .text.nordicsemi_nrf52_init
                0x0000000000004698       0x30 zephyr/soc/arm/nordic_nrf/nrf52/libsoc__arm__nordic_nrf__nrf52.a(soc.c.obj)
 .text.sys_arch_reboot
                0x00000000000046c8       0x2c zephyr/soc/arm/nordic_nrf/nrf52/libsoc__arm__nordic_nrf__nrf52.a(soc.c.obj)
                0x00000000000046c8                sys_arch_reboot
 .text.arch_busy_wait
                0x00000000000046f4       0x14 zephyr/soc/arm/nordic_nrf/nrf52/libsoc__arm__nordic_nrf__nrf52.a(soc.c.obj)
                0x00000000000046f4                arch_busy_wait
 .text.hid_status_cb.part.0
                0x0000000000004708       0x2c zephyr/subsys/usb/device/class/hid/libsubsys__usb__device__class__hid.a(core.c.obj)
 .text.hid_custom_handle_req
                0x0000000000004734       0xb0 zephyr/subsys/usb/device/class/hid/libsubsys__usb__device__class__hid.a(core.c.obj)
 .text.hid_int_in.part.0
                0x00000000000047e4       0x2c zephyr/subsys/usb/device/class/hid/libsubsys__usb__device__class__hid.a(core.c.obj)
 .text.hid_int_in
                0x0000000000004810       0x38 zephyr/subsys/usb/device/class/hid/libsubsys__usb__device__class__hid.a(core.c.obj)
 .text.hid_class_handle_req
                0x0000000000004848      0x164 zephyr/subsys/usb/device/class/hid/libsubsys__usb__device__class__hid.a(core.c.obj)
 .text.hid_status_cb
                0x00000000000049ac      0x150 zephyr/subsys/usb/device/class/hid/libsubsys__usb__device__class__hid.a(core.c.obj)
 .text.usb_hid_register_device
                0x0000000000004afc       0x2c zephyr/subsys/usb/device/class/hid/libsubsys__usb__device__class__hid.a(core.c.obj)
                0x0000000000004afc                usb_hid_register_device
 .text.hid_int_ep_write
                0x0000000000004b28       0x44 zephyr/subsys/usb/device/class/hid/libsubsys__usb__device__class__hid.a(core.c.obj)
                0x0000000000004b28                hid_int_ep_write
 .text.endpoint_ctx
                0x0000000000004b6c       0x60 zephyr/drivers/usb/device/libdrivers__usb__device.a(usb_dc_nrfx.c.obj)
 .text.usbd_work_schedule
                0x0000000000004bcc       0x10 zephyr/drivers/usb/device/libdrivers__usb__device.a(usb_dc_nrfx.c.obj)
 .text.usbd_evt_put
                0x0000000000004bdc        0xc zephyr/drivers/usb/device/libdrivers__usb__device.a(usb_dc_nrfx.c.obj)
 .text.usbd_evt_get
                0x0000000000004be8       0x10 zephyr/drivers/usb/device/libdrivers__usb__device.a(usb_dc_nrfx.c.obj)
 .text.usbd_evt_flush
                0x0000000000004bf8       0x1c zephyr/drivers/usb/device/libdrivers__usb__device.a(usb_dc_nrfx.c.obj)
 .text.usbd_evt_alloc
                0x0000000000004c14       0x78 zephyr/drivers/usb/device/libdrivers__usb__device.a(usb_dc_nrfx.c.obj)
 .text.usb_dc_power_event_handler
                0x0000000000004c8c       0x5c zephyr/drivers/usb/device/libdrivers__usb__device.a(usb_dc_nrfx.c.obj)
 .text.usbd_event_transfer_data
                0x0000000000004ce8       0xe0 zephyr/drivers/usb/device/libdrivers__usb__device.a(usb_dc_nrfx.c.obj)
 .text.usb_init
                0x0000000000004dc8       0x70 zephyr/drivers/usb/device/libdrivers__usb__device.a(usb_dc_nrfx.c.obj)
 .text.hfxo_stop.constprop.0.isra.0
                0x0000000000004e38       0x40 zephyr/drivers/usb/device/libdrivers__usb__device.a(usb_dc_nrfx.c.obj)
 .text.usbd_event_handler
                0x0000000000004e78      0x174 zephyr/drivers/usb/device/libdrivers__usb__device.a(usb_dc_nrfx.c.obj)
 .text.eps_ctx_init
                0x0000000000004fec       0x68 zephyr/drivers/usb/device/libdrivers__usb__device.a(usb_dc_nrfx.c.obj)
 .text.usbd_work_handler
                0x0000000000005054      0x3a4 zephyr/drivers/usb/device/libdrivers__usb__device.a(usb_dc_nrfx.c.obj)
 .text.usb_dc_attach
                0x00000000000053f8       0x64 zephyr/drivers/usb/device/libdrivers__usb__device.a(usb_dc_nrfx.c.obj)
                0x00000000000053f8                usb_dc_attach
 .text.usb_dc_set_address
                0x000000000000545c       0x24 zephyr/drivers/usb/device/libdrivers__usb__device.a(usb_dc_nrfx.c.obj)
                0x000000000000545c                usb_dc_set_address
 .text.usb_dc_ep_check_cap
                0x0000000000005480       0x64 zephyr/drivers/usb/device/libdrivers__usb__device.a(usb_dc_nrfx.c.obj)
                0x0000000000005480                usb_dc_ep_check_cap
 .text.usb_dc_ep_configure
                0x00000000000054e4       0x68 zephyr/drivers/usb/device/libdrivers__usb__device.a(usb_dc_nrfx.c.obj)
                0x00000000000054e4                usb_dc_ep_configure
 .text.usb_dc_ep_set_stall
                0x000000000000554c       0x74 zephyr/drivers/usb/device/libdrivers__usb__device.a(usb_dc_nrfx.c.obj)
                0x000000000000554c                usb_dc_ep_set_stall
 .text.usb_dc_ep_clear_stall
                0x00000000000055c0       0x40 zephyr/drivers/usb/device/libdrivers__usb__device.a(usb_dc_nrfx.c.obj)
                0x00000000000055c0                usb_dc_ep_clear_stall
 .text.usb_dc_ep_is_stalled
                0x0000000000005600       0x38 zephyr/drivers/usb/device/libdrivers__usb__device.a(usb_dc_nrfx.c.obj)
                0x0000000000005600                usb_dc_ep_is_stalled
 .text.usb_dc_ep_enable
                0x0000000000005638       0x54 zephyr/drivers/usb/device/libdrivers__usb__device.a(usb_dc_nrfx.c.obj)
                0x0000000000005638                usb_dc_ep_enable
 .text.usb_dc_ep_write
                0x000000000000568c      0x144 zephyr/drivers/usb/device/libdrivers__usb__device.a(usb_dc_nrfx.c.obj)
                0x000000000000568c                usb_dc_ep_write
 .text.usb_dc_ep_read_wait
                0x00000000000057d0       0xcc zephyr/drivers/usb/device/libdrivers__usb__device.a(usb_dc_nrfx.c.obj)
                0x00000000000057d0                usb_dc_ep_read_wait
 .text.usb_dc_ep_read_continue
                0x000000000000589c       0xb0 zephyr/drivers/usb/device/libdrivers__usb__device.a(usb_dc_nrfx.c.obj)
                0x000000000000589c                usb_dc_ep_read_continue
 .text.usb_dc_ep_set_callback
                0x000000000000594c       0x28 zephyr/drivers/usb/device/libdrivers__usb__device.a(usb_dc_nrfx.c.obj)
                0x000000000000594c                usb_dc_ep_set_callback
 .text.usb_dc_set_status_callback
                0x0000000000005974        0xc zephyr/drivers/usb/device/libdrivers__usb__device.a(usb_dc_nrfx.c.obj)
                0x0000000000005974                usb_dc_set_status_callback
 .text.usb_dc_ep_mps
                0x0000000000005980       0x24 zephyr/drivers/usb/device/libdrivers__usb__device.a(usb_dc_nrfx.c.obj)
                0x0000000000005980                usb_dc_ep_mps
 .text.onoff_stop
                0x00000000000059a4       0x30 zephyr/drivers/clock_control/libdrivers__clock_control.a(clock_control_nrf.c.obj)
 .text.onoff_start
                0x00000000000059d4       0x44 zephyr/drivers/clock_control/libdrivers__clock_control.a(clock_control_nrf.c.obj)
 .text.clk_init
                0x0000000000005a18       0x58 zephyr/drivers/clock_control/libdrivers__clock_control.a(clock_control_nrf.c.obj)
 .text.clkstarted_handle.constprop.0
                0x0000000000005a70       0x34 zephyr/drivers/clock_control/libdrivers__clock_control.a(clock_control_nrf.c.obj)
 .text.clock_event_handler
                0x0000000000005aa4       0x1c zephyr/drivers/clock_control/libdrivers__clock_control.a(clock_control_nrf.c.obj)
 .text.generic_hfclk_start
                0x0000000000005ac0       0x64 zephyr/drivers/clock_control/libdrivers__clock_control.a(clock_control_nrf.c.obj)
 .text.api_blocking_start
                0x0000000000005b24       0x34 zephyr/drivers/clock_control/libdrivers__clock_control.a(clock_control_nrf.c.obj)
 .text.generic_hfclk_stop
                0x0000000000005b58       0x34 zephyr/drivers/clock_control/libdrivers__clock_control.a(clock_control_nrf.c.obj)
 .text.z_nrf_clock_control_get_onoff
                0x0000000000005b8c       0x10 zephyr/drivers/clock_control/libdrivers__clock_control.a(clock_control_nrf.c.obj)
                0x0000000000005b8c                z_nrf_clock_control_get_onoff
 .text.z_nrf_clock_control_lf_on
                0x0000000000005b9c       0xfc zephyr/drivers/clock_control/libdrivers__clock_control.a(clock_control_nrf.c.obj)
                0x0000000000005b9c                z_nrf_clock_control_lf_on
 .text.gpio_nrfx_pin_interrupt_configure
                0x0000000000005c98       0xd4 zephyr/drivers/gpio/libdrivers__gpio.a(gpio_nrfx.c.obj)
 .text.gpio_nrfx_init
                0x0000000000005d6c       0x38 zephyr/drivers/gpio/libdrivers__gpio.a(gpio_nrfx.c.obj)
 .text.nrfx_gpio_handler
                0x0000000000005da4       0x4c zephyr/drivers/gpio/libdrivers__gpio.a(gpio_nrfx.c.obj)
 .text.gpio_nrfx_pin_configure
                0x0000000000005df0      0x128 zephyr/drivers/gpio/libdrivers__gpio.a(gpio_nrfx.c.obj)
 .text.i2c_nrfx_twim_init
                0x0000000000005f18       0x7c zephyr/drivers/i2c/libdrivers__i2c.a(i2c_nrfx_twim.c.obj)
 .text.i2c_nrfx_twim_recover_bus
                0x0000000000005f94       0x3c zephyr/drivers/i2c/libdrivers__i2c.a(i2c_nrfx_twim.c.obj)
 .text.event_handler
                0x0000000000005fd0       0x34 zephyr/drivers/i2c/libdrivers__i2c.a(i2c_nrfx_twim.c.obj)
 .text.i2c_nrfx_twim_configure
                0x0000000000006004       0x54 zephyr/drivers/i2c/libdrivers__i2c.a(i2c_nrfx_twim.c.obj)
 .text.i2c_nrfx_twim_transfer
                0x0000000000006058      0x264 zephyr/drivers/i2c/libdrivers__i2c.a(i2c_nrfx_twim.c.obj)
 .text.pinctrl_configure_pins
                0x00000000000062bc       0x78 zephyr/drivers/pinctrl/libdrivers__pinctrl.a(pinctrl_nrf.c.obj)
                0x00000000000062bc                pinctrl_configure_pins
 .text.as5600_initialize
                0x0000000000006334       0x40 zephyr/drivers/sensor/ams_as5600/libdrivers__sensor__ams_as5600.a(ams_as5600.c.obj)
 .text.hfclk_on_callback
                0x0000000000006374        0xc zephyr/drivers/sensor/nrf5/libdrivers__sensor__nrf5.a(temp_nrf5.c.obj)
 .text.temp_nrf5_channel_get
                0x0000000000006380       0x2c zephyr/drivers/sensor/nrf5/libdrivers__sensor__nrf5.a(temp_nrf5.c.obj)
 .text.temp_nrf5_isr
                0x00000000000063ac       0x18 zephyr/drivers/sensor/nrf5/libdrivers__sensor__nrf5.a(temp_nrf5.c.obj)
 .text.temp_nrf5_sample_fetch
                0x00000000000063c4       0x78 zephyr/drivers/sensor/nrf5/libdrivers__sensor__nrf5.a(temp_nrf5.c.obj)
 .text.temp_nrf5_init
                0x000000000000643c       0x40 zephyr/drivers/sensor/nrf5/libdrivers__sensor__nrf5.a(temp_nrf5.c.obj)
 .text.compare_int_lock
                0x000000000000647c       0x48 zephyr/drivers/timer/libdrivers__timer.a(nrf_rtc_timer.c.obj)
 .text.sys_clock_timeout_handler
                0x00000000000064c4       0x48 zephyr/drivers/timer/libdrivers__timer.a(nrf_rtc_timer.c.obj)
 .text.compare_int_unlock
                0x000000000000650c       0x5c zephyr/drivers/timer/libdrivers__timer.a(nrf_rtc_timer.c.obj)
 .text.z_nrf_rtc_timer_read
                0x0000000000006568       0x44 zephyr/drivers/timer/libdrivers__timer.a(nrf_rtc_timer.c.obj)
                0x0000000000006568                z_nrf_rtc_timer_read
 .text.compare_set
                0x00000000000065ac      0x11c zephyr/drivers/timer/libdrivers__timer.a(nrf_rtc_timer.c.obj)
 .text.sys_clock_driver_init
                0x00000000000066c8       0x8c zephyr/drivers/timer/libdrivers__timer.a(nrf_rtc_timer.c.obj)
 .text.rtc_nrf_isr
                0x0000000000006754       0xd4 zephyr/drivers/timer/libdrivers__timer.a(nrf_rtc_timer.c.obj)
                0x0000000000006754                rtc_nrf_isr
 .text.sys_clock_set_timeout
                0x0000000000006828       0x64 zephyr/drivers/timer/libdrivers__timer.a(nrf_rtc_timer.c.obj)
                0x0000000000006828                sys_clock_set_timeout
 .text.sys_clock_elapsed
                0x000000000000688c       0x14 zephyr/drivers/timer/libdrivers__timer.a(nrf_rtc_timer.c.obj)
                0x000000000000688c                sys_clock_elapsed
 .text.sys_clock_disable
                0x00000000000068a0       0x30 zephyr/drivers/timer/libdrivers__timer.a(nrf_rtc_timer.c.obj)
                0x00000000000068a0                sys_clock_disable
 .text.k_sys_fatal_error_handler
                0x00000000000068d0       0x2c modules/nrf/lib/fatal_error/lib..__nrf__lib__fatal_error.a(fatal_error.c.obj)
                0x00000000000068d0                k_sys_fatal_error_handler
 .text.nrf52_errata_98
                0x00000000000068fc       0x24 modules/hal_nordic/nrfx/libmodules__hal_nordic__nrfx.a(system_nrf52840.c.obj)
 .text.nvmc_wait
                0x0000000000006920       0x10 modules/hal_nordic/nrfx/libmodules__hal_nordic__nrfx.a(system_nrf52840.c.obj)
                0x0000000000006920                nvmc_wait
 .text.SystemInit
                0x0000000000006930      0x1bc modules/hal_nordic/nrfx/libmodules__hal_nordic__nrfx.a(system_nrf52840.c.obj)
                0x0000000000006930                SystemInit
 .text.nrfx_flag32_alloc
                0x0000000000006aec       0x40 modules/hal_nordic/nrfx/libmodules__hal_nordic__nrfx.a(nrfx_flag32_allocator.c.obj)
                0x0000000000006aec                nrfx_flag32_alloc
 .text.nrfx_flag32_free
                0x0000000000006b2c       0x40 modules/hal_nordic/nrfx/libmodules__hal_nordic__nrfx.a(nrfx_flag32_allocator.c.obj)
                0x0000000000006b2c                nrfx_flag32_free
 .text.clock_stop
                0x0000000000006b6c       0xc8 modules/hal_nordic/nrfx/libmodules__hal_nordic__nrfx.a(nrfx_clock.c.obj)
 .text.nrfx_clock_init
                0x0000000000006c34       0x20 modules/hal_nordic/nrfx/libmodules__hal_nordic__nrfx.a(nrfx_clock.c.obj)
                0x0000000000006c34                nrfx_clock_init
 .text.nrfx_clock_enable
                0x0000000000006c54       0x24 modules/hal_nordic/nrfx/libmodules__hal_nordic__nrfx.a(nrfx_clock.c.obj)
                0x0000000000006c54                nrfx_clock_enable
 .text.nrfx_clock_irq_handler
                0x0000000000006c78       0x68 modules/hal_nordic/nrfx/libmodules__hal_nordic__nrfx.a(nrfx_clock.c.obj)
                0x0000000000006c78                nrfx_clock_irq_handler
 .text.nrf_gpio_pin_port_decode
                0x0000000000006ce0       0x1c modules/hal_nordic/nrfx/libmodules__hal_nordic__nrfx.a(nrfx_gpiote.c.obj)
 .text.pin_in_use_by_te
                0x0000000000006cfc       0x14 modules/hal_nordic/nrfx/libmodules__hal_nordic__nrfx.a(nrfx_gpiote.c.obj)
 .text.call_handler
                0x0000000000006d10       0x3c modules/hal_nordic/nrfx/libmodules__hal_nordic__nrfx.a(nrfx_gpiote.c.obj)
 .text.release_handler
                0x0000000000006d4c       0x54 modules/hal_nordic/nrfx/libmodules__hal_nordic__nrfx.a(nrfx_gpiote.c.obj)
 .text.pin_handler_trigger_uninit
                0x0000000000006da0       0x38 modules/hal_nordic/nrfx/libmodules__hal_nordic__nrfx.a(nrfx_gpiote.c.obj)
 .text.nrfx_gpiote_input_configure
                0x0000000000006dd8      0x15c modules/hal_nordic/nrfx/libmodules__hal_nordic__nrfx.a(nrfx_gpiote.c.obj)
                0x0000000000006dd8                nrfx_gpiote_input_configure
 .text.nrfx_gpiote_output_configure
                0x0000000000006f34       0xe4 modules/hal_nordic/nrfx/libmodules__hal_nordic__nrfx.a(nrfx_gpiote.c.obj)
                0x0000000000006f34                nrfx_gpiote_output_configure
 .text.nrfx_gpiote_global_callback_set
                0x0000000000007018        0xc modules/hal_nordic/nrfx/libmodules__hal_nordic__nrfx.a(nrfx_gpiote.c.obj)
                0x0000000000007018                nrfx_gpiote_global_callback_set
 .text.nrfx_gpiote_channel_get
                0x0000000000007024       0x2c modules/hal_nordic/nrfx/libmodules__hal_nordic__nrfx.a(nrfx_gpiote.c.obj)
                0x0000000000007024                nrfx_gpiote_channel_get
 .text.nrfx_gpiote_init
                0x0000000000007050       0x50 modules/hal_nordic/nrfx/libmodules__hal_nordic__nrfx.a(nrfx_gpiote.c.obj)
                0x0000000000007050                nrfx_gpiote_init
 .text.nrfx_gpiote_is_init
                0x00000000000070a0       0x14 modules/hal_nordic/nrfx/libmodules__hal_nordic__nrfx.a(nrfx_gpiote.c.obj)
                0x00000000000070a0                nrfx_gpiote_is_init
 .text.nrfx_gpiote_channel_free
                0x00000000000070b4        0xc modules/hal_nordic/nrfx/libmodules__hal_nordic__nrfx.a(nrfx_gpiote.c.obj)
                0x00000000000070b4                nrfx_gpiote_channel_free
 .text.nrfx_gpiote_channel_alloc
                0x00000000000070c0        0xc modules/hal_nordic/nrfx/libmodules__hal_nordic__nrfx.a(nrfx_gpiote.c.obj)
                0x00000000000070c0                nrfx_gpiote_channel_alloc
 .text.nrfx_gpiote_trigger_enable
                0x00000000000070cc       0x90 modules/hal_nordic/nrfx/libmodules__hal_nordic__nrfx.a(nrfx_gpiote.c.obj)
                0x00000000000070cc                nrfx_gpiote_trigger_enable
 .text.nrfx_gpiote_trigger_disable
                0x000000000000715c       0x50 modules/hal_nordic/nrfx/libmodules__hal_nordic__nrfx.a(nrfx_gpiote.c.obj)
                0x000000000000715c                nrfx_gpiote_trigger_disable
 .text.nrfx_gpiote_pin_uninit
                0x00000000000071ac       0x48 modules/hal_nordic/nrfx/libmodules__hal_nordic__nrfx.a(nrfx_gpiote.c.obj)
                0x00000000000071ac                nrfx_gpiote_pin_uninit
 .text.nrfx_gpiote_irq_handler
                0x00000000000071f4      0x1bc modules/hal_nordic/nrfx/libmodules__hal_nordic__nrfx.a(nrfx_gpiote.c.obj)
                0x00000000000071f4                nrfx_gpiote_irq_handler
 .text.nrfx_power_init
                0x00000000000073b0       0x74 modules/hal_nordic/nrfx/libmodules__hal_nordic__nrfx.a(nrfx_power.c.obj)
                0x00000000000073b0                nrfx_power_init
 .text.nrfx_power_usbevt_uninit
                0x0000000000007424       0x18 modules/hal_nordic/nrfx/libmodules__hal_nordic__nrfx.a(nrfx_power.c.obj)
                0x0000000000007424                nrfx_power_usbevt_uninit
 .text.nrfx_power_usbevt_init
                0x000000000000743c       0x14 modules/hal_nordic/nrfx/libmodules__hal_nordic__nrfx.a(nrfx_power.c.obj)
                0x000000000000743c                nrfx_power_usbevt_init
 .text.nrfx_power_irq_handler
                0x0000000000007450       0xa0 modules/hal_nordic/nrfx/libmodules__hal_nordic__nrfx.a(nrfx_power.c.obj)
                0x0000000000007450                nrfx_power_irq_handler
 .text.nrfx_twim_init
                0x00000000000074f0       0xc4 modules/hal_nordic/nrfx/libmodules__hal_nordic__nrfx.a(nrfx_twim.c.obj)
                0x00000000000074f0                nrfx_twim_init
 .text.nrfx_twim_enable
                0x00000000000075b4       0x20 modules/hal_nordic/nrfx/libmodules__hal_nordic__nrfx.a(nrfx_twim.c.obj)
                0x00000000000075b4                nrfx_twim_enable
 .text.nrfx_twim_disable
                0x00000000000075d4       0x3c modules/hal_nordic/nrfx/libmodules__hal_nordic__nrfx.a(nrfx_twim.c.obj)
                0x00000000000075d4                nrfx_twim_disable
 .text.nrfx_twim_xfer
                0x0000000000007610      0x318 modules/hal_nordic/nrfx/libmodules__hal_nordic__nrfx.a(nrfx_twim.c.obj)
                0x0000000000007610                nrfx_twim_xfer
 .text.nrfx_twim_0_irq_handler
                0x0000000000007928      0x17c modules/hal_nordic/nrfx/libmodules__hal_nordic__nrfx.a(nrfx_twim.c.obj)
                0x0000000000007928                nrfx_twim_0_irq_handler
 .text.nrf52_errata_187
                0x0000000000007aa4       0x28 modules/hal_nordic/nrfx/libmodules__hal_nordic__nrfx.a(nrfx_usbd.c.obj)
 .text.ep_state_access
                0x0000000000007acc       0x1c modules/hal_nordic/nrfx/libmodules__hal_nordic__nrfx.a(nrfx_usbd.c.obj)
 .text.ev_usbreset_handler
                0x0000000000007ae8       0x2c modules/hal_nordic/nrfx/libmodules__hal_nordic__nrfx.a(nrfx_usbd.c.obj)
 .text.ev_usbevent_handler
                0x0000000000007b14       0x74 modules/hal_nordic/nrfx/libmodules__hal_nordic__nrfx.a(nrfx_usbd.c.obj)
 .text.usbd_errata_187_211_begin
                0x0000000000007b88       0x40 modules/hal_nordic/nrfx/libmodules__hal_nordic__nrfx.a(nrfx_usbd.c.obj)
 .text.usbd_errata_187_211_end
                0x0000000000007bc8       0x40 modules/hal_nordic/nrfx/libmodules__hal_nordic__nrfx.a(nrfx_usbd.c.obj)
 .text.nrfx_usbd_feeder_flash
                0x0000000000007c08       0x38 modules/hal_nordic/nrfx/libmodules__hal_nordic__nrfx.a(nrfx_usbd.c.obj)
                0x0000000000007c08                nrfx_usbd_feeder_flash
 .text.nrfx_usbd_feeder_flash_zlp
                0x0000000000007c40       0x3c modules/hal_nordic/nrfx/libmodules__hal_nordic__nrfx.a(nrfx_usbd.c.obj)
                0x0000000000007c40                nrfx_usbd_feeder_flash_zlp
 .text.ev_sof_handler
                0x0000000000007c7c       0x44 modules/hal_nordic/nrfx/libmodules__hal_nordic__nrfx.a(nrfx_usbd.c.obj)
 .text.atomic_and.constprop.0.isra.0
                0x0000000000007cc0       0x20 modules/hal_nordic/nrfx/libmodules__hal_nordic__nrfx.a(nrfx_usbd.c.obj)
 .text.usbd_dma_pending_clear
                0x0000000000007ce0       0x24 modules/hal_nordic/nrfx/libmodules__hal_nordic__nrfx.a(nrfx_usbd.c.obj)
 .text.nrf_usbd_ep0in_dma_handler
                0x0000000000007d04       0x2c modules/hal_nordic/nrfx/libmodules__hal_nordic__nrfx.a(nrfx_usbd.c.obj)
 .text.usbd_ep_data_handler
                0x0000000000007d30       0x8c modules/hal_nordic/nrfx/libmodules__hal_nordic__nrfx.a(nrfx_usbd.c.obj)
 .text.ev_setup_data_handler
                0x0000000000007dbc       0x1c modules/hal_nordic/nrfx/libmodules__hal_nordic__nrfx.a(nrfx_usbd.c.obj)
 .text.ev_dma_epout8_handler
                0x0000000000007dd8       0x40 modules/hal_nordic/nrfx/libmodules__hal_nordic__nrfx.a(nrfx_usbd.c.obj)
 .text.ev_dma_epin8_handler
                0x0000000000007e18       0x50 modules/hal_nordic/nrfx/libmodules__hal_nordic__nrfx.a(nrfx_usbd.c.obj)
 .text.nrfx_usbd_uninit
                0x0000000000007e68       0x14 modules/hal_nordic/nrfx/libmodules__hal_nordic__nrfx.a(nrfx_usbd.c.obj)
                0x0000000000007e68                nrfx_usbd_uninit
 .text.nrfx_usbd_enable
                0x0000000000007e7c      0x14c modules/hal_nordic/nrfx/libmodules__hal_nordic__nrfx.a(nrfx_usbd.c.obj)
                0x0000000000007e7c                nrfx_usbd_enable
 .text.nrfx_usbd_start
                0x0000000000007fc8       0x3c modules/hal_nordic/nrfx/libmodules__hal_nordic__nrfx.a(nrfx_usbd.c.obj)
                0x0000000000007fc8                nrfx_usbd_start
 .text.nrfx_usbd_is_enabled
                0x0000000000008004       0x14 modules/hal_nordic/nrfx/libmodules__hal_nordic__nrfx.a(nrfx_usbd.c.obj)
                0x0000000000008004                nrfx_usbd_is_enabled
 .text.nrfx_usbd_suspend
                0x0000000000008018       0x58 modules/hal_nordic/nrfx/libmodules__hal_nordic__nrfx.a(nrfx_usbd.c.obj)
                0x0000000000008018                nrfx_usbd_suspend
 .text.nrfx_usbd_init
                0x0000000000008070       0x84 modules/hal_nordic/nrfx/libmodules__hal_nordic__nrfx.a(nrfx_usbd.c.obj)
                0x0000000000008070                nrfx_usbd_init
 .text.nrfx_usbd_ep_transfer
                0x00000000000080f4       0xf4 modules/hal_nordic/nrfx/libmodules__hal_nordic__nrfx.a(nrfx_usbd.c.obj)
                0x00000000000080f4                nrfx_usbd_ep_transfer
 .text.nrfx_usbd_epout_size_get
                0x00000000000081e8       0x28 modules/hal_nordic/nrfx/libmodules__hal_nordic__nrfx.a(nrfx_usbd.c.obj)
                0x00000000000081e8                nrfx_usbd_epout_size_get
 .text.usbd_dmareq_process
                0x0000000000008210      0x188 modules/hal_nordic/nrfx/libmodules__hal_nordic__nrfx.a(nrfx_usbd.c.obj)
 .text.ev_epdata_handler
                0x0000000000008398       0x44 modules/hal_nordic/nrfx/libmodules__hal_nordic__nrfx.a(nrfx_usbd.c.obj)
 .text.nrf_usbd_epout_dma_handler
                0x00000000000083dc       0x64 modules/hal_nordic/nrfx/libmodules__hal_nordic__nrfx.a(nrfx_usbd.c.obj)
 .text.nrfx_usbd_ep_stall
                0x0000000000008440       0x10 modules/hal_nordic/nrfx/libmodules__hal_nordic__nrfx.a(nrfx_usbd.c.obj)
                0x0000000000008440                nrfx_usbd_ep_stall
 .text.nrfx_usbd_ep_stall_check
                0x0000000000008450       0x34 modules/hal_nordic/nrfx/libmodules__hal_nordic__nrfx.a(nrfx_usbd.c.obj)
                0x0000000000008450                nrfx_usbd_ep_stall_check
 .text.nrfx_usbd_ep_dtoggle_clear
                0x0000000000008484       0x18 modules/hal_nordic/nrfx/libmodules__hal_nordic__nrfx.a(nrfx_usbd.c.obj)
                0x0000000000008484                nrfx_usbd_ep_dtoggle_clear
 .text.nrfx_usbd_setup_get
                0x000000000000849c       0x4c modules/hal_nordic/nrfx/libmodules__hal_nordic__nrfx.a(nrfx_usbd.c.obj)
                0x000000000000849c                nrfx_usbd_setup_get
 .text.nrfx_usbd_setup_data_clear
                0x00000000000084e8       0x10 modules/hal_nordic/nrfx/libmodules__hal_nordic__nrfx.a(nrfx_usbd.c.obj)
                0x00000000000084e8                nrfx_usbd_setup_data_clear
 .text.ev_dma_epout0_handler
                0x00000000000084f8       0x50 modules/hal_nordic/nrfx/libmodules__hal_nordic__nrfx.a(nrfx_usbd.c.obj)
 .text.nrfx_usbd_setup_clear
                0x0000000000008548       0x10 modules/hal_nordic/nrfx/libmodules__hal_nordic__nrfx.a(nrfx_usbd.c.obj)
                0x0000000000008548                nrfx_usbd_setup_clear
 .text.nrfx_usbd_setup_stall
                0x0000000000008558       0x10 modules/hal_nordic/nrfx/libmodules__hal_nordic__nrfx.a(nrfx_usbd.c.obj)
                0x0000000000008558                nrfx_usbd_setup_stall
 .text.nrfx_usbd_last_setup_dir_get
                0x0000000000008568        0xc modules/hal_nordic/nrfx/libmodules__hal_nordic__nrfx.a(nrfx_usbd.c.obj)
                0x0000000000008568                nrfx_usbd_last_setup_dir_get
 .text.nrfx_usbd_transfer_out_drop
                0x0000000000008574       0x54 modules/hal_nordic/nrfx/libmodules__hal_nordic__nrfx.a(nrfx_usbd.c.obj)
                0x0000000000008574                nrfx_usbd_transfer_out_drop
 .text.usbd_ep_abort
                0x00000000000085c8       0xf4 modules/hal_nordic/nrfx/libmodules__hal_nordic__nrfx.a(nrfx_usbd.c.obj)
 .text.ev_setup_handler
                0x00000000000086bc       0x68 modules/hal_nordic/nrfx/libmodules__hal_nordic__nrfx.a(nrfx_usbd.c.obj)
 .text.nrfx_usbd_irq_handler
                0x0000000000008724       0x7c modules/hal_nordic/nrfx/libmodules__hal_nordic__nrfx.a(nrfx_usbd.c.obj)
                0x0000000000008724                nrfx_usbd_irq_handler
 .text.nrfx_usbd_stop
                0x00000000000087a0       0x80 modules/hal_nordic/nrfx/libmodules__hal_nordic__nrfx.a(nrfx_usbd.c.obj)
                0x00000000000087a0                nrfx_usbd_stop
 .text.nrfx_usbd_disable
                0x0000000000008820       0x30 modules/hal_nordic/nrfx/libmodules__hal_nordic__nrfx.a(nrfx_usbd.c.obj)
                0x0000000000008820                nrfx_usbd_disable
 .text.nrfx_usbd_ep_disable
                0x0000000000008850       0x58 modules/hal_nordic/nrfx/libmodules__hal_nordic__nrfx.a(nrfx_usbd.c.obj)
                0x0000000000008850                nrfx_usbd_ep_disable
 .text.nrfx_usbd_ep_enable
                0x00000000000088a8       0xa8 modules/hal_nordic/nrfx/libmodules__hal_nordic__nrfx.a(nrfx_usbd.c.obj)
                0x00000000000088a8                nrfx_usbd_ep_enable
 .text.nrfx_usbd_ep_stall_clear
                0x0000000000008950       0x20 modules/hal_nordic/nrfx/libmodules__hal_nordic__nrfx.a(nrfx_usbd.c.obj)
                0x0000000000008950                nrfx_usbd_ep_stall_clear
 .text.nrf_gpio_pin_port_decode
                0x0000000000008970       0x1c modules/hal_nordic/nrfx/libmodules__hal_nordic__nrfx.a(nrfx_twi_twim.c.obj)
 .text.nrfx_twi_twim_bus_recover
                0x000000000000898c       0xc8 modules/hal_nordic/nrfx/libmodules__hal_nordic__nrfx.a(nrfx_twi_twim.c.obj)
                0x000000000000898c                nrfx_twi_twim_bus_recover
 .text.z_impl_device_get_binding
                0x0000000000008a54       0x54 zephyr/kernel/libkernel.a(device.c.obj)
                0x0000000000008a54                z_impl_device_get_binding
 .text.z_fatal_error
                0x0000000000008aa8       0xfc zephyr/kernel/libkernel.a(fatal.c.obj)
                0x0000000000008aa8                z_fatal_error
 .text.z_sys_init_run_level
                0x0000000000008ba4       0x48 zephyr/kernel/libkernel.a(init.c.obj)
 .text.bg_thread_main
                0x0000000000008bec       0x34 zephyr/kernel/libkernel.a(init.c.obj)
 .text.z_bss_zero
                0x0000000000008c20       0x18 zephyr/kernel/libkernel.a(init.c.obj)
                0x0000000000008c20                z_bss_zero
 .text.z_init_cpu
                0x0000000000008c38       0x70 zephyr/kernel/libkernel.a(init.c.obj)
                0x0000000000008c38                z_init_cpu
 .text.z_cstart
                0x0000000000008ca8       0xe0 zephyr/kernel/libkernel.a(init.c.obj)
                0x0000000000008ca8                z_cstart
 .text.init_mem_slab_module
                0x0000000000008d88       0x24 zephyr/kernel/libkernel.a(mem_slab.c.obj)
 .text.k_mem_slab_alloc
                0x0000000000008dac       0x5c zephyr/kernel/libkernel.a(mem_slab.c.obj)
                0x0000000000008dac                k_mem_slab_alloc
 .text.z_setup_new_thread
                0x0000000000008e08       0x64 zephyr/kernel/libkernel.a(thread.c.obj)
                0x0000000000008e08                z_setup_new_thread
 .text.z_impl_k_thread_create
                0x0000000000008e6c       0x58 zephyr/kernel/libkernel.a(thread.c.obj)
                0x0000000000008e6c                z_impl_k_thread_create
 .text.z_init_static_threads
                0x0000000000008ec4       0xb8 zephyr/kernel/libkernel.a(thread.c.obj)
                0x0000000000008ec4                z_init_static_threads
 .text.idle     0x0000000000008f7c       0x38 zephyr/kernel/libkernel.a(idle.c.obj)
                0x0000000000008f7c                idle
 .text.z_impl_k_mutex_lock
                0x0000000000008fb4       0xf4 zephyr/kernel/libkernel.a(mutex.c.obj)
                0x0000000000008fb4                z_impl_k_mutex_lock
 .text.z_impl_k_mutex_unlock
                0x00000000000090a8       0x78 zephyr/kernel/libkernel.a(mutex.c.obj)
                0x00000000000090a8                z_impl_k_mutex_unlock
 .text.z_impl_k_queue_get
                0x0000000000009120       0x68 zephyr/kernel/libkernel.a(queue.c.obj)
                0x0000000000009120                z_impl_k_queue_get
 .text.z_impl_k_sem_give
                0x0000000000009188       0x40 zephyr/kernel/libkernel.a(sem.c.obj)
                0x0000000000009188                z_impl_k_sem_give
 .text.z_impl_k_sem_take
                0x00000000000091c8       0x50 zephyr/kernel/libkernel.a(sem.c.obj)
                0x00000000000091c8                z_impl_k_sem_take
 .text.k_sys_work_q_init
                0x0000000000009218       0x34 zephyr/kernel/libkernel.a(system_work_q.c.obj)
 .text.work_queue_main
                0x000000000000924c      0x138 zephyr/kernel/libkernel.a(work.c.obj)
 .text.submit_to_queue_locked
                0x0000000000009384       0xb4 zephyr/kernel/libkernel.a(work.c.obj)
 .text.k_work_submit
                0x0000000000009438        0xc zephyr/kernel/libkernel.a(work.c.obj)
                0x0000000000009438                k_work_submit
 .text.k_work_queue_start
                0x0000000000009444       0x70 zephyr/kernel/libkernel.a(work.c.obj)
                0x0000000000009444                k_work_queue_start
 .text.sliceable
                0x00000000000094b4       0x3c zephyr/kernel/libkernel.a(sched.c.obj)
 .text.slice_timeout
                0x00000000000094f0       0x20 zephyr/kernel/libkernel.a(sched.c.obj)
 .text.z_reset_time_slice
                0x0000000000009510       0x50 zephyr/kernel/libkernel.a(sched.c.obj)
                0x0000000000009510                z_reset_time_slice
 .text.update_cache
                0x0000000000009560       0x3c zephyr/kernel/libkernel.a(sched.c.obj)
 .text.move_thread_to_end_of_prio_q
                0x000000000000959c       0x74 zephyr/kernel/libkernel.a(sched.c.obj)
 .text.ready_thread
                0x0000000000009610       0x68 zephyr/kernel/libkernel.a(sched.c.obj)
 .text.unready_thread
                0x0000000000009678       0x30 zephyr/kernel/libkernel.a(sched.c.obj)
 .text.pend_locked
                0x00000000000096a8       0x30 zephyr/kernel/libkernel.a(sched.c.obj)
 .text.z_time_slice
                0x00000000000096d8       0x60 zephyr/kernel/libkernel.a(sched.c.obj)
                0x00000000000096d8                z_time_slice
 .text.z_pend_curr
                0x0000000000009738       0x3c zephyr/kernel/libkernel.a(sched.c.obj)
                0x0000000000009738                z_pend_curr
 .text.z_set_prio
                0x0000000000009774       0x8c zephyr/kernel/libkernel.a(sched.c.obj)
                0x0000000000009774                z_set_prio
 .text.z_reschedule
                0x0000000000009800       0x24 zephyr/kernel/libkernel.a(sched.c.obj)
                0x0000000000009800                z_reschedule
 .text.z_sched_start
                0x0000000000009824       0x3c zephyr/kernel/libkernel.a(sched.c.obj)
                0x0000000000009824                z_sched_start
 .text.z_impl_k_thread_suspend
                0x0000000000009860       0x64 zephyr/kernel/libkernel.a(sched.c.obj)
                0x0000000000009860                z_impl_k_thread_suspend
 .text.k_sched_lock
                0x00000000000098c4       0x28 zephyr/kernel/libkernel.a(sched.c.obj)
                0x00000000000098c4                k_sched_lock
 .text.k_sched_unlock
                0x00000000000098ec       0x38 zephyr/kernel/libkernel.a(sched.c.obj)
                0x00000000000098ec                k_sched_unlock
 .text.z_sched_init
                0x0000000000009924       0x10 zephyr/kernel/libkernel.a(sched.c.obj)
                0x0000000000009924                z_sched_init
 .text.z_impl_k_yield
                0x0000000000009934       0x7c zephyr/kernel/libkernel.a(sched.c.obj)
                0x0000000000009934                z_impl_k_yield
 .text.z_tick_sleep
                0x00000000000099b0       0x88 zephyr/kernel/libkernel.a(sched.c.obj)
 .text.z_impl_k_sleep
                0x0000000000009a38       0x34 zephyr/kernel/libkernel.a(sched.c.obj)
                0x0000000000009a38                z_impl_k_sleep
 .text.z_impl_k_usleep
                0x0000000000009a6c       0x34 zephyr/kernel/libkernel.a(sched.c.obj)
                0x0000000000009a6c                z_impl_k_usleep
 .text.z_impl_z_current_get
                0x0000000000009aa0        0xc zephyr/kernel/libkernel.a(sched.c.obj)
                0x0000000000009aa0                z_impl_z_current_get
 .text.z_thread_abort
                0x0000000000009aac       0xc0 zephyr/kernel/libkernel.a(sched.c.obj)
                0x0000000000009aac                z_thread_abort
 .text.z_sched_wait
                0x0000000000009b6c       0x24 zephyr/kernel/libkernel.a(sched.c.obj)
                0x0000000000009b6c                z_sched_wait
 .text.z_data_copy
                0x0000000000009b90       0x34 zephyr/kernel/libkernel.a(xip.c.obj)
                0x0000000000009b90                z_data_copy
 .text.elapsed  0x0000000000009bc4       0x14 zephyr/kernel/libkernel.a(timeout.c.obj)
 .text.next_timeout
                0x0000000000009bd8       0x40 zephyr/kernel/libkernel.a(timeout.c.obj)
 .text.remove_timeout
                0x0000000000009c18       0x38 zephyr/kernel/libkernel.a(timeout.c.obj)
 .text.z_add_timeout
                0x0000000000009c50       0xec zephyr/kernel/libkernel.a(timeout.c.obj)
                0x0000000000009c50                z_add_timeout
 .text.sys_clock_announce
                0x0000000000009d3c       0xd4 zephyr/kernel/libkernel.a(timeout.c.obj)
                0x0000000000009d3c                sys_clock_announce
 .text.sys_clock_tick_get
                0x0000000000009e10       0x34 zephyr/kernel/libkernel.a(timeout.c.obj)
                0x0000000000009e10                sys_clock_tick_get
 .text.z_timer_expiration_handler
                0x0000000000009e44       0xe4 zephyr/kernel/libkernel.a(timer.c.obj)
                0x0000000000009e44                z_timer_expiration_handler
 .text.z_impl_k_timer_start
                0x0000000000009f28       0x60 zephyr/kernel/libkernel.a(timer.c.obj)
                0x0000000000009f28                z_impl_k_timer_start
 .text.z_thread_aligned_alloc
                0x0000000000009f88       0x40 zephyr/kernel/libkernel.a(mempool.c.obj)
                0x0000000000009f88                z_thread_aligned_alloc
 .text.boot_banner
                0x0000000000009fc8        0xc zephyr/kernel/libkernel.a(banner.c.obj)
                0x0000000000009fc8                boot_banner
 .text.statics_init
                0x0000000000009fd4       0x24 zephyr/kernel/libkernel.a(kheap.c.obj)
 .text.nrf_cc3xx_platform_init_no_rng
                0x0000000000009ff8       0x38 /opt/nordic/ncs/v2.4.0/nrfxlib/crypto/nrf_cc310_platform/lib/cortex-m4/soft-float/no-interrupts/libnrf_cc310_platform_0.9.17.a(nrf_cc3xx_platform.c.obj)
                0x0000000000009ff8                nrf_cc3xx_platform_init_no_rng
 .text.nrf_cc3xx_platform_abort
                0x000000000000a030       0x24 /opt/nordic/ncs/v2.4.0/nrfxlib/crypto/nrf_cc310_platform/lib/cortex-m4/soft-float/no-interrupts/libnrf_cc310_platform_0.9.17.a(nrf_cc3xx_platform_abort.c.obj)
 .text.CC_PalAbort
                0x000000000000a054       0x34 /opt/nordic/ncs/v2.4.0/nrfxlib/crypto/nrf_cc310_platform/lib/cortex-m4/soft-float/no-interrupts/libnrf_cc310_platform_0.9.17.a(nrf_cc3xx_platform_abort.c.obj)
                0x000000000000a054                CC_PalAbort
 .text.nrf_cc3xx_platform_set_abort
                0x000000000000a088       0x10 /opt/nordic/ncs/v2.4.0/nrfxlib/crypto/nrf_cc310_platform/lib/cortex-m4/soft-float/no-interrupts/libnrf_cc310_platform_0.9.17.a(nrf_cc3xx_platform_abort.c.obj)
                0x000000000000a088                nrf_cc3xx_platform_set_abort
 .text.mutex_free
                0x000000000000a098       0x34 /opt/nordic/ncs/v2.4.0/nrfxlib/crypto/nrf_cc310_platform/lib/cortex-m4/soft-float/no-interrupts/libnrf_cc310_platform_0.9.17.a(nrf_cc3xx_platform_mutex.c.obj)
 .text.mutex_lock
                0x000000000000a0cc       0x48 /opt/nordic/ncs/v2.4.0/nrfxlib/crypto/nrf_cc310_platform/lib/cortex-m4/soft-float/no-interrupts/libnrf_cc310_platform_0.9.17.a(nrf_cc3xx_platform_mutex.c.obj)
 .text.mutex_unlock
                0x000000000000a114       0x38 /opt/nordic/ncs/v2.4.0/nrfxlib/crypto/nrf_cc310_platform/lib/cortex-m4/soft-float/no-interrupts/libnrf_cc310_platform_0.9.17.a(nrf_cc3xx_platform_mutex.c.obj)
 .text.mutex_init
                0x000000000000a14c       0x20 /opt/nordic/ncs/v2.4.0/nrfxlib/crypto/nrf_cc310_platform/lib/cortex-m4/soft-float/no-interrupts/libnrf_cc310_platform_0.9.17.a(nrf_cc3xx_platform_mutex.c.obj)
 .text.nrf_cc3xx_platform_set_mutexes
                0x000000000000a16c       0x74 /opt/nordic/ncs/v2.4.0/nrfxlib/crypto/nrf_cc310_platform/lib/cortex-m4/soft-float/no-interrupts/libnrf_cc310_platform_0.9.17.a(nrf_cc3xx_platform_mutex.c.obj)
                0x000000000000a16c                nrf_cc3xx_platform_set_mutexes
 .text.CC_LibInitNoRng
                0x000000000000a1e0       0x64 /opt/nordic/ncs/v2.4.0/nrfxlib/crypto/nrf_cc310_platform/lib/cortex-m4/soft-float/no-interrupts/libnrf_cc310_platform_0.9.17.a(cc_lib.c.obj)
                0x000000000000a1e0                CC_LibInitNoRng
 .text.CC_HalInit
                0x000000000000a244        0x4 /opt/nordic/ncs/v2.4.0/nrfxlib/crypto/nrf_cc310_platform/lib/cortex-m4/soft-float/no-interrupts/libnrf_cc310_platform_0.9.17.a(cc_hal.c.obj)
                0x000000000000a244                CC_HalInit
 .text.CC_HalTerminate
                0x000000000000a248        0x4 /opt/nordic/ncs/v2.4.0/nrfxlib/crypto/nrf_cc310_platform/lib/cortex-m4/soft-float/no-interrupts/libnrf_cc310_platform_0.9.17.a(cc_hal.c.obj)
                0x000000000000a248                CC_HalTerminate
 .text.CC_HalMaskInterrupt
                0x000000000000a24c        0xc /opt/nordic/ncs/v2.4.0/nrfxlib/crypto/nrf_cc310_platform/lib/cortex-m4/soft-float/no-interrupts/libnrf_cc310_platform_0.9.17.a(cc_hal.c.obj)
                0x000000000000a24c                CC_HalMaskInterrupt
 .text.CC_PalInit
                0x000000000000a258       0x5c /opt/nordic/ncs/v2.4.0/nrfxlib/crypto/nrf_cc310_platform/lib/cortex-m4/soft-float/no-interrupts/libnrf_cc310_platform_0.9.17.a(cc_pal.c.obj)
                0x000000000000a258                CC_PalInit
 .text.CC_PalTerminate
                0x000000000000a2b4       0x34 /opt/nordic/ncs/v2.4.0/nrfxlib/crypto/nrf_cc310_platform/lib/cortex-m4/soft-float/no-interrupts/libnrf_cc310_platform_0.9.17.a(cc_pal.c.obj)
                0x000000000000a2b4                CC_PalTerminate
 .text.CC_PalDmaInit
                0x000000000000a2e8        0x4 /opt/nordic/ncs/v2.4.0/nrfxlib/crypto/nrf_cc310_platform/lib/cortex-m4/soft-float/no-interrupts/libnrf_cc310_platform_0.9.17.a(cc_pal_dma.c.obj)
                0x000000000000a2e8                CC_PalDmaInit
 .text.CC_PalDmaTerminate
                0x000000000000a2ec        0x4 /opt/nordic/ncs/v2.4.0/nrfxlib/crypto/nrf_cc310_platform/lib/cortex-m4/soft-float/no-interrupts/libnrf_cc310_platform_0.9.17.a(cc_pal_dma.c.obj)
                0x000000000000a2ec                CC_PalDmaTerminate
 .text.CC_PalMutexCreate
                0x000000000000a2f0       0x14 /opt/nordic/ncs/v2.4.0/nrfxlib/crypto/nrf_cc310_platform/lib/cortex-m4/soft-float/no-interrupts/libnrf_cc310_platform_0.9.17.a(cc_pal_mutex.c.obj)
                0x000000000000a2f0                CC_PalMutexCreate
 .text.CC_PalMutexDestroy
                0x000000000000a304       0x14 /opt/nordic/ncs/v2.4.0/nrfxlib/crypto/nrf_cc310_platform/lib/cortex-m4/soft-float/no-interrupts/libnrf_cc310_platform_0.9.17.a(cc_pal_mutex.c.obj)
                0x000000000000a304                CC_PalMutexDestroy
 .text.CC_PalPowerSaveModeInit
                0x000000000000a318       0x3c /opt/nordic/ncs/v2.4.0/nrfxlib/crypto/nrf_cc310_platform/lib/cortex-m4/soft-float/no-interrupts/libnrf_cc310_platform_0.9.17.a(cc_pal_pm.c.obj)
                0x000000000000a318                CC_PalPowerSaveModeInit
 .text.CC_PalPowerSaveModeSelect
                0x000000000000a354       0x84 /opt/nordic/ncs/v2.4.0/nrfxlib/crypto/nrf_cc310_platform/lib/cortex-m4/soft-float/no-interrupts/libnrf_cc310_platform_0.9.17.a(cc_pal_pm.c.obj)
                0x000000000000a354                CC_PalPowerSaveModeSelect
 .text.is_ptr   0x000000000000a3d8       0x4a zephyr/libzephyr.a(cbprintf_packaged.c.obj)
                0x000000000000a3d8                is_ptr
 .text.printk   0x000000000000a422       0x1a zephyr/libzephyr.a(printk.c.obj)
                0x000000000000a422                printk
 .text.z_thread_entry
                0x000000000000a43c       0x14 zephyr/libzephyr.a(thread_entry.c.obj)
                0x000000000000a43c                z_thread_entry
 .text.chunk_size
                0x000000000000a450        0xa zephyr/libzephyr.a(heap.c.obj)
 .text.free_list_add
                0x000000000000a45a       0x4e zephyr/libzephyr.a(heap.c.obj)
 .text.free_list_remove_bidx
                0x000000000000a4a8       0x3a zephyr/libzephyr.a(heap.c.obj)
 .text.free_list_remove
                0x000000000000a4e2       0x1a zephyr/libzephyr.a(heap.c.obj)
 .text.alloc_chunk
                0x000000000000a4fc       0x6e zephyr/libzephyr.a(heap.c.obj)
 .text.merge_chunks
                0x000000000000a56a       0x2c zephyr/libzephyr.a(heap.c.obj)
 .text.split_chunks
                0x000000000000a596       0x34 zephyr/libzephyr.a(heap.c.obj)
 .text.free_chunk
                0x000000000000a5ca       0x62 zephyr/libzephyr.a(heap.c.obj)
 .text.sys_heap_free
                0x000000000000a62c       0x1e zephyr/libzephyr.a(heap.c.obj)
                0x000000000000a62c                sys_heap_free
 .text.sys_heap_alloc
                0x000000000000a64a       0x52 zephyr/libzephyr.a(heap.c.obj)
                0x000000000000a64a                sys_heap_alloc
 .text.sys_heap_aligned_alloc
                0x000000000000a69c       0xce zephyr/libzephyr.a(heap.c.obj)
                0x000000000000a69c                sys_heap_aligned_alloc
 .text.sys_heap_init
                0x000000000000a76a       0x70 zephyr/libzephyr.a(heap.c.obj)
                0x000000000000a76a                sys_heap_init
 .text.sys_slist_find_and_remove
                0x000000000000a7da       0x36 zephyr/libzephyr.a(onoff.c.obj)
 .text.process_recheck
                0x000000000000a810       0x38 zephyr/libzephyr.a(onoff.c.obj)
 .text.validate_args
                0x000000000000a848       0x20 zephyr/libzephyr.a(onoff.c.obj)
 .text.notify_one
                0x000000000000a868       0x2c zephyr/libzephyr.a(onoff.c.obj)
 .text.transition_complete
                0x000000000000a894       0x1c zephyr/libzephyr.a(onoff.c.obj)
 .text.onoff_manager_init
                0x000000000000a8b0       0x26 zephyr/libzephyr.a(onoff.c.obj)
                0x000000000000a8b0                onoff_manager_init
 .text.onoff_request
                0x000000000000a8d6       0xb0 zephyr/libzephyr.a(onoff.c.obj)
                0x000000000000a8d6                onoff_request
 .text.onoff_release
                0x000000000000a986       0x4a zephyr/libzephyr.a(onoff.c.obj)
                0x000000000000a986                onoff_release
 .text.onoff_cancel
                0x000000000000a9d0       0x38 zephyr/libzephyr.a(onoff.c.obj)
                0x000000000000a9d0                onoff_cancel
 .text.sys_notify_validate
                0x000000000000aa08       0x22 zephyr/libzephyr.a(notify.c.obj)
                0x000000000000aa08                sys_notify_validate
 .text.sys_notify_finalize
                0x000000000000aa2a       0x1a zephyr/libzephyr.a(notify.c.obj)
                0x000000000000aa2a                sys_notify_finalize
 .text.free_space
                0x000000000000aa44       0x26 zephyr/libzephyr.a(mpsc_pbuf.c.obj)
 .text.get_usage
                0x000000000000aa6a       0x22 zephyr/libzephyr.a(mpsc_pbuf.c.obj)
 .text.idx_inc  0x000000000000aa8c       0x1c zephyr/libzephyr.a(mpsc_pbuf.c.obj)
 .text.rd_idx_inc
                0x000000000000aaa8       0x18 zephyr/libzephyr.a(mpsc_pbuf.c.obj)
 .text.add_skip_item
                0x000000000000aac0       0x3a zephyr/libzephyr.a(mpsc_pbuf.c.obj)
 .text.drop_item_locked
                0x000000000000aafa       0xee zephyr/libzephyr.a(mpsc_pbuf.c.obj)
 .text.post_drop_action
                0x000000000000abe8       0x36 zephyr/libzephyr.a(mpsc_pbuf.c.obj)
 .text.max_utilization_update
                0x000000000000ac1e       0x1a zephyr/libzephyr.a(mpsc_pbuf.c.obj)
 .text.mpsc_pbuf_init
                0x000000000000ac38       0x42 zephyr/libzephyr.a(mpsc_pbuf.c.obj)
                0x000000000000ac38                mpsc_pbuf_init
 .text.mpsc_pbuf_alloc
                0x000000000000ac7a       0xfc zephyr/libzephyr.a(mpsc_pbuf.c.obj)
                0x000000000000ac7a                mpsc_pbuf_alloc
 .text.mpsc_pbuf_commit
                0x000000000000ad76       0x40 zephyr/libzephyr.a(mpsc_pbuf.c.obj)
                0x000000000000ad76                mpsc_pbuf_commit
 .text.mpsc_pbuf_claim
                0x000000000000adb6       0xa4 zephyr/libzephyr.a(mpsc_pbuf.c.obj)
                0x000000000000adb6                mpsc_pbuf_claim
 .text.mpsc_pbuf_free
                0x000000000000ae5a       0x78 zephyr/libzephyr.a(mpsc_pbuf.c.obj)
                0x000000000000ae5a                mpsc_pbuf_free
 .text.mpsc_pbuf_is_pending
                0x000000000000aed2       0x1a zephyr/libzephyr.a(mpsc_pbuf.c.obj)
                0x000000000000aed2                mpsc_pbuf_is_pending
 .text._ConfigAbsSyms
                0x000000000000aeec        0x2 zephyr/libzephyr.a(configs.c.obj)
                0x000000000000aeec                _ConfigAbsSyms
 .text.log_msg_generic_get_wlen
                0x000000000000aeee       0x20 zephyr/libzephyr.a(log_core.c.obj)
 .text.dummy_timestamp
                0x000000000000af0e        0x4 zephyr/libzephyr.a(log_core.c.obj)
 .text.default_get_timestamp
                0x000000000000af12        0x4 zephyr/libzephyr.a(log_core.c.obj)
 .text.atomic_inc
                0x000000000000af16       0x1a zephyr/libzephyr.a(log_core.c.obj)
 .text.z_log_vprintk
                0x000000000000af30       0x1c zephyr/libzephyr.a(log_core.c.obj)
                0x000000000000af30                z_log_vprintk
 .text.z_log_notify_drop
                0x000000000000af4c        0x6 zephyr/libzephyr.a(log_core.c.obj)
 .text.z_cbprintf_cpy
                0x000000000000af52       0x2c zephyr/libzephyr.a(log_msg.c.obj)
 .text.z_log_msg_finalize
                0x000000000000af7e       0x32 zephyr/libzephyr.a(log_msg.c.obj)
                0x000000000000af7e                z_log_msg_finalize
 .text.z_log_msg_static_create.constprop.0
                0x000000000000afb0        0x6 zephyr/libzephyr.a(usb_device.c.obj)
 .text.get_ep_bm_from_addr
                0x000000000000afb6       0x1c zephyr/libzephyr.a(usb_device.c.obj)
 .text.usb_get_dev_data_by_cfg
                0x000000000000afd2       0x18 zephyr/libzephyr.a(usb_descriptor.c.obj)
                0x000000000000afd2                usb_get_dev_data_by_cfg
 .text.usb_get_dev_data_by_iface
                0x000000000000afea       0x1c zephyr/libzephyr.a(usb_descriptor.c.obj)
                0x000000000000afea                usb_get_dev_data_by_iface
 .text.usb_get_dev_data_by_ep
                0x000000000000b006       0x2c zephyr/libzephyr.a(usb_descriptor.c.obj)
                0x000000000000b006                usb_get_dev_data_by_ep
 .text.abort_function
                0x000000000000b032        0x8 zephyr/libzephyr.a(nrf_cc3xx_platform_abort_zephyr.c.obj)
 .text.z_do_kernel_oops
                0x000000000000b03a        0x8 zephyr/arch/arch/arm/core/aarch32/libarch__arm__core__aarch32.a(fatal.c.obj)
                0x000000000000b03a                z_do_kernel_oops
 .text.z_irq_spurious
                0x000000000000b042        0x8 zephyr/arch/arch/arm/core/aarch32/libarch__arm__core__aarch32.a(irq_manage.c.obj)
                0x000000000000b042                z_irq_spurious
 .text.z_arm_nmi
                0x000000000000b04a        0xe zephyr/arch/arch/arm/core/aarch32/libarch__arm__core__aarch32.a(nmi.c.obj)
                0x000000000000b04a                z_arm_nmi
 .text.z_log_msg_static_create.constprop.0
                0x000000000000b058        0x6 zephyr/arch/arch/arm/core/aarch32/cortex_m/libarch__arm__core__aarch32__cortex_m.a(fault.c.obj)
 .text.strlen   0x000000000000b05e        0xe zephyr/lib/libc/minimal/liblib__libc__minimal.a(string.c.obj)
                0x000000000000b05e                strlen
 .text.strcmp   0x000000000000b06c       0x18 zephyr/lib/libc/minimal/liblib__libc__minimal.a(string.c.obj)
                0x000000000000b06c                strcmp
 .text.memcpy   0x000000000000b084       0x16 zephyr/lib/libc/minimal/liblib__libc__minimal.a(string.c.obj)
                0x000000000000b084                memcpy
 .text.memset   0x000000000000b09a       0x12 zephyr/lib/libc/minimal/liblib__libc__minimal.a(string.c.obj)
                0x000000000000b09a                memset
 .text.pm_state_set
                0x000000000000b0ac       0x18 zephyr/soc/arm/nordic_nrf/nrf52/libsoc__arm__nordic_nrf__nrf52.a(power.c.obj)
                0x000000000000b0ac                pm_state_set
 .text.pm_state_exit_post_ops
                0x000000000000b0c4        0xc zephyr/soc/arm/nordic_nrf/nrf52/libsoc__arm__nordic_nrf__nrf52.a(power.c.obj)
                0x000000000000b0c4                pm_state_exit_post_ops
 .text.hid_interface_config
                0x000000000000b0d0        0x4 zephyr/subsys/usb/device/class/hid/libsubsys__usb__device__class__hid.a(core.c.obj)
 .text.usb_hid_device_init
                0x000000000000b0d4        0x4 zephyr/subsys/usb/device/class/hid/libsubsys__usb__device__class__hid.a(core.c.obj)
 .text.z_log_msg_static_create.constprop.0
                0x000000000000b0d8        0x6 zephyr/subsys/usb/device/class/hid/libsubsys__usb__device__class__hid.a(core.c.obj)
 .text.hid_clear_idle_ctx
                0x000000000000b0de        0x8 zephyr/subsys/usb/device/class/hid/libsubsys__usb__device__class__hid.a(core.c.obj)
                0x000000000000b0de                hid_clear_idle_ctx
 .text.hid_sof_handler
                0x000000000000b0e6       0x36 zephyr/subsys/usb/device/class/hid/libsubsys__usb__device__class__hid.a(core.c.obj)
                0x000000000000b0e6                hid_sof_handler
 .text.usb_hid_set_proto_code
                0x000000000000b11c        0xa zephyr/subsys/usb/device/class/hid/libsubsys__usb__device__class__hid.a(core.c.obj)
                0x000000000000b11c                usb_hid_set_proto_code
 .text.usb_hid_init
                0x000000000000b126       0x14 zephyr/subsys/usb/device/class/hid/libsubsys__usb__device__class__hid.a(core.c.obj)
                0x000000000000b126                usb_hid_init
 .text.ep_ctx_reset
                0x000000000000b13a       0x26 zephyr/drivers/usb/device/libdrivers__usb__device.a(usb_dc_nrfx.c.obj)
 .text.z_log_msg_static_create.constprop.0
                0x000000000000b160        0x6 zephyr/drivers/usb/device/libdrivers__usb__device.a(usb_dc_nrfx.c.obj)
 .text.k_mutex_lock.constprop.0.isra.0
                0x000000000000b166        0x4 zephyr/drivers/usb/device/libdrivers__usb__device.a(usb_dc_nrfx.c.obj)
 .text.k_mutex_unlock.isra.0
                0x000000000000b16a        0x4 zephyr/drivers/usb/device/libdrivers__usb__device.a(usb_dc_nrfx.c.obj)
 .text.usb_dc_ep_disable
                0x000000000000b16e       0x32 zephyr/drivers/usb/device/libdrivers__usb__device.a(usb_dc_nrfx.c.obj)
                0x000000000000b16e                usb_dc_ep_disable
 .text.usb_dc_ep_read
                0x000000000000b1a0       0x1e zephyr/drivers/usb/device/libdrivers__usb__device.a(usb_dc_nrfx.c.obj)
                0x000000000000b1a0                usb_dc_ep_read
 .text.get_status
                0x000000000000b1be       0x12 zephyr/drivers/clock_control/libdrivers__clock_control.a(clock_control_nrf.c.obj)
 .text.set_on_state
                0x000000000000b1d0       0x26 zephyr/drivers/clock_control/libdrivers__clock_control.a(clock_control_nrf.c.obj)
 .text.stop     0x000000000000b1f6       0x52 zephyr/drivers/clock_control/libdrivers__clock_control.a(clock_control_nrf.c.obj)
 .text.api_stop
                0x000000000000b248        0x6 zephyr/drivers/clock_control/libdrivers__clock_control.a(clock_control_nrf.c.obj)
 .text.async_start
                0x000000000000b24e       0x5c zephyr/drivers/clock_control/libdrivers__clock_control.a(clock_control_nrf.c.obj)
 .text.api_start
                0x000000000000b2aa        0xe zephyr/drivers/clock_control/libdrivers__clock_control.a(clock_control_nrf.c.obj)
 .text.onoff_started_callback
                0x000000000000b2b8       0x12 zephyr/drivers/clock_control/libdrivers__clock_control.a(clock_control_nrf.c.obj)
 .text.lfclk_start
                0x000000000000b2ca        0x6 zephyr/drivers/clock_control/libdrivers__clock_control.a(clock_control_nrf.c.obj)
 .text.lfclk_stop
                0x000000000000b2d0        0x6 zephyr/drivers/clock_control/libdrivers__clock_control.a(clock_control_nrf.c.obj)
 .text.blocking_start_callback
                0x000000000000b2d6        0x6 zephyr/drivers/clock_control/libdrivers__clock_control.a(clock_control_nrf.c.obj)
 .text.gpio_nrfx_port_get_raw
                0x000000000000b2dc        0xe zephyr/drivers/gpio/libdrivers__gpio.a(gpio_nrfx.c.obj)
 .text.gpio_nrfx_port_set_masked_raw
                0x000000000000b2ea       0x18 zephyr/drivers/gpio/libdrivers__gpio.a(gpio_nrfx.c.obj)
 .text.gpio_nrfx_port_set_bits_raw
                0x000000000000b302        0xc zephyr/drivers/gpio/libdrivers__gpio.a(gpio_nrfx.c.obj)
 .text.gpio_nrfx_port_clear_bits_raw
                0x000000000000b30e        0xc zephyr/drivers/gpio/libdrivers__gpio.a(gpio_nrfx.c.obj)
 .text.gpio_nrfx_port_toggle_bits
                0x000000000000b31a       0x1a zephyr/drivers/gpio/libdrivers__gpio.a(gpio_nrfx.c.obj)
 .text.gpio_nrfx_manage_callback
                0x000000000000b334       0x52 zephyr/drivers/gpio/libdrivers__gpio.a(gpio_nrfx.c.obj)
 .text.z_impl_hwinfo_get_device_id
                0x000000000000b386       0x28 zephyr/drivers/hwinfo/libdrivers__hwinfo.a(hwinfo_nrf.c.obj)
                0x000000000000b386                z_impl_hwinfo_get_device_id
 .text.irq_connect0
                0x000000000000b3ae        0xa zephyr/drivers/i2c/libdrivers__i2c.a(i2c_nrfx_twim.c.obj)
 .text.pinctrl_apply_state.constprop.0
                0x000000000000b3b8       0x20 zephyr/drivers/i2c/libdrivers__i2c.a(i2c_nrfx_twim.c.obj)
 .text.pinctrl_lookup_state
                0x000000000000b3d8       0x26 zephyr/drivers/pinctrl/libdrivers__pinctrl.a(common.c.obj)
                0x000000000000b3d8                pinctrl_lookup_state
 .text.as5600_get
                0x000000000000b3fe       0x28 zephyr/drivers/sensor/ams_as5600/libdrivers__sensor__ams_as5600.a(ams_as5600.c.obj)
 .text.as5600_fetch
                0x000000000000b426       0x4a zephyr/drivers/sensor/ams_as5600/libdrivers__sensor__ams_as5600.a(ams_as5600.c.obj)
 .text.sys_clock_idle_exit
                0x000000000000b470        0x2 zephyr/drivers/timer/libdrivers__timer.a(sys_clock_init.c.obj)
                0x000000000000b470                sys_clock_idle_exit
 .text.event_clear
                0x000000000000b472       0x18 zephyr/drivers/timer/libdrivers__timer.a(nrf_rtc_timer.c.obj)
 .text.sys_clock_cycle_get_32
                0x000000000000b48a        0x8 zephyr/drivers/timer/libdrivers__timer.a(nrf_rtc_timer.c.obj)
                0x000000000000b48a                sys_clock_cycle_get_32
 .text.hw_cc3xx_init_internal
                0x000000000000b492        0x4 modules/nrf/drivers/hw_cc310/lib..__nrf__drivers__hw_cc310.a(hw_cc310.c.obj)
 .text.hw_cc3xx_init
                0x000000000000b496       0x12 modules/nrf/drivers/hw_cc310/lib..__nrf__drivers__hw_cc310.a(hw_cc310.c.obj)
 .text.nrfx_isr
                0x000000000000b4a8        0x2 modules/hal_nordic/nrfx/libmodules__hal_nordic__nrfx.a(nrfx_glue.c.obj)
                0x000000000000b4a8                nrfx_isr
 .text.nrfx_busy_wait
                0x000000000000b4aa        0x4 modules/hal_nordic/nrfx/libmodules__hal_nordic__nrfx.a(nrfx_glue.c.obj)
                0x000000000000b4aa                nrfx_busy_wait
 .text.nrfx_clock_start
                0x000000000000b4ae       0x78 modules/hal_nordic/nrfx/libmodules__hal_nordic__nrfx.a(nrfx_clock.c.obj)
                0x000000000000b4ae                nrfx_clock_start
 .text.nrfx_clock_stop
                0x000000000000b526        0x4 modules/hal_nordic/nrfx/libmodules__hal_nordic__nrfx.a(nrfx_clock.c.obj)
                0x000000000000b526                nrfx_clock_stop
 .text.nrf_gpio_reconfigure
                0x000000000000b52a       0x92 modules/hal_nordic/nrfx/libmodules__hal_nordic__nrfx.a(nrfx_gpiote.c.obj)
 .text.nrf_gpio_cfg_sense_set
                0x000000000000b5bc       0x1e modules/hal_nordic/nrfx/libmodules__hal_nordic__nrfx.a(nrfx_gpiote.c.obj)
 .text.nrf_power_event_get_and_clear.constprop.0
                0x000000000000b5da       0x18 modules/hal_nordic/nrfx/libmodules__hal_nordic__nrfx.a(nrfx_power.c.obj)
 .text.nrfx_power_usbevt_enable
                0x000000000000b5f2        0xe modules/hal_nordic/nrfx/libmodules__hal_nordic__nrfx.a(nrfx_power.c.obj)
                0x000000000000b5f2                nrfx_power_usbevt_enable
 .text.nrfx_power_usbevt_disable
                0x000000000000b600        0xe modules/hal_nordic/nrfx/libmodules__hal_nordic__nrfx.a(nrfx_power.c.obj)
                0x000000000000b600                nrfx_power_usbevt_disable
 .text.nrfx_power_clock_irq_handler
                0x000000000000b60e        0xe modules/hal_nordic/nrfx/libmodules__hal_nordic__nrfx.a(nrfx_power.c.obj)
                0x000000000000b60e                nrfx_power_clock_irq_handler
 .text.xfer_completeness_check
                0x000000000000b61c       0x60 modules/hal_nordic/nrfx/libmodules__hal_nordic__nrfx.a(nrfx_twim.c.obj)
 .text.nrfx_usbd_consumer
                0x000000000000b67c       0x32 modules/hal_nordic/nrfx/libmodules__hal_nordic__nrfx.a(nrfx_usbd.c.obj)
                0x000000000000b67c                nrfx_usbd_consumer
 .text.nrfx_usbd_feeder_ram
                0x000000000000b6ae       0x22 modules/hal_nordic/nrfx/libmodules__hal_nordic__nrfx.a(nrfx_usbd.c.obj)
                0x000000000000b6ae                nrfx_usbd_feeder_ram
 .text.nrfx_usbd_feeder_ram_zlp
                0x000000000000b6d0       0x28 modules/hal_nordic/nrfx/libmodules__hal_nordic__nrfx.a(nrfx_usbd.c.obj)
                0x000000000000b6d0                nrfx_usbd_feeder_ram_zlp
 .text.ep2bit   0x000000000000b6f8       0x10 modules/hal_nordic/nrfx/libmodules__hal_nordic__nrfx.a(nrfx_usbd.c.obj)
 .text.ev_started_handler
                0x000000000000b708        0x2 modules/hal_nordic/nrfx/libmodules__hal_nordic__nrfx.a(nrfx_usbd.c.obj)
 .text.nrf_usbd_epin_dma_handler
                0x000000000000b70a       0x30 modules/hal_nordic/nrfx/libmodules__hal_nordic__nrfx.a(nrfx_usbd.c.obj)
 .text.ev_dma_epin7_handler
                0x000000000000b73a        0x6 modules/hal_nordic/nrfx/libmodules__hal_nordic__nrfx.a(nrfx_usbd.c.obj)
 .text.ev_dma_epin6_handler
                0x000000000000b740        0x6 modules/hal_nordic/nrfx/libmodules__hal_nordic__nrfx.a(nrfx_usbd.c.obj)
 .text.ev_dma_epin5_handler
                0x000000000000b746        0x6 modules/hal_nordic/nrfx/libmodules__hal_nordic__nrfx.a(nrfx_usbd.c.obj)
 .text.ev_dma_epin4_handler
                0x000000000000b74c        0x6 modules/hal_nordic/nrfx/libmodules__hal_nordic__nrfx.a(nrfx_usbd.c.obj)
 .text.ev_dma_epin3_handler
                0x000000000000b752        0x6 modules/hal_nordic/nrfx/libmodules__hal_nordic__nrfx.a(nrfx_usbd.c.obj)
 .text.ev_dma_epin2_handler
                0x000000000000b758        0x6 modules/hal_nordic/nrfx/libmodules__hal_nordic__nrfx.a(nrfx_usbd.c.obj)
 .text.ev_dma_epin1_handler
                0x000000000000b75e        0x6 modules/hal_nordic/nrfx/libmodules__hal_nordic__nrfx.a(nrfx_usbd.c.obj)
 .text.ev_dma_epin0_handler
                0x000000000000b764        0x4 modules/hal_nordic/nrfx/libmodules__hal_nordic__nrfx.a(nrfx_usbd.c.obj)
 .text.nrfx_usbd_ep_max_packet_size_set
                0x000000000000b768        0xa modules/hal_nordic/nrfx/libmodules__hal_nordic__nrfx.a(nrfx_usbd.c.obj)
                0x000000000000b768                nrfx_usbd_ep_max_packet_size_set
 .text.nrfx_usbd_ep_status_get
                0x000000000000b772       0x2e modules/hal_nordic/nrfx/libmodules__hal_nordic__nrfx.a(nrfx_usbd.c.obj)
                0x000000000000b772                nrfx_usbd_ep_status_get
 .text.ev_dma_epout7_handler
                0x000000000000b7a0        0x6 modules/hal_nordic/nrfx/libmodules__hal_nordic__nrfx.a(nrfx_usbd.c.obj)
 .text.ev_dma_epout6_handler
                0x000000000000b7a6        0x6 modules/hal_nordic/nrfx/libmodules__hal_nordic__nrfx.a(nrfx_usbd.c.obj)
 .text.ev_dma_epout5_handler
                0x000000000000b7ac        0x6 modules/hal_nordic/nrfx/libmodules__hal_nordic__nrfx.a(nrfx_usbd.c.obj)
 .text.ev_dma_epout4_handler
                0x000000000000b7b2        0x6 modules/hal_nordic/nrfx/libmodules__hal_nordic__nrfx.a(nrfx_usbd.c.obj)
 .text.ev_dma_epout3_handler
                0x000000000000b7b8        0x6 modules/hal_nordic/nrfx/libmodules__hal_nordic__nrfx.a(nrfx_usbd.c.obj)
 .text.ev_dma_epout2_handler
                0x000000000000b7be        0x6 modules/hal_nordic/nrfx/libmodules__hal_nordic__nrfx.a(nrfx_usbd.c.obj)
 .text.ev_dma_epout1_handler
                0x000000000000b7c4        0x6 modules/hal_nordic/nrfx/libmodules__hal_nordic__nrfx.a(nrfx_usbd.c.obj)
 .text.nrfx_usbd_ep_abort
                0x000000000000b7ca        0x4 modules/hal_nordic/nrfx/libmodules__hal_nordic__nrfx.a(nrfx_usbd.c.obj)
                0x000000000000b7ca                nrfx_usbd_ep_abort
 .text.nrf_gpio_pin_set
                0x000000000000b7ce       0x1a modules/hal_nordic/nrfx/libmodules__hal_nordic__nrfx.a(nrfx_twi_twim.c.obj)
 .text.z_device_state_init
                0x000000000000b7e8        0x2 zephyr/kernel/libkernel.a(device.c.obj)
                0x000000000000b7e8                z_device_state_init
 .text.z_device_is_ready
                0x000000000000b7ea       0x16 zephyr/kernel/libkernel.a(device.c.obj)
                0x000000000000b7ea                z_device_is_ready
 .text.z_early_memset
                0x000000000000b800        0x4 zephyr/kernel/libkernel.a(init.c.obj)
                0x000000000000b800                z_early_memset
 .text.z_early_memcpy
                0x000000000000b804        0x4 zephyr/kernel/libkernel.a(init.c.obj)
                0x000000000000b804                z_early_memcpy
 .text.create_free_list
                0x000000000000b808       0x2c zephyr/kernel/libkernel.a(mem_slab.c.obj)
 .text.k_mem_slab_init
                0x000000000000b834       0x1c zephyr/kernel/libkernel.a(mem_slab.c.obj)
                0x000000000000b834                k_mem_slab_init
 .text.k_mem_slab_free
                0x000000000000b850       0x52 zephyr/kernel/libkernel.a(mem_slab.c.obj)
                0x000000000000b850                k_mem_slab_free
 .text.k_is_in_isr
                0x000000000000b8a2        0xc zephyr/kernel/libkernel.a(thread.c.obj)
                0x000000000000b8a2                k_is_in_isr
 .text.z_impl_k_thread_name_set
                0x000000000000b8ae        0x6 zephyr/kernel/libkernel.a(thread.c.obj)
                0x000000000000b8ae                z_impl_k_thread_name_set
 .text.k_thread_name_get
                0x000000000000b8b4        0x4 zephyr/kernel/libkernel.a(thread.c.obj)
                0x000000000000b8b4                k_thread_name_get
 .text.z_impl_k_thread_start
                0x000000000000b8b8        0x4 zephyr/kernel/libkernel.a(thread.c.obj)
                0x000000000000b8b8                z_impl_k_thread_start
 .text.z_pm_save_idle_exit
                0x000000000000b8bc        0xe zephyr/kernel/libkernel.a(idle.c.obj)
                0x000000000000b8bc                z_pm_save_idle_exit
 .text.adjust_owner_prio.isra.0
                0x000000000000b8ca       0x10 zephyr/kernel/libkernel.a(mutex.c.obj)
 .text.z_impl_k_mutex_init
                0x000000000000b8da        0xe zephyr/kernel/libkernel.a(mutex.c.obj)
                0x000000000000b8da                z_impl_k_mutex_init
 .text.queue_insert
                0x000000000000b8e8       0xc4 zephyr/kernel/libkernel.a(queue.c.obj)
 .text.z_queue_node_peek
                0x000000000000b9ac       0x18 zephyr/kernel/libkernel.a(queue.c.obj)
                0x000000000000b9ac                z_queue_node_peek
 .text.k_queue_append
                0x000000000000b9c4       0x16 zephyr/kernel/libkernel.a(queue.c.obj)
                0x000000000000b9c4                k_queue_append
 .text.z_impl_k_sem_init
                0x000000000000b9da       0x18 zephyr/kernel/libkernel.a(sem.c.obj)
                0x000000000000b9da                z_impl_k_sem_init
 .text.flag_test_and_clear
                0x000000000000b9f2       0x16 zephyr/kernel/libkernel.a(work.c.obj)
 .text.notify_queue_locked.isra.0
                0x000000000000ba08        0xe zephyr/kernel/libkernel.a(work.c.obj)
 .text.k_work_init
                0x000000000000ba16       0x12 zephyr/kernel/libkernel.a(work.c.obj)
                0x000000000000ba16                k_work_init
 .text.z_work_submit_to_queue
                0x000000000000ba28       0x28 zephyr/kernel/libkernel.a(work.c.obj)
                0x000000000000ba28                z_work_submit_to_queue
 .text.k_work_submit_to_queue
                0x000000000000ba50       0x22 zephyr/kernel/libkernel.a(work.c.obj)
                0x000000000000ba50                k_work_submit_to_queue
 .text.sys_dlist_remove
                0x000000000000ba72       0x10 zephyr/kernel/libkernel.a(sched.c.obj)
 .text.unpend_thread_no_timeout
                0x000000000000ba82       0x14 zephyr/kernel/libkernel.a(sched.c.obj)
 .text.add_to_waitq_locked
                0x000000000000ba96       0x50 zephyr/kernel/libkernel.a(sched.c.obj)
 .text.z_ready_thread
                0x000000000000bae6       0x20 zephyr/kernel/libkernel.a(sched.c.obj)
                0x000000000000bae6                z_ready_thread
 .text.z_unpend_thread_no_timeout
                0x000000000000bb06       0x24 zephyr/kernel/libkernel.a(sched.c.obj)
                0x000000000000bb06                z_unpend_thread_no_timeout
 .text.z_sched_wake_thread
                0x000000000000bb2a       0x44 zephyr/kernel/libkernel.a(sched.c.obj)
                0x000000000000bb2a                z_sched_wake_thread
 .text.z_thread_timeout
                0x000000000000bb6e        0x8 zephyr/kernel/libkernel.a(sched.c.obj)
                0x000000000000bb6e                z_thread_timeout
 .text.z_unpend1_no_timeout
                0x000000000000bb76       0x2e zephyr/kernel/libkernel.a(sched.c.obj)
                0x000000000000bb76                z_unpend1_no_timeout
 .text.z_unpend_first_thread
                0x000000000000bba4       0x38 zephyr/kernel/libkernel.a(sched.c.obj)
                0x000000000000bba4                z_unpend_first_thread
 .text.z_unpend_thread
                0x000000000000bbdc       0x30 zephyr/kernel/libkernel.a(sched.c.obj)
                0x000000000000bbdc                z_unpend_thread
 .text.z_reschedule_irqlock
                0x000000000000bc0c       0x18 zephyr/kernel/libkernel.a(sched.c.obj)
                0x000000000000bc0c                z_reschedule_irqlock
 .text.z_reschedule_unlocked
                0x000000000000bc24       0x14 zephyr/kernel/libkernel.a(sched.c.obj)
 .text.z_unpend_all
                0x000000000000bc38       0x20 zephyr/kernel/libkernel.a(sched.c.obj)
                0x000000000000bc38                z_unpend_all
 .text.z_sched_wake
                0x000000000000bc58       0x46 zephyr/kernel/libkernel.a(sched.c.obj)
                0x000000000000bc58                z_sched_wake
 .text.z_abort_timeout
                0x000000000000bc9e       0x2c zephyr/kernel/libkernel.a(timeout.c.obj)
                0x000000000000bc9e                z_abort_timeout
 .text.z_get_next_timeout_expiry
                0x000000000000bcca       0x20 zephyr/kernel/libkernel.a(timeout.c.obj)
                0x000000000000bcca                z_get_next_timeout_expiry
 .text.sys_clock_tick_get_32
                0x000000000000bcea        0x8 zephyr/kernel/libkernel.a(timeout.c.obj)
                0x000000000000bcea                sys_clock_tick_get_32
 .text.z_impl_k_uptime_ticks
                0x000000000000bcf2        0x4 zephyr/kernel/libkernel.a(timeout.c.obj)
                0x000000000000bcf2                z_impl_k_uptime_ticks
 .text.z_impl_k_busy_wait
                0x000000000000bcf6        0x8 zephyr/kernel/libkernel.a(timeout.c.obj)
                0x000000000000bcf6                z_impl_k_busy_wait
 .text.sys_clock_timeout_end_calc
                0x000000000000bcfe       0x44 zephyr/kernel/libkernel.a(timeout.c.obj)
                0x000000000000bcfe                sys_clock_timeout_end_calc
 .text.k_timer_init