Archive member included to satisfy reference by file (symbol)

app/libapp.a(main.c.obj)      (--whole-archive)
zephyr/libzephyr.a(cbprintf_packaged.c.obj)
                              (--whole-archive)
zephyr/libzephyr.a(dec.c.obj)
                              (--whole-archive)
zephyr/libzephyr.a(fdtable.c.obj)
                              (--whole-archive)
zephyr/libzephyr.a(hex.c.obj)
                              (--whole-archive)
zephyr/libzephyr.a(printk.c.obj)
                              (--whole-archive)
zephyr/libzephyr.a(rb.c.obj)  (--whole-archive)
zephyr/libzephyr.a(sem.c.obj)
                              (--whole-archive)
zephyr/libzephyr.a(thread_entry.c.obj)
                              (--whole-archive)
zephyr/libzephyr.a(timeutil.c.obj)
                              (--whole-archive)
zephyr/libzephyr.a(heap.c.obj)
                              (--whole-archive)
zephyr/libzephyr.a(heap-validate.c.obj)
                              (--whole-archive)
zephyr/libzephyr.a(bitarray.c.obj)
                              (--whole-archive)
zephyr/libzephyr.a(multi_heap.c.obj)
                              (--whole-archive)
zephyr/libzephyr.a(onoff.c.obj)
                              (--whole-archive)
zephyr/libzephyr.a(notify.c.obj)
                              (--whole-archive)
zephyr/libzephyr.a(crc32c_sw.c.obj)
                              (--whole-archive)
zephyr/libzephyr.a(crc32_sw.c.obj)
                              (--whole-archive)
zephyr/libzephyr.a(crc16_sw.c.obj)
                              (--whole-archive)
zephyr/libzephyr.a(crc8_sw.c.obj)
                              (--whole-archive)
zephyr/libzephyr.a(crc7_sw.c.obj)
                              (--whole-archive)
zephyr/libzephyr.a(cbprintf_complete.c.obj)
                              (--whole-archive)
zephyr/libzephyr.a(cbprintf.c.obj)
                              (--whole-archive)
zephyr/libzephyr.a(assert.c.obj)
                              (--whole-archive)
zephyr/libzephyr.a(mpsc_pbuf.c.obj)
                              (--whole-archive)
zephyr/libzephyr.a(reboot.c.obj)
                              (--whole-archive)
zephyr/libzephyr.a(configs.c.obj)
                              (--whole-archive)
zephyr/libzephyr.a(soc_nrf_common.S.obj)
                              (--whole-archive)
zephyr/libzephyr.a(validate_base_addresses.c.obj)
                              (--whole-archive)
zephyr/libzephyr.a(validate_enabled_instances.c.obj)
                              (--whole-archive)
zephyr/libzephyr.a(log_core.c.obj)
                              (--whole-archive)
zephyr/libzephyr.a(log_mgmt.c.obj)
                              (--whole-archive)
zephyr/libzephyr.a(log_cache.c.obj)
                              (--whole-archive)
zephyr/libzephyr.a(log_msg.c.obj)
                              (--whole-archive)
zephyr/libzephyr.a(pm.c.obj)  (--whole-archive)
zephyr/libzephyr.a(policy.c.obj)
                              (--whole-archive)
zephyr/libzephyr.a(state.c.obj)
                              (--whole-archive)
zephyr/libzephyr.a(tracing_none.c.obj)
                              (--whole-archive)
zephyr/libzephyr.a(usb_device.c.obj)
                              (--whole-archive)
zephyr/libzephyr.a(usb_descriptor.c.obj)
                              (--whole-archive)
zephyr/libzephyr.a(usb_transfer.c.obj)
                              (--whole-archive)
zephyr/libzephyr.a(nrf_cc3xx_platform_abort_zephyr.c.obj)
                              (--whole-archive)
zephyr/libzephyr.a(nrf_cc3xx_platform_mutex_zephyr.c.obj)
                              (--whole-archive)
zephyr/arch/common/libarch__common.a(sw_isr_common.c.obj)
                              (--whole-archive)
zephyr/arch/arch/arm/core/aarch32/libarch__arm__core__aarch32.a(cpu_idle.S.obj)
                              (--whole-archive)
zephyr/arch/arch/arm/core/aarch32/libarch__arm__core__aarch32.a(fatal.c.obj)
                              (--whole-archive)
zephyr/arch/arch/arm/core/aarch32/libarch__arm__core__aarch32.a(irq_manage.c.obj)
                              (--whole-archive)
zephyr/arch/arch/arm/core/aarch32/libarch__arm__core__aarch32.a(nmi.c.obj)
                              (--whole-archive)
zephyr/arch/arch/arm/core/aarch32/libarch__arm__core__aarch32.a(nmi_on_reset.S.obj)
                              (--whole-archive)
zephyr/arch/arch/arm/core/aarch32/libarch__arm__core__aarch32.a(prep_c.c.obj)
                              (--whole-archive)
zephyr/arch/arch/arm/core/aarch32/libarch__arm__core__aarch32.a(swap.c.obj)
                              (--whole-archive)
zephyr/arch/arch/arm/core/aarch32/libarch__arm__core__aarch32.a(swap_helper.S.obj)
                              (--whole-archive)
zephyr/arch/arch/arm/core/aarch32/libarch__arm__core__aarch32.a(thread.c.obj)
                              (--whole-archive)
zephyr/arch/arch/arm/core/aarch32/libarch__arm__core__aarch32.a(isr_wrapper.S.obj)
[...]
Memory Configuration

Name             Origin             Length             Attributes
FLASH            0x0000000000001000 0x00000000000ff000 xr
RAM              0x0000000020000000 0x0000000000040000 xw
IDT_LIST         0x00000000fffff7ff 0x0000000000000800 xw
*default*        0x0000000000000000 0xffffffffffffffff

Linker script and memory map

LOAD zephyr/CMakeFiles/zephyr_final.dir/misc/empty_file.c.obj
LOAD zephyr/CMakeFiles/zephyr_final.dir/dev_handles.c.obj
LOAD zephyr/CMakeFiles/zephyr_final.dir/isr_tables.c.obj
                0x0000000000000020                _region_min_align = 0x20

.rel.plt        0x0000000000001000        0x0
 *(SORT_BY_ALIGNMENT(.rel.plt))
                [!provide]                        PROVIDE (__rel_iplt_start = .)
 *(SORT_BY_ALIGNMENT(.rel.iplt))
 .rel.iplt      0x0000000000001000        0x0 zephyr/CMakeFiles/zephyr_final.dir/isr_tables.c.obj
                [!provide]                        PROVIDE (__rel_iplt_end = .)

.rela.plt       0x0000000000000000        0x0
 *(SORT_BY_ALIGNMENT(.rela.plt))
                [!provide]                        PROVIDE (__rela_iplt_start = .)
 *(SORT_BY_ALIGNMENT(.rela.iplt))
                [!provide]                        PROVIDE (__rela_iplt_end = .)

.rel.dyn
 *(SORT_BY_ALIGNMENT(.rel.*))

.rela.dyn
 *(SORT_BY_ALIGNMENT(.rela.*))

/DISCARD/
 *(SORT_BY_ALIGNMENT(.plt))

/DISCARD/
 *(SORT_BY_ALIGNMENT(.iplt))
                0x0000000000001000                __rom_region_start = 0x1000

rom_start       0x0000000000001000      0x100
                0x0000000000000000                . = 0x0
                0x0000000000000000                . = ALIGN (0x4)
                0x0000000000000000                . = ALIGN (0x80)
                0x0000000000000000                . = ALIGN (0x100)
                0x0000000000001000                _vector_start = .
 *(SORT_BY_ALIGNMENT(.exc_vector_table))
 *(SORT_BY_ALIGNMENT(.exc_vector_table.*))
 .exc_vector_table._vector_table_section
                0x0000000000001000       0x40 zephyr/arch/arch/arm/core/aarch32/cortex_m/libarch__arm__core__aarch32__cortex_m.a(vector_table.S.obj)
                0x0000000000001000                _vector_table
 *(SORT_BY_ALIGNMENT(.vectors))
                0x0000000000001100                _vector_end = .
                0x0000000000001040                . = ALIGN (0x4)
 *(SORT_BY_ALIGNMENT(.gnu.linkonce.irq_vector_table*))
 .gnu.linkonce.irq_vector_table
                0x0000000000001040       0xc0 zephyr/CMakeFiles/zephyr_final.dir/isr_tables.c.obj
                0x0000000000001040                _irq_vector_table
                0x0000000000001100                _vector_end = .

text            0x0000000000001100     0xa378
                0x0000000000001100                __text_region_start = .
 *(SORT_BY_ALIGNMENT(.text))
 .text          0x0000000000001100       0x30 /opt/nordic/ncs/toolchains/4ef6631da0/opt/zephyr-sdk/arm-zephyr-eabi/bin/../lib/gcc/arm-zephyr-eabi/12.2.0/thumb/v7e-m/nofp/libgcc.a(_aeabi_uldivmod.o)
                0x0000000000001100                __aeabi_uldivmod
 .text          0x0000000000001130        0x4 /opt/nordic/ncs/toolchains/4ef6631da0/opt/zephyr-sdk/arm-zephyr-eabi/bin/../lib/gcc/arm-zephyr-eabi/12.2.0/thumb/v7e-m/nofp/libgcc.a(_dvmd_tls.o)
                0x0000000000001130                __aeabi_ldiv0
                0x0000000000001130                __aeabi_idiv0
 .text          0x0000000000001134      0x2a0 /opt/nordic/ncs/toolchains/4ef6631da0/opt/zephyr-sdk/arm-zephyr-eabi/bin/../lib/gcc/arm-zephyr-eabi/12.2.0/thumb/v7e-m/nofp/libgcc.a(_udivmoddi4.o)
                0x0000000000001134                __udivmoddi4
 *(SORT_BY_ALIGNMENT(.text.*))
 .text.clear_report
                0x00000000000013d4       0x28 app/libapp.a(main.c.obj)
 .text.send_report
                0x00000000000013fc       0x30 app/libapp.a(main.c.obj)
 .text.main     0x000000000000142c       0x6c app/libapp.a(main.c.obj)
                0x000000000000142c                main
 .text.cbvprintf_package
                0x0000000000001498      0x3ac zephyr/libzephyr.a(cbprintf_packaged.c.obj)
                0x0000000000001498                cbvprintf_package
 .text.cbprintf_package_convert
                0x0000000000001844      0x3bc zephyr/libzephyr.a(cbprintf_packaged.c.obj)
                0x0000000000001844                cbprintf_package_convert
 .text.process_event
                0x0000000000001c00      0x21c zephyr/libzephyr.a(onoff.c.obj)
 .text.sys_reboot
                0x0000000000001e1c       0x30 zephyr/libzephyr.a(reboot.c.obj)
                0x0000000000001e1c                sys_reboot
 .text.z_arm_platform_init
                0x0000000000001e4c        0x4 zephyr/libzephyr.a(soc_nrf_common.S.obj)
                0x0000000000001e4c                z_arm_platform_init
 .text.activate_foreach_backend
                0x0000000000001e50       0x64 zephyr/libzephyr.a(log_core.c.obj)
 .text.enable_logger
                0x0000000000001eb4       0x5c zephyr/libzephyr.a(log_core.c.obj)
 .text.log_process_thread_timer_expiry_fn
                0x0000000000001f10        0xc zephyr/libzephyr.a(log_core.c.obj)
 .text.z_log_init
                0x0000000000001f1c       0x90 zephyr/libzephyr.a(log_core.c.obj)
 .text.z_log_notify_backend_enabled
                0x0000000000001fac       0x1c zephyr/libzephyr.a(log_core.c.obj)
                0x0000000000001fac                z_log_notify_backend_enabled
 .text.z_log_dropped
                0x0000000000001fc8       0x30 zephyr/libzephyr.a(log_core.c.obj)
                0x0000000000001fc8                z_log_dropped
 .text.z_log_dropped_read_and_clear
                0x0000000000001ff8       0x20 zephyr/libzephyr.a(log_core.c.obj)
                0x0000000000001ff8                z_log_dropped_read_and_clear
 .text.dropped_notify
                0x0000000000002018       0x30 zephyr/libzephyr.a(log_core.c.obj)
                0x0000000000002018                dropped_notify
 .text.z_log_msg_init
                0x0000000000002048       0x20 zephyr/libzephyr.a(log_core.c.obj)
                0x0000000000002048                z_log_msg_init
 .text.log_core_init
                0x0000000000002068       0x2c zephyr/libzephyr.a(log_core.c.obj)
                0x0000000000002068                log_core_init
 .text.z_log_msg_alloc
                0x0000000000002094       0x10 zephyr/libzephyr.a(log_core.c.obj)
                0x0000000000002094                z_log_msg_alloc
 .text.z_log_msg_local_claim
                0x00000000000020a4        0xc zephyr/libzephyr.a(log_core.c.obj)
                0x00000000000020a4                z_log_msg_local_claim
 .text.z_log_msg_free
                0x00000000000020b0       0x10 zephyr/libzephyr.a(log_core.c.obj)
                0x00000000000020b0                z_log_msg_free
 .text.z_log_msg_pending
                0x00000000000020c0        0xc zephyr/libzephyr.a(log_core.c.obj)
                0x00000000000020c0                z_log_msg_pending
 .text.z_impl_log_process
                0x00000000000020cc       0xbc zephyr/libzephyr.a(log_core.c.obj)
                0x00000000000020cc                z_impl_log_process
 .text.z_impl_log_panic
                0x0000000000002188       0x44 zephyr/libzephyr.a(log_core.c.obj)
                0x0000000000002188                z_impl_log_panic
 .text.log_process_thread_func
                0x00000000000021cc       0x9c zephyr/libzephyr.a(log_core.c.obj)
 .text.z_log_msg_post_finalize
                0x0000000000002268       0x78 zephyr/libzephyr.a(log_core.c.obj)
 .text.z_log_msg_commit
                0x00000000000022e0       0x24 zephyr/libzephyr.a(log_core.c.obj)
                0x00000000000022e0                z_log_msg_commit
 .text.log_backend_enable
                0x0000000000002304       0x28 zephyr/libzephyr.a(log_mgmt.c.obj)
                0x0000000000002304                log_backend_enable
 .text.z_impl_z_log_msg_static_create
                0x000000000000232c      0x108 zephyr/libzephyr.a(log_msg.c.obj)
                0x000000000000232c                z_impl_z_log_msg_static_create
 .text.z_impl_z_log_msg_runtime_vcreate
                0x0000000000002434       0x8c zephyr/libzephyr.a(log_msg.c.obj)
                0x0000000000002434                z_impl_z_log_msg_runtime_vcreate
 .text.pm_state_notify
                0x00000000000024c0       0x5c zephyr/libzephyr.a(pm.c.obj)
 .text.pm_system_resume
                0x000000000000251c       0x78 zephyr/libzephyr.a(pm.c.obj)
                0x000000000000251c                pm_system_resume
 .text.pm_system_suspend
                0x0000000000002594       0xf8 zephyr/libzephyr.a(pm.c.obj)
                0x0000000000002594                pm_system_suspend
 .text.pm_policy_next_state
                0x000000000000268c       0x94 zephyr/libzephyr.a(policy.c.obj)
                0x000000000000268c                pm_policy_next_state
 .text.pm_state_cpu_get_all
                0x0000000000002720       0x10 zephyr/libzephyr.a(state.c.obj)
                0x0000000000002720                pm_state_cpu_get_all
 .text.class_handler
                0x0000000000002730       0x40 zephyr/libzephyr.a(usb_device.c.obj)
 .text.custom_handler
                0x0000000000002770       0x60 zephyr/libzephyr.a(usb_device.c.obj)
 .text.vendor_handler
                0x00000000000027d0       0x3c zephyr/libzephyr.a(usb_device.c.obj)
 .text.usb_reset_alt_setting
                0x000000000000280c       0x10 zephyr/libzephyr.a(usb_device.c.obj)
 .text.is_ep_valid.part.0
                0x000000000000281c       0x38 zephyr/libzephyr.a(usb_device.c.obj)
 .text.usb_device_init.part.0
                0x0000000000002854       0x2c zephyr/libzephyr.a(usb_device.c.obj)
 .text.usb_halt_endpoint_req.isra.0
                0x0000000000002880       0x50 zephyr/libzephyr.a(usb_device.c.obj)
 .text.get_ep_bm_from_addr.part.0
                0x00000000000028d0       0x30 zephyr/libzephyr.a(usb_device.c.obj)
 .text.disable_endpoint
                0x0000000000002900       0x60 zephyr/libzephyr.a(usb_device.c.obj)
 .text.set_endpoint
                0x0000000000002960       0xc0 zephyr/libzephyr.a(usb_device.c.obj)
 .text.usb_handle_standard_request
                0x0000000000002a20      0x2ec zephyr/libzephyr.a(usb_device.c.obj)
 .text.usb_set_config
                0x0000000000002d0c       0x2c zephyr/libzephyr.a(usb_device.c.obj)
                0x0000000000002d0c                usb_set_config
 .text.usb_device_init
                0x0000000000002d38       0x2c zephyr/libzephyr.a(usb_device.c.obj)
 .text.usb_update_sn_string_descriptor
                0x0000000000002d64       0x88 zephyr/libzephyr.a(usb_descriptor.c.obj)
                0x0000000000002d64                usb_update_sn_string_descriptor
 .text.usb_get_device_descriptor
                0x0000000000002dec      0x244 zephyr/libzephyr.a(usb_descriptor.c.obj)
                0x0000000000002dec                usb_get_device_descriptor
 .text.usb_ep_get_transfer
                0x0000000000003030       0x2c zephyr/libzephyr.a(usb_transfer.c.obj)
 .text.usb_cancel_transfer
                0x000000000000305c       0x3c zephyr/libzephyr.a(usb_transfer.c.obj)
                0x000000000000305c                usb_cancel_transfer
 .text.nrf_cc3xx_platform_abort_init
                0x0000000000003098        0xc zephyr/libzephyr.a(nrf_cc3xx_platform_abort_zephyr.c.obj)
                0x0000000000003098                nrf_cc3xx_platform_abort_init
 .text.mutex_free_platform
                0x00000000000030a4       0x54 zephyr/libzephyr.a(nrf_cc3xx_platform_mutex_zephyr.c.obj)
 .text.mutex_lock_platform
                0x00000000000030f8       0x60 zephyr/libzephyr.a(nrf_cc3xx_platform_mutex_zephyr.c.obj)
 .text.mutex_unlock_platform
                0x0000000000003158       0x58 zephyr/libzephyr.a(nrf_cc3xx_platform_mutex_zephyr.c.obj)
 .text.mutex_init_platform
                0x00000000000031b0       0x94 zephyr/libzephyr.a(nrf_cc3xx_platform_mutex_zephyr.c.obj)
 .text.nrf_cc3xx_platform_mutex_init
                0x0000000000003244       0x2c zephyr/libzephyr.a(nrf_cc3xx_platform_mutex_zephyr.c.obj)
                0x0000000000003244                nrf_cc3xx_platform_mutex_init
 .text.z_arm_cpu_idle_init
                0x0000000000003270        0xc zephyr/arch/arch/arm/core/aarch32/libarch__arm__core__aarch32.a(cpu_idle.S.obj)
                0x0000000000003270                z_arm_cpu_idle_init
 .text.arch_cpu_idle
                0x000000000000327c       0x1c zephyr/arch/arch/arm/core/aarch32/libarch__arm__core__aarch32.a(cpu_idle.S.obj)
                0x000000000000327c                arch_cpu_idle
 .text.arch_cpu_atomic_idle
                0x0000000000003298       0x18 zephyr/arch/arch/arm/core/aarch32/libarch__arm__core__aarch32.a(cpu_idle.S.obj)
                0x0000000000003298                arch_cpu_atomic_idle
 .text.z_arm_fatal_error
                0x00000000000032b0       0xcc zephyr/arch/arch/arm/core/aarch32/libarch__arm__core__aarch32.a(fatal.c.obj)
                0x00000000000032b0                z_arm_fatal_error
 .text.arch_irq_enable
                0x000000000000337c       0x1c zephyr/arch/arch/arm/core/aarch32/libarch__arm__core__aarch32.a(irq_manage.c.obj)
                0x000000000000337c                arch_irq_enable
 .text.arch_irq_disable
                0x0000000000003398       0x28 zephyr/arch/arch/arm/core/aarch32/libarch__arm__core__aarch32.a(irq_manage.c.obj)
                0x0000000000003398                arch_irq_disable
 .text.arch_irq_is_enabled
                0x00000000000033c0       0x1c zephyr/arch/arch/arm/core/aarch32/libarch__arm__core__aarch32.a(irq_manage.c.obj)
                0x00000000000033c0                arch_irq_is_enabled
 .text.z_arm_irq_priority_set
                0x00000000000033dc       0x30 zephyr/arch/arch/arm/core/aarch32/libarch__arm__core__aarch32.a(irq_manage.c.obj)
                0x00000000000033dc                z_arm_irq_priority_set
 .text.z_SysNmiOnReset
                0x000000000000340c        0x8 zephyr/arch/arch/arm/core/aarch32/libarch__arm__core__aarch32.a(nmi_on_reset.S.obj)
                0x000000000000340c                z_SysNmiOnReset
 .text.z_arm_prep_c
                0x0000000000003414       0x38 zephyr/arch/arch/arm/core/aarch32/libarch__arm__core__aarch32.a(prep_c.c.obj)
                0x0000000000003414                z_arm_prep_c
 .text.arch_swap
                0x000000000000344c       0x34 zephyr/arch/arch/arm/core/aarch32/libarch__arm__core__aarch32.a(swap.c.obj)
                0x000000000000344c                arch_swap
 .text.z_arm_pendsv
                0x0000000000003480       0x54 zephyr/arch/arch/arm/core/aarch32/libarch__arm__core__aarch32.a(swap_helper.S.obj)
                0x0000000000003480                z_arm_pendsv
 .text.z_arm_svc
                0x00000000000034d4       0x20 zephyr/arch/arch/arm/core/aarch32/libarch__arm__core__aarch32.a(swap_helper.S.obj)
                0x00000000000034d4                z_arm_svc
 .text.arch_new_thread
                0x00000000000034f4       0x38 zephyr/arch/arch/arm/core/aarch32/libarch__arm__core__aarch32.a(thread.c.obj)
                0x00000000000034f4                arch_new_thread
 .text.z_check_thread_stack_fail
                0x000000000000352c       0x2c zephyr/arch/arch/arm/core/aarch32/libarch__arm__core__aarch32.a(thread.c.obj)
                0x000000000000352c                z_check_thread_stack_fail
 .text.arch_switch_to_main_thread
                0x0000000000003558       0x2c zephyr/arch/arch/arm/core/aarch32/libarch__arm__core__aarch32.a(thread.c.obj)
                0x0000000000003558                arch_switch_to_main_thread
 .text._isr_wrapper
                0x0000000000003584       0x40 zephyr/arch/arch/arm/core/aarch32/libarch__arm__core__aarch32.a(isr_wrapper.S.obj)
                0x0000000000003584                _isr_wrapper
 .text._HandlerModeExit
                0x00000000000035c4       0x1c zephyr/arch/arch/arm/core/aarch32/cortex_m/libarch__arm__core__aarch32__cortex_m.a(exc_exit.S.obj)
                0x00000000000035c4                z_arm_exc_exit
                0x00000000000035c4                z_arm_int_exit
 .text.bus_fault.constprop.0
                0x00000000000035e0      0x154 zephyr/arch/arch/arm/core/aarch32/cortex_m/libarch__arm__core__aarch32__cortex_m.a(fault.c.obj)
 .text.usage_fault.constprop.0
                0x0000000000003734      0x104 zephyr/arch/arch/arm/core/aarch32/cortex_m/libarch__arm__core__aarch32__cortex_m.a(fault.c.obj)
 .text.mem_manage_fault
                0x0000000000003838      0x178 zephyr/arch/arch/arm/core/aarch32/cortex_m/libarch__arm__core__aarch32__cortex_m.a(fault.c.obj)
 .text.z_arm_fault
                0x00000000000039b0      0x218 zephyr/arch/arch/arm/core/aarch32/cortex_m/libarch__arm__core__aarch32__cortex_m.a(fault.c.obj)
                0x00000000000039b0                z_arm_fault
 .text.z_arm_fault_init
                0x0000000000003bc8       0x10 zephyr/arch/arch/arm/core/aarch32/cortex_m/libarch__arm__core__aarch32__cortex_m.a(fault.c.obj)
                0x0000000000003bc8                z_arm_fault_init
 .text.__fault  0x0000000000003bd8       0x14 zephyr/arch/arch/arm/core/aarch32/cortex_m/libarch__arm__core__aarch32__cortex_m.a(fault_s.S.obj)
                0x0000000000003bd8                z_arm_bus_fault
                0x0000000000003bd8                z_arm_usage_fault
                0x0000000000003bd8                z_arm_mpu_fault
                0x0000000000003bd8                z_arm_exc_spurious
                0x0000000000003bd8                z_arm_debug_monitor
                0x0000000000003bd8                z_arm_hard_fault
 .text.z_arm_interrupt_init
                0x0000000000003bec       0x18 zephyr/arch/arch/arm/core/aarch32/cortex_m/libarch__arm__core__aarch32__cortex_m.a(irq_init.c.obj)
                0x0000000000003bec                z_arm_interrupt_init
 .text._reset_section
                0x0000000000003c04       0x54 zephyr/arch/arch/arm/core/aarch32/cortex_m/libarch__arm__core__aarch32__cortex_m.a(reset.S.obj)
                0x0000000000003c04                z_arm_reset
                0x0000000000003c04                __start
 .text.z_arm_clear_arm_mpu_config
                0x0000000000003c58       0x24 zephyr/arch/arch/arm/core/aarch32/cortex_m/libarch__arm__core__aarch32__cortex_m.a(scb.c.obj)
                0x0000000000003c58                z_arm_clear_arm_mpu_config
 .text.z_arm_init_arch_hw_at_boot
                0x0000000000003c7c       0x64 zephyr/arch/arch/arm/core/aarch32/cortex_m/libarch__arm__core__aarch32__cortex_m.a(scb.c.obj)
                0x0000000000003c7c                z_arm_init_arch_hw_at_boot
 .text.z_impl_k_thread_abort
                0x0000000000003ce0       0x2c zephyr/arch/arch/arm/core/aarch32/cortex_m/libarch__arm__core__aarch32__cortex_m.a(thread_abort.c.obj)
                0x0000000000003ce0                z_impl_k_thread_abort
 .text.z_arm_configure_static_mpu_regions
                0x0000000000003d0c       0x18 zephyr/arch/arch/arm/core/aarch32/mpu/libarch__arm__core__aarch32__mpu.a(arm_core_mpu.c.obj)
                0x0000000000003d0c                z_arm_configure_static_mpu_regions
 .text.z_arm_configure_dynamic_mpu_regions
                0x0000000000003d24       0x20 zephyr/arch/arch/arm/core/aarch32/mpu/libarch__arm__core__aarch32__mpu.a(arm_core_mpu.c.obj)
                0x0000000000003d24                z_arm_configure_dynamic_mpu_regions
 .text.mpu_configure_regions
                0x0000000000003d44       0xcc zephyr/arch/arch/arm/core/aarch32/mpu/libarch__arm__core__aarch32__mpu.a(arm_mpu.c.obj)
 .text.arm_core_mpu_enable
                0x0000000000003e10       0x18 zephyr/arch/arch/arm/core/aarch32/mpu/libarch__arm__core__aarch32__mpu.a(arm_mpu.c.obj)
                0x0000000000003e10                arm_core_mpu_enable
 .text.arm_core_mpu_disable
                0x0000000000003e28       0x14 zephyr/arch/arch/arm/core/aarch32/mpu/libarch__arm__core__aarch32__mpu.a(arm_mpu.c.obj)
                0x0000000000003e28                arm_core_mpu_disable
 .text.arm_core_mpu_configure_static_mpu_regions
                0x0000000000003e3c       0x14 zephyr/arch/arch/arm/core/aarch32/mpu/libarch__arm__core__aarch32__mpu.a(arm_mpu.c.obj)
                0x0000000000003e3c                arm_core_mpu_configure_static_mpu_regions
 .text.arm_core_mpu_configure_dynamic_mpu_regions
                0x0000000000003e50       0x30 zephyr/arch/arch/arm/core/aarch32/mpu/libarch__arm__core__aarch32__mpu.a(arm_mpu.c.obj)
                0x0000000000003e50                arm_core_mpu_configure_dynamic_mpu_regions
 .text.z_arm_mpu_init
                0x0000000000003e80       0x60 zephyr/arch/arch/arm/core/aarch32/mpu/libarch__arm__core__aarch32__mpu.a(arm_mpu.c.obj)
                0x0000000000003e80                z_arm_mpu_init
 .text.nordicsemi_nrf52_init
                0x0000000000003ee0       0x30 zephyr/soc/arm/nordic_nrf/nrf52/libsoc__arm__nordic_nrf__nrf52.a(soc.c.obj)
 .text.sys_arch_reboot
                0x0000000000003f10       0x2c zephyr/soc/arm/nordic_nrf/nrf52/libsoc__arm__nordic_nrf__nrf52.a(soc.c.obj)
                0x0000000000003f10                sys_arch_reboot
 .text.arch_busy_wait
                0x0000000000003f3c       0x14 zephyr/soc/arm/nordic_nrf/nrf52/libsoc__arm__nordic_nrf__nrf52.a(soc.c.obj)
                0x0000000000003f3c                arch_busy_wait
 .text.hid_status_cb.part.0
                0x0000000000003f50       0x2c zephyr/subsys/usb/device/class/hid/libsubsys__usb__device__class__hid.a(core.c.obj)
 .text.hid_custom_handle_req
                0x0000000000003f7c       0xb0 zephyr/subsys/usb/device/class/hid/libsubsys__usb__device__class__hid.a(core.c.obj)
 .text.hid_int_in.part.0
                0x000000000000402c       0x2c zephyr/subsys/usb/device/class/hid/libsubsys__usb__device__class__hid.a(core.c.obj)
 .text.hid_int_in
                0x0000000000004058       0x38 zephyr/subsys/usb/device/class/hid/libsubsys__usb__device__class__hid.a(core.c.obj)
 .text.hid_class_handle_req
                0x0000000000004090      0x164 zephyr/subsys/usb/device/class/hid/libsubsys__usb__device__class__hid.a(core.c.obj)
 .text.hid_status_cb
                0x00000000000041f4      0x150 zephyr/subsys/usb/device/class/hid/libsubsys__usb__device__class__hid.a(core.c.obj)
 .text.usb_hid_register_device
                0x0000000000004344       0x2c zephyr/subsys/usb/device/class/hid/libsubsys__usb__device__class__hid.a(core.c.obj)
                0x0000000000004344                usb_hid_register_device
 .text.hid_int_ep_write
                0x0000000000004370       0x44 zephyr/subsys/usb/device/class/hid/libsubsys__usb__device__class__hid.a(core.c.obj)
                0x0000000000004370                hid_int_ep_write
 .text.endpoint_ctx
                0x00000000000043b4       0x60 zephyr/drivers/usb/device/libdrivers__usb__device.a(usb_dc_nrfx.c.obj)
 .text.usbd_work_schedule
                0x0000000000004414       0x10 zephyr/drivers/usb/device/libdrivers__usb__device.a(usb_dc_nrfx.c.obj)
 .text.usbd_evt_put
                0x0000000000004424        0xc zephyr/drivers/usb/device/libdrivers__usb__device.a(usb_dc_nrfx.c.obj)
 .text.usbd_evt_get
                0x0000000000004430       0x10 zephyr/drivers/usb/device/libdrivers__usb__device.a(usb_dc_nrfx.c.obj)
 .text.usbd_evt_flush
                0x0000000000004440       0x1c zephyr/drivers/usb/device/libdrivers__usb__device.a(usb_dc_nrfx.c.obj)
 .text.usbd_evt_alloc
                0x000000000000445c       0x78 zephyr/drivers/usb/device/libdrivers__usb__device.a(usb_dc_nrfx.c.obj)
 .text.usb_dc_power_event_handler
                0x00000000000044d4       0x5c zephyr/drivers/usb/device/libdrivers__usb__device.a(usb_dc_nrfx.c.obj)
 .text.usbd_event_transfer_data
                0x0000000000004530       0xe0 zephyr/drivers/usb/device/libdrivers__usb__device.a(usb_dc_nrfx.c.obj)
 .text.usb_init
                0x0000000000004610       0x70 zephyr/drivers/usb/device/libdrivers__usb__device.a(usb_dc_nrfx.c.obj)
 .text.hfxo_stop.constprop.0.isra.0
                0x0000000000004680       0x40 zephyr/drivers/usb/device/libdrivers__usb__device.a(usb_dc_nrfx.c.obj)
 .text.usbd_event_handler
                0x00000000000046c0      0x174 zephyr/drivers/usb/device/libdrivers__usb__device.a(usb_dc_nrfx.c.obj)
 .text.eps_ctx_init
                0x0000000000004834       0x68 zephyr/drivers/usb/device/libdrivers__usb__device.a(usb_dc_nrfx.c.obj)
 .text.usbd_work_handler
                0x000000000000489c      0x3a4 zephyr/drivers/usb/device/libdrivers__usb__device.a(usb_dc_nrfx.c.obj)
 .text.usb_dc_set_address
                0x0000000000004c40       0x24 zephyr/drivers/usb/device/libdrivers__usb__device.a(usb_dc_nrfx.c.obj)
                0x0000000000004c40                usb_dc_set_address
 .text.usb_dc_ep_check_cap
                0x0000000000004c64       0x54 zephyr/drivers/usb/device/libdrivers__usb__device.a(usb_dc_nrfx.c.obj)
                0x0000000000004c64                usb_dc_ep_check_cap
 .text.usb_dc_ep_configure
                0x0000000000004cb8       0x68 zephyr/drivers/usb/device/libdrivers__usb__device.a(usb_dc_nrfx.c.obj)
                0x0000000000004cb8                usb_dc_ep_configure
 .text.usb_dc_ep_set_stall
                0x0000000000004d20       0x74 zephyr/drivers/usb/device/libdrivers__usb__device.a(usb_dc_nrfx.c.obj)
                0x0000000000004d20                usb_dc_ep_set_stall
 .text.usb_dc_ep_clear_stall
                0x0000000000004d94       0x40 zephyr/drivers/usb/device/libdrivers__usb__device.a(usb_dc_nrfx.c.obj)
                0x0000000000004d94                usb_dc_ep_clear_stall
 .text.usb_dc_ep_is_stalled
                0x0000000000004dd4       0x38 zephyr/drivers/usb/device/libdrivers__usb__device.a(usb_dc_nrfx.c.obj)
                0x0000000000004dd4                usb_dc_ep_is_stalled
 .text.usb_dc_ep_enable
                0x0000000000004e0c       0x54 zephyr/drivers/usb/device/libdrivers__usb__device.a(usb_dc_nrfx.c.obj)
                0x0000000000004e0c                usb_dc_ep_enable
 .text.usb_dc_ep_write
                0x0000000000004e60      0x144 zephyr/drivers/usb/device/libdrivers__usb__device.a(usb_dc_nrfx.c.obj)
                0x0000000000004e60                usb_dc_ep_write
 .text.onoff_stop
                0x0000000000004fa4       0x30 zephyr/drivers/clock_control/libdrivers__clock_control.a(clock_control_nrf.c.obj)
 .text.onoff_start
                0x0000000000004fd4       0x44 zephyr/drivers/clock_control/libdrivers__clock_control.a(clock_control_nrf.c.obj)
 .text.clk_init
                0x0000000000005018       0x58 zephyr/drivers/clock_control/libdrivers__clock_control.a(clock_control_nrf.c.obj)
 .text.clkstarted_handle.constprop.0
                0x0000000000005070       0x34 zephyr/drivers/clock_control/libdrivers__clock_control.a(clock_control_nrf.c.obj)
 .text.clock_event_handler
                0x00000000000050a4       0x1c zephyr/drivers/clock_control/libdrivers__clock_control.a(clock_control_nrf.c.obj)
 .text.generic_hfclk_start
                0x00000000000050c0       0x64 zephyr/drivers/clock_control/libdrivers__clock_control.a(clock_control_nrf.c.obj)
 .text.api_blocking_start
                0x0000000000005124       0x34 zephyr/drivers/clock_control/libdrivers__clock_control.a(clock_control_nrf.c.obj)
 .text.generic_hfclk_stop
                0x0000000000005158       0x34 zephyr/drivers/clock_control/libdrivers__clock_control.a(clock_control_nrf.c.obj)
 .text.z_nrf_clock_control_get_onoff
                0x000000000000518c       0x10 zephyr/drivers/clock_control/libdrivers__clock_control.a(clock_control_nrf.c.obj)
                0x000000000000518c                z_nrf_clock_control_get_onoff
 .text.z_nrf_clock_control_lf_on
                0x000000000000519c       0xfc zephyr/drivers/clock_control/libdrivers__clock_control.a(clock_control_nrf.c.obj)
                0x000000000000519c                z_nrf_clock_control_lf_on
 .text.gpio_nrfx_pin_interrupt_configure
                0x0000000000005298       0xd4 zephyr/drivers/gpio/libdrivers__gpio.a(gpio_nrfx.c.obj)
 .text.gpio_nrfx_init
                0x000000000000536c       0x38 zephyr/drivers/gpio/libdrivers__gpio.a(gpio_nrfx.c.obj)
 .text.nrfx_gpio_handler
                0x00000000000053a4       0x4c zephyr/drivers/gpio/libdrivers__gpio.a(gpio_nrfx.c.obj)
 .text.gpio_nrfx_pin_configure
                0x00000000000053f0      0x128 zephyr/drivers/gpio/libdrivers__gpio.a(gpio_nrfx.c.obj)
 .text.i2c_nrfx_twim_init
                0x0000000000005518       0x7c zephyr/drivers/i2c/libdrivers__i2c.a(i2c_nrfx_twim.c.obj)
 .text.i2c_nrfx_twim_recover_bus
                0x0000000000005594       0x3c zephyr/drivers/i2c/libdrivers__i2c.a(i2c_nrfx_twim.c.obj)
 .text.event_handler
                0x00000000000055d0       0x34 zephyr/drivers/i2c/libdrivers__i2c.a(i2c_nrfx_twim.c.obj)
 .text.i2c_nrfx_twim_configure
                0x0000000000005604       0x54 zephyr/drivers/i2c/libdrivers__i2c.a(i2c_nrfx_twim.c.obj)
 .text.i2c_nrfx_twim_transfer
                0x0000000000005658      0x264 zephyr/drivers/i2c/libdrivers__i2c.a(i2c_nrfx_twim.c.obj)
 .text.pinctrl_configure_pins
                0x00000000000058bc       0x78 zephyr/drivers/pinctrl/libdrivers__pinctrl.a(pinctrl_nrf.c.obj)
                0x00000000000058bc                pinctrl_configure_pins
 .text.as5600_initialize
                0x0000000000005934       0x40 zephyr/drivers/sensor/ams_as5600/libdrivers__sensor__ams_as5600.a(ams_as5600.c.obj)
 .text.hfclk_on_callback
                0x0000000000005974        0xc zephyr/drivers/sensor/nrf5/libdrivers__sensor__nrf5.a(temp_nrf5.c.obj)
 .text.temp_nrf5_channel_get
                0x0000000000005980       0x2c zephyr/drivers/sensor/nrf5/libdrivers__sensor__nrf5.a(temp_nrf5.c.obj)
 .text.temp_nrf5_isr
                0x00000000000059ac       0x18 zephyr/drivers/sensor/nrf5/libdrivers__sensor__nrf5.a(temp_nrf5.c.obj)
 .text.temp_nrf5_sample_fetch
                0x00000000000059c4       0x78 zephyr/drivers/sensor/nrf5/libdrivers__sensor__nrf5.a(temp_nrf5.c.obj)
 .text.temp_nrf5_init
                0x0000000000005a3c       0x40 zephyr/drivers/sensor/nrf5/libdrivers__sensor__nrf5.a(temp_nrf5.c.obj)
 .text.compare_int_lock
                0x0000000000005a7c       0x48 zephyr/drivers/timer/libdrivers__timer.a(nrf_rtc_timer.c.obj)
 .text.sys_clock_timeout_handler
                0x0000000000005ac4       0x48 zephyr/drivers/timer/libdrivers__timer.a(nrf_rtc_timer.c.obj)
 .text.compare_int_unlock
                0x0000000000005b0c       0x5c zephyr/drivers/timer/libdrivers__timer.a(nrf_rtc_timer.c.obj)
 .text.z_nrf_rtc_timer_read
                0x0000000000005b68       0x44 zephyr/drivers/timer/libdrivers__timer.a(nrf_rtc_timer.c.obj)
                0x0000000000005b68                z_nrf_rtc_timer_read
 .text.compare_set
                0x0000000000005bac      0x11c zephyr/drivers/timer/libdrivers__timer.a(nrf_rtc_timer.c.obj)
 .text.sys_clock_driver_init
                0x0000000000005cc8       0x8c zephyr/drivers/timer/libdrivers__timer.a(nrf_rtc_timer.c.obj)
 .text.rtc_nrf_isr
                0x0000000000005d54       0xd4 zephyr/drivers/timer/libdrivers__timer.a(nrf_rtc_timer.c.obj)
                0x0000000000005d54                rtc_nrf_isr
 .text.sys_clock_set_timeout
                0x0000000000005e28       0x64 zephyr/drivers/timer/libdrivers__timer.a(nrf_rtc_timer.c.obj)
                0x0000000000005e28                sys_clock_set_timeout
 .text.sys_clock_elapsed
                0x0000000000005e8c       0x14 zephyr/drivers/timer/libdrivers__timer.a(nrf_rtc_timer.c.obj)
                0x0000000000005e8c                sys_clock_elapsed
 .text.sys_clock_disable
                0x0000000000005ea0       0x30 zephyr/drivers/timer/libdrivers__timer.a(nrf_rtc_timer.c.obj)
                0x0000000000005ea0                sys_clock_disable
 .text.k_sys_fatal_error_handler
                0x0000000000005ed0       0x2c modules/nrf/lib/fatal_error/lib..__nrf__lib__fatal_error.a(fatal_error.c.obj)
                0x0000000000005ed0                k_sys_fatal_error_handler
 .text.nrf52_errata_98
                0x0000000000005efc       0x24 modules/hal_nordic/nrfx/libmodules__hal_nordic__nrfx.a(system_nrf52840.c.obj)
 .text.nvmc_wait
                0x0000000000005f20       0x10 modules/hal_nordic/nrfx/libmodules__hal_nordic__nrfx.a(system_nrf52840.c.obj)
                0x0000000000005f20                nvmc_wait
 .text.SystemInit
                0x0000000000005f30      0x1bc modules/hal_nordic/nrfx/libmodules__hal_nordic__nrfx.a(system_nrf52840.c.obj)
                0x0000000000005f30                SystemInit
 .text.nrfx_flag32_alloc
                0x00000000000060ec       0x40 modules/hal_nordic/nrfx/libmodules__hal_nordic__nrfx.a(nrfx_flag32_allocator.c.obj)
                0x00000000000060ec                nrfx_flag32_alloc
 .text.nrfx_flag32_free
                0x000000000000612c       0x40 modules/hal_nordic/nrfx/libmodules__hal_nordic__nrfx.a(nrfx_flag32_allocator.c.obj)
                0x000000000000612c                nrfx_flag32_free
 .text.clock_stop
                0x000000000000616c       0xc8 modules/hal_nordic/nrfx/libmodules__hal_nordic__nrfx.a(nrfx_clock.c.obj)
 .text.nrfx_clock_init
                0x0000000000006234       0x20 modules/hal_nordic/nrfx/libmodules__hal_nordic__nrfx.a(nrfx_clock.c.obj)
                0x0000000000006234                nrfx_clock_init
 .text.nrfx_clock_enable
                0x0000000000006254       0x24 modules/hal_nordic/nrfx/libmodules__hal_nordic__nrfx.a(nrfx_clock.c.obj)
                0x0000000000006254                nrfx_clock_enable
 .text.nrfx_clock_irq_handler
                0x0000000000006278       0x68 modules/hal_nordic/nrfx/libmodules__hal_nordic__nrfx.a(nrfx_clock.c.obj)
                0x0000000000006278                nrfx_clock_irq_handler
 .text.nrf_gpio_pin_port_decode
                0x00000000000062e0       0x1c modules/hal_nordic/nrfx/libmodules__hal_nordic__nrfx.a(nrfx_gpiote.c.obj)
 .text.pin_in_use_by_te
                0x00000000000062fc       0x14 modules/hal_nordic/nrfx/libmodules__hal_nordic__nrfx.a(nrfx_gpiote.c.obj)
 .text.call_handler
                0x0000000000006310       0x3c modules/hal_nordic/nrfx/libmodules__hal_nordic__nrfx.a(nrfx_gpiote.c.obj)
 .text.release_handler
                0x000000000000634c       0x54 modules/hal_nordic/nrfx/libmodules__hal_nordic__nrfx.a(nrfx_gpiote.c.obj)
 .text.pin_handler_trigger_uninit
                0x00000000000063a0       0x38 modules/hal_nordic/nrfx/libmodules__hal_nordic__nrfx.a(nrfx_gpiote.c.obj)
 .text.nrfx_gpiote_input_configure
                0x00000000000063d8      0x15c modules/hal_nordic/nrfx/libmodules__hal_nordic__nrfx.a(nrfx_gpiote.c.obj)
                0x00000000000063d8                nrfx_gpiote_input_configure
 .text.nrfx_gpiote_output_configure
                0x0000000000006534       0xe4 modules/hal_nordic/nrfx/libmodules__hal_nordic__nrfx.a(nrfx_gpiote.c.obj)
                0x0000000000006534                nrfx_gpiote_output_configure
 .text.nrfx_gpiote_global_callback_set
                0x0000000000006618        0xc modules/hal_nordic/nrfx/libmodules__hal_nordic__nrfx.a(nrfx_gpiote.c.obj)
                0x0000000000006618                nrfx_gpiote_global_callback_set
 .text.nrfx_gpiote_channel_get
                0x0000000000006624       0x2c modules/hal_nordic/nrfx/libmodules__hal_nordic__nrfx.a(nrfx_gpiote.c.obj)
                0x0000000000006624                nrfx_gpiote_channel_get
 .text.nrfx_gpiote_init
                0x0000000000006650       0x50 modules/hal_nordic/nrfx/libmodules__hal_nordic__nrfx.a(nrfx_gpiote.c.obj)
                0x0000000000006650                nrfx_gpiote_init
 .text.nrfx_gpiote_is_init
                0x00000000000066a0       0x14 modules/hal_nordic/nrfx/libmodules__hal_nordic__nrfx.a(nrfx_gpiote.c.obj)
                0x00000000000066a0                nrfx_gpiote_is_init
 .text.nrfx_gpiote_channel_free
                0x00000000000066b4        0xc modules/hal_nordic/nrfx/libmodules__hal_nordic__nrfx.a(nrfx_gpiote.c.obj)
                0x00000000000066b4                nrfx_gpiote_channel_free
 .text.nrfx_gpiote_channel_alloc
                0x00000000000066c0        0xc modules/hal_nordic/nrfx/libmodules__hal_nordic__nrfx.a(nrfx_gpiote.c.obj)
                0x00000000000066c0                nrfx_gpiote_channel_alloc
 .text.nrfx_gpiote_trigger_enable
                0x00000000000066cc       0x90 modules/hal_nordic/nrfx/libmodules__hal_nordic__nrfx.a(nrfx_gpiote.c.obj)
                0x00000000000066cc                nrfx_gpiote_trigger_enable
 .text.nrfx_gpiote_trigger_disable
                0x000000000000675c       0x50 modules/hal_nordic/nrfx/libmodules__hal_nordic__nrfx.a(nrfx_gpiote.c.obj)
                0x000000000000675c                nrfx_gpiote_trigger_disable
 .text.nrfx_gpiote_pin_uninit
                0x00000000000067ac       0x48 modules/hal_nordic/nrfx/libmodules__hal_nordic__nrfx.a(nrfx_gpiote.c.obj)
                0x00000000000067ac                nrfx_gpiote_pin_uninit
 .text.nrfx_gpiote_irq_handler
                0x00000000000067f4      0x1bc modules/hal_nordic/nrfx/libmodules__hal_nordic__nrfx.a(nrfx_gpiote.c.obj)
                0x00000000000067f4                nrfx_gpiote_irq_handler
 .text.nrfx_power_init
                0x00000000000069b0       0x74 modules/hal_nordic/nrfx/libmodules__hal_nordic__nrfx.a(nrfx_power.c.obj)
                0x00000000000069b0                nrfx_power_init
 .text.nrfx_power_usbevt_uninit
                0x0000000000006a24       0x18 modules/hal_nordic/nrfx/libmodules__hal_nordic__nrfx.a(nrfx_power.c.obj)
                0x0000000000006a24                nrfx_power_usbevt_uninit
 .text.nrfx_power_usbevt_init
                0x0000000000006a3c       0x14 modules/hal_nordic/nrfx/libmodules__hal_nordic__nrfx.a(nrfx_power.c.obj)
                0x0000000000006a3c                nrfx_power_usbevt_init
 .text.nrfx_power_irq_handler
                0x0000000000006a50       0xa0 modules/hal_nordic/nrfx/libmodules__hal_nordic__nrfx.a(nrfx_power.c.obj)
                0x0000000000006a50                nrfx_power_irq_handler
 .text.nrfx_twim_init
                0x0000000000006af0       0xc4 modules/hal_nordic/nrfx/libmodules__hal_nordic__nrfx.a(nrfx_twim.c.obj)
                0x0000000000006af0                nrfx_twim_init
 .text.nrfx_twim_enable
                0x0000000000006bb4       0x20 modules/hal_nordic/nrfx/libmodules__hal_nordic__nrfx.a(nrfx_twim.c.obj)
                0x0000000000006bb4                nrfx_twim_enable
 .text.nrfx_twim_disable
                0x0000000000006bd4       0x3c modules/hal_nordic/nrfx/libmodules__hal_nordic__nrfx.a(nrfx_twim.c.obj)
                0x0000000000006bd4                nrfx_twim_disable
 .text.nrfx_twim_xfer
                0x0000000000006c10      0x318 modules/hal_nordic/nrfx/libmodules__hal_nordic__nrfx.a(nrfx_twim.c.obj)
                0x0000000000006c10                nrfx_twim_xfer
 .text.nrfx_twim_0_irq_handler
                0x0000000000006f28      0x17c modules/hal_nordic/nrfx/libmodules__hal_nordic__nrfx.a(nrfx_twim.c.obj)
                0x0000000000006f28                nrfx_twim_0_irq_handler
 .text.nrf52_errata_187
                0x00000000000070a4       0x28 modules/hal_nordic/nrfx/libmodules__hal_nordic__nrfx.a(nrfx_usbd.c.obj)
 .text.ep_state_access
                0x00000000000070cc       0x1c modules/hal_nordic/nrfx/libmodules__hal_nordic__nrfx.a(nrfx_usbd.c.obj)
 .text.ev_usbreset_handler
                0x00000000000070e8       0x2c modules/hal_nordic/nrfx/libmodules__hal_nordic__nrfx.a(nrfx_usbd.c.obj)
 .text.ev_usbevent_handler
                0x0000000000007114       0x74 modules/hal_nordic/nrfx/libmodules__hal_nordic__nrfx.a(nrfx_usbd.c.obj)
 .text.usbd_errata_187_211_begin
                0x0000000000007188       0x40 modules/hal_nordic/nrfx/libmodules__hal_nordic__nrfx.a(nrfx_usbd.c.obj)
 .text.usbd_errata_187_211_end
                0x00000000000071c8       0x40 modules/hal_nordic/nrfx/libmodules__hal_nordic__nrfx.a(nrfx_usbd.c.obj)
 .text.nrfx_usbd_feeder_flash
                0x0000000000007208       0x38 modules/hal_nordic/nrfx/libmodules__hal_nordic__nrfx.a(nrfx_usbd.c.obj)
                0x0000000000007208                nrfx_usbd_feeder_flash
 .text.nrfx_usbd_feeder_flash_zlp
                0x0000000000007240       0x3c modules/hal_nordic/nrfx/libmodules__hal_nordic__nrfx.a(nrfx_usbd.c.obj)
                0x0000000000007240                nrfx_usbd_feeder_flash_zlp
 .text.ev_sof_handler
                0x000000000000727c       0x44 modules/hal_nordic/nrfx/libmodules__hal_nordic__nrfx.a(nrfx_usbd.c.obj)
 .text.atomic_and.constprop.0.isra.0
                0x00000000000072c0       0x20 modules/hal_nordic/nrfx/libmodules__hal_nordic__nrfx.a(nrfx_usbd.c.obj)
 .text.usbd_dma_pending_clear
                0x00000000000072e0       0x24 modules/hal_nordic/nrfx/libmodules__hal_nordic__nrfx.a(nrfx_usbd.c.obj)
 .text.nrf_usbd_ep0in_dma_handler
                0x0000000000007304       0x2c modules/hal_nordic/nrfx/libmodules__hal_nordic__nrfx.a(nrfx_usbd.c.obj)
 .text.usbd_ep_data_handler
                0x0000000000007330       0x8c modules/hal_nordic/nrfx/libmodules__hal_nordic__nrfx.a(nrfx_usbd.c.obj)
 .text.ev_setup_data_handler
                0x00000000000073bc       0x1c modules/hal_nordic/nrfx/libmodules__hal_nordic__nrfx.a(nrfx_usbd.c.obj)
 .text.ev_dma_epout8_handler
                0x00000000000073d8       0x40 modules/hal_nordic/nrfx/libmodules__hal_nordic__nrfx.a(nrfx_usbd.c.obj)
 .text.ev_dma_epin8_handler
                0x0000000000007418       0x50 modules/hal_nordic/nrfx/libmodules__hal_nordic__nrfx.a(nrfx_usbd.c.obj)
 .text.nrfx_usbd_uninit
                0x0000000000007468       0x14 modules/hal_nordic/nrfx/libmodules__hal_nordic__nrfx.a(nrfx_usbd.c.obj)
                0x0000000000007468                nrfx_usbd_uninit
 .text.nrfx_usbd_enable
                0x000000000000747c      0x14c modules/hal_nordic/nrfx/libmodules__hal_nordic__nrfx.a(nrfx_usbd.c.obj)
                0x000000000000747c                nrfx_usbd_enable
 .text.nrfx_usbd_start
                0x00000000000075c8       0x3c modules/hal_nordic/nrfx/libmodules__hal_nordic__nrfx.a(nrfx_usbd.c.obj)
                0x00000000000075c8                nrfx_usbd_start
 .text.nrfx_usbd_is_enabled
                0x0000000000007604       0x14 modules/hal_nordic/nrfx/libmodules__hal_nordic__nrfx.a(nrfx_usbd.c.obj)
                0x0000000000007604                nrfx_usbd_is_enabled
 .text.nrfx_usbd_suspend
                0x0000000000007618       0x58 modules/hal_nordic/nrfx/libmodules__hal_nordic__nrfx.a(nrfx_usbd.c.obj)
                0x0000000000007618                nrfx_usbd_suspend
 .text.nrfx_usbd_init
                0x0000000000007670       0x84 modules/hal_nordic/nrfx/libmodules__hal_nordic__nrfx.a(nrfx_usbd.c.obj)
                0x0000000000007670                nrfx_usbd_init
 .text.nrfx_usbd_ep_transfer
                0x00000000000076f4       0xf4 modules/hal_nordic/nrfx/libmodules__hal_nordic__nrfx.a(nrfx_usbd.c.obj)
                0x00000000000076f4                nrfx_usbd_ep_transfer
 .text.nrfx_usbd_epout_size_get
                0x00000000000077e8       0x28 modules/hal_nordic/nrfx/libmodules__hal_nordic__nrfx.a(nrfx_usbd.c.obj)
                0x00000000000077e8                nrfx_usbd_epout_size_get
 .text.usbd_dmareq_process
                0x0000000000007810      0x188 modules/hal_nordic/nrfx/libmodules__hal_nordic__nrfx.a(nrfx_usbd.c.obj)
 .text.ev_epdata_handler
                0x0000000000007998       0x44 modules/hal_nordic/nrfx/libmodules__hal_nordic__nrfx.a(nrfx_usbd.c.obj)
 .text.nrf_usbd_epout_dma_handler
                0x00000000000079dc       0x64 modules/hal_nordic/nrfx/libmodules__hal_nordic__nrfx.a(nrfx_usbd.c.obj)
 .text.nrfx_usbd_ep_stall
                0x0000000000007a40       0x10 modules/hal_nordic/nrfx/libmodules__hal_nordic__nrfx.a(nrfx_usbd.c.obj)
                0x0000000000007a40                nrfx_usbd_ep_stall
 .text.nrfx_usbd_ep_stall_check
                0x0000000000007a50       0x34 modules/hal_nordic/nrfx/libmodules__hal_nordic__nrfx.a(nrfx_usbd.c.obj)
                0x0000000000007a50                nrfx_usbd_ep_stall_check
 .text.nrfx_usbd_ep_dtoggle_clear
                0x0000000000007a84       0x18 modules/hal_nordic/nrfx/libmodules__hal_nordic__nrfx.a(nrfx_usbd.c.obj)
                0x0000000000007a84                nrfx_usbd_ep_dtoggle_clear
 .text.nrfx_usbd_setup_get
                0x0000000000007a9c       0x4c modules/hal_nordic/nrfx/libmodules__hal_nordic__nrfx.a(nrfx_usbd.c.obj)
                0x0000000000007a9c                nrfx_usbd_setup_get
 .text.nrfx_usbd_setup_data_clear
                0x0000000000007ae8       0x10 modules/hal_nordic/nrfx/libmodules__hal_nordic__nrfx.a(nrfx_usbd.c.obj)
                0x0000000000007ae8                nrfx_usbd_setup_data_clear
 .text.ev_dma_epout0_handler
                0x0000000000007af8       0x50 modules/hal_nordic/nrfx/libmodules__hal_nordic__nrfx.a(nrfx_usbd.c.obj)
 .text.nrfx_usbd_setup_clear
                0x0000000000007b48       0x10 modules/hal_nordic/nrfx/libmodules__hal_nordic__nrfx.a(nrfx_usbd.c.obj)
                0x0000000000007b48                nrfx_usbd_setup_clear
 .text.nrfx_usbd_setup_stall
                0x0000000000007b58       0x10 modules/hal_nordic/nrfx/libmodules__hal_nordic__nrfx.a(nrfx_usbd.c.obj)
                0x0000000000007b58                nrfx_usbd_setup_stall
 .text.nrfx_usbd_last_setup_dir_get
                0x0000000000007b68        0xc modules/hal_nordic/nrfx/libmodules__hal_nordic__nrfx.a(nrfx_usbd.c.obj)
                0x0000000000007b68                nrfx_usbd_last_setup_dir_get
 .text.nrfx_usbd_transfer_out_drop
                0x0000000000007b74       0x54 modules/hal_nordic/nrfx/libmodules__hal_nordic__nrfx.a(nrfx_usbd.c.obj)
                0x0000000000007b74                nrfx_usbd_transfer_out_drop
 .text.usbd_ep_abort
                0x0000000000007bc8       0xf4 modules/hal_nordic/nrfx/libmodules__hal_nordic__nrfx.a(nrfx_usbd.c.obj)
 .text.ev_setup_handler
                0x0000000000007cbc       0x68 modules/hal_nordic/nrfx/libmodules__hal_nordic__nrfx.a(nrfx_usbd.c.obj)
 .text.nrfx_usbd_irq_handler
                0x0000000000007d24       0x7c modules/hal_nordic/nrfx/libmodules__hal_nordic__nrfx.a(nrfx_usbd.c.obj)
                0x0000000000007d24                nrfx_usbd_irq_handler
 .text.nrfx_usbd_stop
                0x0000000000007da0       0x80 modules/hal_nordic/nrfx/libmodules__hal_nordic__nrfx.a(nrfx_usbd.c.obj)
                0x0000000000007da0                nrfx_usbd_stop
 .text.nrfx_usbd_disable
                0x0000000000007e20       0x30 modules/hal_nordic/nrfx/libmodules__hal_nordic__nrfx.a(nrfx_usbd.c.obj)
                0x0000000000007e20                nrfx_usbd_disable
 .text.nrfx_usbd_ep_disable
                0x0000000000007e50       0x58 modules/hal_nordic/nrfx/libmodules__hal_nordic__nrfx.a(nrfx_usbd.c.obj)
                0x0000000000007e50                nrfx_usbd_ep_disable
 .text.nrfx_usbd_ep_enable
                0x0000000000007ea8       0xa8 modules/hal_nordic/nrfx/libmodules__hal_nordic__nrfx.a(nrfx_usbd.c.obj)
                0x0000000000007ea8                nrfx_usbd_ep_enable
 .text.nrfx_usbd_ep_stall_clear
                0x0000000000007f50       0x20 modules/hal_nordic/nrfx/libmodules__hal_nordic__nrfx.a(nrfx_usbd.c.obj)
                0x0000000000007f50                nrfx_usbd_ep_stall_clear
 .text.nrf_gpio_pin_port_decode
                0x0000000000007f70       0x1c modules/hal_nordic/nrfx/libmodules__hal_nordic__nrfx.a(nrfx_twi_twim.c.obj)
 .text.nrfx_twi_twim_bus_recover
                0x0000000000007f8c       0xc8 modules/hal_nordic/nrfx/libmodules__hal_nordic__nrfx.a(nrfx_twi_twim.c.obj)
                0x0000000000007f8c                nrfx_twi_twim_bus_recover
 .text.z_impl_device_get_binding
                0x0000000000008054       0x54 zephyr/kernel/libkernel.a(device.c.obj)
                0x0000000000008054                z_impl_device_get_binding
 .text.z_fatal_error
                0x00000000000080a8       0xfc zephyr/kernel/libkernel.a(fatal.c.obj)
                0x00000000000080a8                z_fatal_error
 .text.z_sys_init_run_level
                0x00000000000081a4       0x48 zephyr/kernel/libkernel.a(init.c.obj)
 .text.bg_thread_main
                0x00000000000081ec       0x34 zephyr/kernel/libkernel.a(init.c.obj)
 .text.z_bss_zero
                0x0000000000008220       0x18 zephyr/kernel/libkernel.a(init.c.obj)
                0x0000000000008220                z_bss_zero
 .text.z_init_cpu
                0x0000000000008238       0x70 zephyr/kernel/libkernel.a(init.c.obj)
                0x0000000000008238                z_init_cpu
 .text.z_cstart
                0x00000000000082a8       0xe0 zephyr/kernel/libkernel.a(init.c.obj)
                0x00000000000082a8                z_cstart
 .text.init_mem_slab_module
                0x0000000000008388       0x24 zephyr/kernel/libkernel.a(mem_slab.c.obj)
 .text.k_mem_slab_alloc
                0x00000000000083ac       0x5c zephyr/kernel/libkernel.a(mem_slab.c.obj)
                0x00000000000083ac                k_mem_slab_alloc
 .text.z_setup_new_thread
                0x0000000000008408       0x64 zephyr/kernel/libkernel.a(thread.c.obj)
                0x0000000000008408                z_setup_new_thread
 .text.z_impl_k_thread_create
                0x000000000000846c       0x58 zephyr/kernel/libkernel.a(thread.c.obj)
                0x000000000000846c                z_impl_k_thread_create
 .text.z_init_static_threads
                0x00000000000084c4       0xb8 zephyr/kernel/libkernel.a(thread.c.obj)
                0x00000000000084c4                z_init_static_threads
 .text.idle     0x000000000000857c       0x38 zephyr/kernel/libkernel.a(idle.c.obj)
                0x000000000000857c                idle
 .text.z_impl_k_mutex_lock
                0x00000000000085b4       0xf4 zephyr/kernel/libkernel.a(mutex.c.obj)
                0x00000000000085b4                z_impl_k_mutex_lock
 .text.z_impl_k_mutex_unlock
                0x00000000000086a8       0x78 zephyr/kernel/libkernel.a(mutex.c.obj)
                0x00000000000086a8                z_impl_k_mutex_unlock
 .text.z_impl_k_queue_get
                0x0000000000008720       0x68 zephyr/kernel/libkernel.a(queue.c.obj)
                0x0000000000008720                z_impl_k_queue_get
 .text.z_impl_k_sem_give
                0x0000000000008788       0x40 zephyr/kernel/libkernel.a(sem.c.obj)
                0x0000000000008788                z_impl_k_sem_give
 .text.z_impl_k_sem_take
                0x00000000000087c8       0x50 zephyr/kernel/libkernel.a(sem.c.obj)
                0x00000000000087c8                z_impl_k_sem_take
 .text.k_sys_work_q_init
                0x0000000000008818       0x34 zephyr/kernel/libkernel.a(system_work_q.c.obj)
 .text.work_queue_main
                0x000000000000884c      0x138 zephyr/kernel/libkernel.a(work.c.obj)
 .text.submit_to_queue_locked
                0x0000000000008984       0xb4 zephyr/kernel/libkernel.a(work.c.obj)
 .text.k_work_submit
                0x0000000000008a38        0xc zephyr/kernel/libkernel.a(work.c.obj)
                0x0000000000008a38                k_work_submit
 .text.k_work_queue_start
                0x0000000000008a44       0x70 zephyr/kernel/libkernel.a(work.c.obj)
                0x0000000000008a44                k_work_queue_start
 .text.sliceable
                0x0000000000008ab4       0x3c zephyr/kernel/libkernel.a(sched.c.obj)
 .text.slice_timeout
                0x0000000000008af0       0x20 zephyr/kernel/libkernel.a(sched.c.obj)
 .text.z_reset_time_slice
                0x0000000000008b10       0x50 zephyr/kernel/libkernel.a(sched.c.obj)
                0x0000000000008b10                z_reset_time_slice
 .text.update_cache
                0x0000000000008b60       0x3c zephyr/kernel/libkernel.a(sched.c.obj)
 .text.move_thread_to_end_of_prio_q
                0x0000000000008b9c       0x74 zephyr/kernel/libkernel.a(sched.c.obj)
 .text.ready_thread
                0x0000000000008c10       0x68 zephyr/kernel/libkernel.a(sched.c.obj)
 .text.unready_thread
                0x0000000000008c78       0x30 zephyr/kernel/libkernel.a(sched.c.obj)
 .text.pend_locked
                0x0000000000008ca8       0x30 zephyr/kernel/libkernel.a(sched.c.obj)
 .text.z_time_slice
                0x0000000000008cd8       0x60 zephyr/kernel/libkernel.a(sched.c.obj)
                0x0000000000008cd8                z_time_slice
 .text.z_pend_curr
                0x0000000000008d38       0x3c zephyr/kernel/libkernel.a(sched.c.obj)
                0x0000000000008d38                z_pend_curr
 .text.z_set_prio
                0x0000000000008d74       0x8c zephyr/kernel/libkernel.a(sched.c.obj)
                0x0000000000008d74                z_set_prio
 .text.z_reschedule
                0x0000000000008e00       0x24 zephyr/kernel/libkernel.a(sched.c.obj)
                0x0000000000008e00                z_reschedule
 .text.z_sched_start
                0x0000000000008e24       0x3c zephyr/kernel/libkernel.a(sched.c.obj)
                0x0000000000008e24                z_sched_start
 .text.z_impl_k_thread_suspend
                0x0000000000008e60       0x64 zephyr/kernel/libkernel.a(sched.c.obj)
                0x0000000000008e60                z_impl_k_thread_suspend
 .text.k_sched_lock
                0x0000000000008ec4       0x28 zephyr/kernel/libkernel.a(sched.c.obj)
                0x0000000000008ec4                k_sched_lock
 .text.k_sched_unlock
                0x0000000000008eec       0x38 zephyr/kernel/libkernel.a(sched.c.obj)
                0x0000000000008eec                k_sched_unlock
 .text.z_sched_init
                0x0000000000008f24       0x10 zephyr/kernel/libkernel.a(sched.c.obj)
                0x0000000000008f24                z_sched_init
 .text.z_impl_k_yield
                0x0000000000008f34       0x7c zephyr/kernel/libkernel.a(sched.c.obj)
                0x0000000000008f34                z_impl_k_yield
 .text.z_tick_sleep
                0x0000000000008fb0       0x88 zephyr/kernel/libkernel.a(sched.c.obj)
 .text.z_impl_k_sleep
                0x0000000000009038       0x34 zephyr/kernel/libkernel.a(sched.c.obj)
                0x0000000000009038                z_impl_k_sleep
 .text.z_impl_k_usleep
                0x000000000000906c       0x34 zephyr/kernel/libkernel.a(sched.c.obj)
                0x000000000000906c                z_impl_k_usleep
 .text.z_impl_z_current_get
                0x00000000000090a0        0xc zephyr/kernel/libkernel.a(sched.c.obj)
                0x00000000000090a0                z_impl_z_current_get
 .text.z_thread_abort
                0x00000000000090ac       0xc0 zephyr/kernel/libkernel.a(sched.c.obj)
                0x00000000000090ac                z_thread_abort
 .text.z_sched_wait
                0x000000000000916c       0x24 zephyr/kernel/libkernel.a(sched.c.obj)
                0x000000000000916c                z_sched_wait
 .text.z_data_copy
                0x0000000000009190       0x34 zephyr/kernel/libkernel.a(xip.c.obj)
                0x0000000000009190                z_data_copy
 .text.elapsed  0x00000000000091c4       0x14 zephyr/kernel/libkernel.a(timeout.c.obj)
 .text.next_timeout
                0x00000000000091d8       0x40 zephyr/kernel/libkernel.a(timeout.c.obj)
 .text.remove_timeout
                0x0000000000009218       0x38 zephyr/kernel/libkernel.a(timeout.c.obj)
 .text.z_add_timeout
                0x0000000000009250       0xec zephyr/kernel/libkernel.a(timeout.c.obj)
                0x0000000000009250                z_add_timeout
 .text.sys_clock_announce
                0x000000000000933c       0xd4 zephyr/kernel/libkernel.a(timeout.c.obj)
                0x000000000000933c                sys_clock_announce
 .text.sys_clock_tick_get
                0x0000000000009410       0x34 zephyr/kernel/libkernel.a(timeout.c.obj)
                0x0000000000009410                sys_clock_tick_get
 .text.z_timer_expiration_handler
                0x0000000000009444       0xe4 zephyr/kernel/libkernel.a(timer.c.obj)
                0x0000000000009444                z_timer_expiration_handler
 .text.z_impl_k_timer_start
                0x0000000000009528       0x60 zephyr/kernel/libkernel.a(timer.c.obj)
                0x0000000000009528                z_impl_k_timer_start
 .text.z_thread_aligned_alloc
                0x0000000000009588       0x40 zephyr/kernel/libkernel.a(mempool.c.obj)
                0x0000000000009588                z_thread_aligned_alloc
 .text.boot_banner
                0x00000000000095c8        0xc zephyr/kernel/libkernel.a(banner.c.obj)
                0x00000000000095c8                boot_banner
 .text.statics_init
                0x00000000000095d4       0x24 zephyr/kernel/libkernel.a(kheap.c.obj)
 .text.nrf_cc3xx_platform_init_no_rng
                0x00000000000095f8       0x38 /opt/nordic/ncs/v2.4.0/nrfxlib/crypto/nrf_cc310_platform/lib/cortex-m4/soft-float/no-interrupts/libnrf_cc310_platform_0.9.17.a(nrf_cc3xx_platform.c.obj)
                0x00000000000095f8                nrf_cc3xx_platform_init_no_rng
 .text.nrf_cc3xx_platform_abort
                0x0000000000009630       0x24 /opt/nordic/ncs/v2.4.0/nrfxlib/crypto/nrf_cc310_platform/lib/cortex-m4/soft-float/no-interrupts/libnrf_cc310_platform_0.9.17.a(nrf_cc3xx_platform_abort.c.obj)
 .text.CC_PalAbort
                0x0000000000009654       0x34 /opt/nordic/ncs/v2.4.0/nrfxlib/crypto/nrf_cc310_platform/lib/cortex-m4/soft-float/no-interrupts/libnrf_cc310_platform_0.9.17.a(nrf_cc3xx_platform_abort.c.obj)
                0x0000000000009654                CC_PalAbort
 .text.nrf_cc3xx_platform_set_abort
                0x0000000000009688       0x10 /opt/nordic/ncs/v2.4.0/nrfxlib/crypto/nrf_cc310_platform/lib/cortex-m4/soft-float/no-interrupts/libnrf_cc310_platform_0.9.17.a(nrf_cc3xx_platform_abort.c.obj)
                0x0000000000009688                nrf_cc3xx_platform_set_abort
 .text.mutex_free
                0x0000000000009698       0x34 /opt/nordic/ncs/v2.4.0/nrfxlib/crypto/nrf_cc310_platform/lib/cortex-m4/soft-float/no-interrupts/libnrf_cc310_platform_0.9.17.a(nrf_cc3xx_platform_mutex.c.obj)
 .text.mutex_lock
                0x00000000000096cc       0x48 /opt/nordic/ncs/v2.4.0/nrfxlib/crypto/nrf_cc310_platform/lib/cortex-m4/soft-float/no-interrupts/libnrf_cc310_platform_0.9.17.a(nrf_cc3xx_platform_mutex.c.obj)
 .text.mutex_unlock
                0x0000000000009714       0x38 /opt/nordic/ncs/v2.4.0/nrfxlib/crypto/nrf_cc310_platform/lib/cortex-m4/soft-float/no-interrupts/libnrf_cc310_platform_0.9.17.a(nrf_cc3xx_platform_mutex.c.obj)
 .text.mutex_init
                0x000000000000974c       0x20 /opt/nordic/ncs/v2.4.0/nrfxlib/crypto/nrf_cc310_platform/lib/cortex-m4/soft-float/no-interrupts/libnrf_cc310_platform_0.9.17.a(nrf_cc3xx_platform_mutex.c.obj)
 .text.nrf_cc3xx_platform_set_mutexes
                0x000000000000976c       0x74 /opt/nordic/ncs/v2.4.0/nrfxlib/crypto/nrf_cc310_platform/lib/cortex-m4/soft-float/no-interrupts/libnrf_cc310_platform_0.9.17.a(nrf_cc3xx_platform_mutex.c.obj)
                0x000000000000976c                nrf_cc3xx_platform_set_mutexes
 .text.CC_LibInitNoRng
                0x00000000000097e0       0x64 /opt/nordic/ncs/v2.4.0/nrfxlib/crypto/nrf_cc310_platform/lib/cortex-m4/soft-float/no-interrupts/libnrf_cc310_platform_0.9.17.a(cc_lib.c.obj)
                0x00000000000097e0                CC_LibInitNoRng
 .text.CC_HalInit
                0x0000000000009844        0x4 /opt/nordic/ncs/v2.4.0/nrfxlib/crypto/nrf_cc310_platform/lib/cortex-m4/soft-float/no-interrupts/libnrf_cc310_platform_0.9.17.a(cc_hal.c.obj)
                0x0000000000009844                CC_HalInit
 .text.CC_HalTerminate
                0x0000000000009848        0x4 /opt/nordic/ncs/v2.4.0/nrfxlib/crypto/nrf_cc310_platform/lib/cortex-m4/soft-float/no-interrupts/libnrf_cc310_platform_0.9.17.a(cc_hal.c.obj)
                0x0000000000009848                CC_HalTerminate
 .text.CC_HalMaskInterrupt
                0x000000000000984c        0xc /opt/nordic/ncs/v2.4.0/nrfxlib/crypto/nrf_cc310_platform/lib/cortex-m4/soft-float/no-interrupts/libnrf_cc310_platform_0.9.17.a(cc_hal.c.obj)
                0x000000000000984c                CC_HalMaskInterrupt
 .text.CC_PalInit
                0x0000000000009858       0x5c /opt/nordic/ncs/v2.4.0/nrfxlib/crypto/nrf_cc310_platform/lib/cortex-m4/soft-float/no-interrupts/libnrf_cc310_platform_0.9.17.a(cc_pal.c.obj)
                0x0000000000009858                CC_PalInit
 .text.CC_PalTerminate
                0x00000000000098b4       0x34 /opt/nordic/ncs/v2.4.0/nrfxlib/crypto/nrf_cc310_platform/lib/cortex-m4/soft-float/no-interrupts/libnrf_cc310_platform_0.9.17.a(cc_pal.c.obj)
                0x00000000000098b4                CC_PalTerminate
 .text.CC_PalDmaInit
                0x00000000000098e8        0x4 /opt/nordic/ncs/v2.4.0/nrfxlib/crypto/nrf_cc310_platform/lib/cortex-m4/soft-float/no-interrupts/libnrf_cc310_platform_0.9.17.a(cc_pal_dma.c.obj)
                0x00000000000098e8                CC_PalDmaInit
 .text.CC_PalDmaTerminate
                0x00000000000098ec        0x4 /opt/nordic/ncs/v2.4.0/nrfxlib/crypto/nrf_cc310_platform/lib/cortex-m4/soft-float/no-interrupts/libnrf_cc310_platform_0.9.17.a(cc_pal_dma.c.obj)
                0x00000000000098ec                CC_PalDmaTerminate
 .text.CC_PalMutexCreate
                0x00000000000098f0       0x14 /opt/nordic/ncs/v2.4.0/nrfxlib/crypto/nrf_cc310_platform/lib/cortex-m4/soft-float/no-interrupts/libnrf_cc310_platform_0.9.17.a(cc_pal_mutex.c.obj)
                0x00000000000098f0                CC_PalMutexCreate
 .text.CC_PalMutexDestroy
                0x0000000000009904       0x14 /opt/nordic/ncs/v2.4.0/nrfxlib/crypto/nrf_cc310_platform/lib/cortex-m4/soft-float/no-interrupts/libnrf_cc310_platform_0.9.17.a(cc_pal_mutex.c.obj)
                0x0000000000009904                CC_PalMutexDestroy
 .text.CC_PalPowerSaveModeInit
                0x0000000000009918       0x3c /opt/nordic/ncs/v2.4.0/nrfxlib/crypto/nrf_cc310_platform/lib/cortex-m4/soft-float/no-interrupts/libnrf_cc310_platform_0.9.17.a(cc_pal_pm.c.obj)
                0x0000000000009918                CC_PalPowerSaveModeInit
 .text.CC_PalPowerSaveModeSelect
                0x0000000000009954       0x84 /opt/nordic/ncs/v2.4.0/nrfxlib/crypto/nrf_cc310_platform/lib/cortex-m4/soft-float/no-interrupts/libnrf_cc310_platform_0.9.17.a(cc_pal_pm.c.obj)
                0x0000000000009954                CC_PalPowerSaveModeSelect
 .text.is_ptr   0x00000000000099d8       0x4a zephyr/libzephyr.a(cbprintf_packaged.c.obj)
                0x00000000000099d8                is_ptr
 .text.printk   0x0000000000009a22       0x1a zephyr/libzephyr.a(printk.c.obj)
                0x0000000000009a22                printk
 .text.z_thread_entry
                0x0000000000009a3c       0x14 zephyr/libzephyr.a(thread_entry.c.obj)
                0x0000000000009a3c                z_thread_entry
 .text.chunk_size
                0x0000000000009a50        0xa zephyr/libzephyr.a(heap.c.obj)
 .text.free_list_add
                0x0000000000009a5a       0x4e zephyr/libzephyr.a(heap.c.obj)
 .text.free_list_remove_bidx
                0x0000000000009aa8       0x3a zephyr/libzephyr.a(heap.c.obj)
 .text.free_list_remove
                0x0000000000009ae2       0x1a zephyr/libzephyr.a(heap.c.obj)
 .text.alloc_chunk
                0x0000000000009afc       0x6e zephyr/libzephyr.a(heap.c.obj)
 .text.merge_chunks
                0x0000000000009b6a       0x2c zephyr/libzephyr.a(heap.c.obj)
 .text.split_chunks
                0x0000000000009b96       0x34 zephyr/libzephyr.a(heap.c.obj)
 .text.free_chunk
                0x0000000000009bca       0x62 zephyr/libzephyr.a(heap.c.obj)
 .text.sys_heap_free
                0x0000000000009c2c       0x1e zephyr/libzephyr.a(heap.c.obj)
                0x0000000000009c2c                sys_heap_free
 .text.sys_heap_alloc
                0x0000000000009c4a       0x52 zephyr/libzephyr.a(heap.c.obj)
                0x0000000000009c4a                sys_heap_alloc
 .text.sys_heap_aligned_alloc
                0x0000000000009c9c       0xce zephyr/libzephyr.a(heap.c.obj)
                0x0000000000009c9c                sys_heap_aligned_alloc
 .text.sys_heap_init
                0x0000000000009d6a       0x70 zephyr/libzephyr.a(heap.c.obj)
                0x0000000000009d6a                sys_heap_init
 .text.sys_slist_find_and_remove
                0x0000000000009dda       0x36 zephyr/libzephyr.a(onoff.c.obj)
 .text.process_recheck
                0x0000000000009e10       0x38 zephyr/libzephyr.a(onoff.c.obj)
 .text.validate_args
                0x0000000000009e48       0x20 zephyr/libzephyr.a(onoff.c.obj)
 .text.notify_one
                0x0000000000009e68       0x2c zephyr/libzephyr.a(onoff.c.obj)
 .text.transition_complete
                0x0000000000009e94       0x1c zephyr/libzephyr.a(onoff.c.obj)
 .text.onoff_manager_init
                0x0000000000009eb0       0x26 zephyr/libzephyr.a(onoff.c.obj)
                0x0000000000009eb0                onoff_manager_init
 .text.onoff_request
                0x0000000000009ed6       0xb0 zephyr/libzephyr.a(onoff.c.obj)
                0x0000000000009ed6                onoff_request
 .text.onoff_release
                0x0000000000009f86       0x4a zephyr/libzephyr.a(onoff.c.obj)
                0x0000000000009f86                onoff_release
 .text.onoff_cancel
                0x0000000000009fd0       0x38 zephyr/libzephyr.a(onoff.c.obj)
                0x0000000000009fd0                onoff_cancel
 .text.sys_notify_validate
                0x000000000000a008       0x22 zephyr/libzephyr.a(notify.c.obj)
                0x000000000000a008                sys_notify_validate
 .text.sys_notify_finalize
                0x000000000000a02a       0x1a zephyr/libzephyr.a(notify.c.obj)
                0x000000000000a02a                sys_notify_finalize
 .text.free_space
                0x000000000000a044       0x26 zephyr/libzephyr.a(mpsc_pbuf.c.obj)
 .text.get_usage
                0x000000000000a06a       0x22 zephyr/libzephyr.a(mpsc_pbuf.c.obj)
 .text.idx_inc  0x000000000000a08c       0x1c zephyr/libzephyr.a(mpsc_pbuf.c.obj)
 .text.rd_idx_inc
                0x000000000000a0a8       0x18 zephyr/libzephyr.a(mpsc_pbuf.c.obj)
 .text.add_skip_item
                0x000000000000a0c0       0x3a zephyr/libzephyr.a(mpsc_pbuf.c.obj)
 .text.drop_item_locked
                0x000000000000a0fa       0xee zephyr/libzephyr.a(mpsc_pbuf.c.obj)
 .text.post_drop_action
                0x000000000000a1e8       0x36 zephyr/libzephyr.a(mpsc_pbuf.c.obj)
 .text.max_utilization_update
                0x000000000000a21e       0x1a zephyr/libzephyr.a(mpsc_pbuf.c.obj)
 .text.mpsc_pbuf_init
                0x000000000000a238       0x42 zephyr/libzephyr.a(mpsc_pbuf.c.obj)
                0x000000000000a238                mpsc_pbuf_init
 .text.mpsc_pbuf_alloc
                0x000000000000a27a       0xfc zephyr/libzephyr.a(mpsc_pbuf.c.obj)
                0x000000000000a27a                mpsc_pbuf_alloc
 .text.mpsc_pbuf_commit
                0x000000000000a376       0x40 zephyr/libzephyr.a(mpsc_pbuf.c.obj)
                0x000000000000a376                mpsc_pbuf_commit
 .text.mpsc_pbuf_claim
                0x000000000000a3b6       0xa4 zephyr/libzephyr.a(mpsc_pbuf.c.obj)
                0x000000000000a3b6                mpsc_pbuf_claim
 .text.mpsc_pbuf_free
                0x000000000000a45a       0x78 zephyr/libzephyr.a(mpsc_pbuf.c.obj)
                0x000000000000a45a                mpsc_pbuf_free
 .text.mpsc_pbuf_is_pending
                0x000000000000a4d2       0x1a zephyr/libzephyr.a(mpsc_pbuf.c.obj)
                0x000000000000a4d2                mpsc_pbuf_is_pending
 .text._ConfigAbsSyms
                0x000000000000a4ec        0x2 zephyr/libzephyr.a(configs.c.obj)
                0x000000000000a4ec                _ConfigAbsSyms
 .text.log_msg_generic_get_wlen
                0x000000000000a4ee       0x20 zephyr/libzephyr.a(log_core.c.obj)
 .text.dummy_timestamp
                0x000000000000a50e        0x4 zephyr/libzephyr.a(log_core.c.obj)
 .text.default_get_timestamp
                0x000000000000a512        0x4 zephyr/libzephyr.a(log_core.c.obj)
 .text.atomic_inc
                0x000000000000a516       0x1a zephyr/libzephyr.a(log_core.c.obj)
 .text.z_log_vprintk
                0x000000000000a530       0x1c zephyr/libzephyr.a(log_core.c.obj)
                0x000000000000a530                z_log_vprintk
 .text.z_log_notify_drop
                0x000000000000a54c        0x6 zephyr/libzephyr.a(log_core.c.obj)
 .text.z_cbprintf_cpy
                0x000000000000a552       0x2c zephyr/libzephyr.a(log_msg.c.obj)
 .text.z_log_msg_finalize
                0x000000000000a57e       0x32 zephyr/libzephyr.a(log_msg.c.obj)
                0x000000000000a57e                z_log_msg_finalize
 .text.get_ep_bm_from_addr
                0x000000000000a5b0       0x1c zephyr/libzephyr.a(usb_device.c.obj)
 .text.usb_write
                0x000000000000a5cc       0x30 zephyr/libzephyr.a(usb_device.c.obj)
                0x000000000000a5cc                usb_write
 .text.usb_get_dev_data_by_cfg
                0x000000000000a5fc       0x18 zephyr/libzephyr.a(usb_descriptor.c.obj)
                0x000000000000a5fc                usb_get_dev_data_by_cfg
 .text.usb_get_dev_data_by_iface
                0x000000000000a614       0x1c zephyr/libzephyr.a(usb_descriptor.c.obj)
                0x000000000000a614                usb_get_dev_data_by_iface
 .text.usb_get_dev_data_by_ep
                0x000000000000a630       0x2c zephyr/libzephyr.a(usb_descriptor.c.obj)
                0x000000000000a630                usb_get_dev_data_by_ep
 .text.abort_function
                0x000000000000a65c        0x8 zephyr/libzephyr.a(nrf_cc3xx_platform_abort_zephyr.c.obj)
 .text.z_do_kernel_oops
                0x000000000000a664        0x8 zephyr/arch/arch/arm/core/aarch32/libarch__arm__core__aarch32.a(fatal.c.obj)
                0x000000000000a664                z_do_kernel_oops
 .text.z_irq_spurious
                0x000000000000a66c        0x8 zephyr/arch/arch/arm/core/aarch32/libarch__arm__core__aarch32.a(irq_manage.c.obj)
                0x000000000000a66c                z_irq_spurious
 .text.z_arm_nmi
                0x000000000000a674        0xe zephyr/arch/arch/arm/core/aarch32/libarch__arm__core__aarch32.a(nmi.c.obj)
                0x000000000000a674                z_arm_nmi
 .text.z_log_msg_static_create.constprop.0
                0x000000000000a682        0x6 zephyr/arch/arch/arm/core/aarch32/cortex_m/libarch__arm__core__aarch32__cortex_m.a(fault.c.obj)
 .text.strlen   0x000000000000a688        0xe zephyr/lib/libc/minimal/liblib__libc__minimal.a(string.c.obj)
                0x000000000000a688                strlen
 .text.strcmp   0x000000000000a696       0x18 zephyr/lib/libc/minimal/liblib__libc__minimal.a(string.c.obj)
                0x000000000000a696                strcmp
 .text.memcpy   0x000000000000a6ae       0x16 zephyr/lib/libc/minimal/liblib__libc__minimal.a(string.c.obj)
                0x000000000000a6ae                memcpy
 .text.memset   0x000000000000a6c4       0x12 zephyr/lib/libc/minimal/liblib__libc__minimal.a(string.c.obj)
                0x000000000000a6c4                memset
 .text.pm_state_set
                0x000000000000a6d6       0x18 zephyr/soc/arm/nordic_nrf/nrf52/libsoc__arm__nordic_nrf__nrf52.a(power.c.obj)
                0x000000000000a6d6                pm_state_set
 .text.pm_state_exit_post_ops
                0x000000000000a6ee        0xc zephyr/soc/arm/nordic_nrf/nrf52/libsoc__arm__nordic_nrf__nrf52.a(power.c.obj)
                0x000000000000a6ee                pm_state_exit_post_ops
 .text.hid_interface_config
                0x000000000000a6fa        0x4 zephyr/subsys/usb/device/class/hid/libsubsys__usb__device__class__hid.a(core.c.obj)
 .text.usb_hid_device_init
                0x000000000000a6fe        0x4 zephyr/subsys/usb/device/class/hid/libsubsys__usb__device__class__hid.a(core.c.obj)
 .text.z_log_msg_static_create.constprop.0
                0x000000000000a702        0x6 zephyr/subsys/usb/device/class/hid/libsubsys__usb__device__class__hid.a(core.c.obj)
 .text.hid_clear_idle_ctx
                0x000000000000a708        0x8 zephyr/subsys/usb/device/class/hid/libsubsys__usb__device__class__hid.a(core.c.obj)
                0x000000000000a708                hid_clear_idle_ctx
 .text.hid_sof_handler
                0x000000000000a710       0x36 zephyr/subsys/usb/device/class/hid/libsubsys__usb__device__class__hid.a(core.c.obj)
                0x000000000000a710                hid_sof_handler
 .text.ep_ctx_reset
                0x000000000000a746       0x26 zephyr/drivers/usb/device/libdrivers__usb__device.a(usb_dc_nrfx.c.obj)
 .text.z_log_msg_static_create.constprop.0
                0x000000000000a76c        0x6 zephyr/drivers/usb/device/libdrivers__usb__device.a(usb_dc_nrfx.c.obj)
 .text.k_mutex_lock.constprop.0.isra.0
                0x000000000000a772        0x4 zephyr/drivers/usb/device/libdrivers__usb__device.a(usb_dc_nrfx.c.obj)
 .text.k_mutex_unlock.isra.0
                0x000000000000a776        0x4 zephyr/drivers/usb/device/libdrivers__usb__device.a(usb_dc_nrfx.c.obj)
 .text.usb_dc_ep_disable
                0x000000000000a77a       0x32 zephyr/drivers/usb/device/libdrivers__usb__device.a(usb_dc_nrfx.c.obj)
                0x000000000000a77a                usb_dc_ep_disable
 .text.get_status
                0x000000000000a7ac       0x12 zephyr/drivers/clock_control/libdrivers__clock_control.a(clock_control_nrf.c.obj)
 .text.set_on_state
                0x000000000000a7be       0x26 zephyr/drivers/clock_control/libdrivers__clock_control.a(clock_control_nrf.c.obj)
 .text.stop     0x000000000000a7e4       0x52 zephyr/drivers/clock_control/libdrivers__clock_control.a(clock_control_nrf.c.obj)
 .text.api_stop
                0x000000000000a836        0x6 zephyr/drivers/clock_control/libdrivers__clock_control.a(clock_control_nrf.c.obj)
 .text.async_start
                0x000000000000a83c       0x5c zephyr/drivers/clock_control/libdrivers__clock_control.a(clock_control_nrf.c.obj)
 .text.api_start
                0x000000000000a898        0xe zephyr/drivers/clock_control/libdrivers__clock_control.a(clock_control_nrf.c.obj)
 .text.onoff_started_callback
                0x000000000000a8a6       0x12 zephyr/drivers/clock_control/libdrivers__clock_control.a(clock_control_nrf.c.obj)
 .text.lfclk_start
                0x000000000000a8b8        0x6 zephyr/drivers/clock_control/libdrivers__clock_control.a(clock_control_nrf.c.obj)
 .text.lfclk_stop
                0x000000000000a8be        0x6 zephyr/drivers/clock_control/libdrivers__clock_control.a(clock_control_nrf.c.obj)
 .text.blocking_start_callback
                0x000000000000a8c4        0x6 zephyr/drivers/clock_control/libdrivers__clock_control.a(clock_control_nrf.c.obj)
 .text.gpio_nrfx_port_get_raw
                0x000000000000a8ca        0xe zephyr/drivers/gpio/libdrivers__gpio.a(gpio_nrfx.c.obj)
 .text.gpio_nrfx_port_set_masked_raw
                0x000000000000a8d8       0x18 zephyr/drivers/gpio/libdrivers__gpio.a(gpio_nrfx.c.obj)
 .text.gpio_nrfx_port_set_bits_raw
                0x000000000000a8f0        0xc zephyr/drivers/gpio/libdrivers__gpio.a(gpio_nrfx.c.obj)
 .text.gpio_nrfx_port_clear_bits_raw
                0x000000000000a8fc        0xc zephyr/drivers/gpio/libdrivers__gpio.a(gpio_nrfx.c.obj)
 .text.gpio_nrfx_port_toggle_bits
                0x000000000000a908       0x1a zephyr/drivers/gpio/libdrivers__gpio.a(gpio_nrfx.c.obj)
 .text.gpio_nrfx_manage_callback
                0x000000000000a922       0x52 zephyr/drivers/gpio/libdrivers__gpio.a(gpio_nrfx.c.obj)
 .text.z_impl_hwinfo_get_device_id
                0x000000000000a974       0x28 zephyr/drivers/hwinfo/libdrivers__hwinfo.a(hwinfo_nrf.c.obj)
                0x000000000000a974                z_impl_hwinfo_get_device_id
 .text.irq_connect0
                0x000000000000a99c        0xa zephyr/drivers/i2c/libdrivers__i2c.a(i2c_nrfx_twim.c.obj)
 .text.pinctrl_apply_state.constprop.0
                0x000000000000a9a6       0x20 zephyr/drivers/i2c/libdrivers__i2c.a(i2c_nrfx_twim.c.obj)
 .text.pinctrl_lookup_state
                0x000000000000a9c6       0x26 zephyr/drivers/pinctrl/libdrivers__pinctrl.a(common.c.obj)
                0x000000000000a9c6                pinctrl_lookup_state
 .text.as5600_get
                0x000000000000a9ec       0x28 zephyr/drivers/sensor/ams_as5600/libdrivers__sensor__ams_as5600.a(ams_as5600.c.obj)
 .text.as5600_fetch
                0x000000000000aa14       0x4a zephyr/drivers/sensor/ams_as5600/libdrivers__sensor__ams_as5600.a(ams_as5600.c.obj)
 .text.sys_clock_idle_exit
                0x000000000000aa5e        0x2 zephyr/drivers/timer/libdrivers__timer.a(sys_clock_init.c.obj)
                0x000000000000aa5e                sys_clock_idle_exit
 .text.event_clear
                0x000000000000aa60       0x18 zephyr/drivers/timer/libdrivers__timer.a(nrf_rtc_timer.c.obj)
 .text.sys_clock_cycle_get_32
                0x000000000000aa78        0x8 zephyr/drivers/timer/libdrivers__timer.a(nrf_rtc_timer.c.obj)
                0x000000000000aa78                sys_clock_cycle_get_32
 .text.hw_cc3xx_init_internal
                0x000000000000aa80        0x4 modules/nrf/drivers/hw_cc310/lib..__nrf__drivers__hw_cc310.a(hw_cc310.c.obj)
 .text.hw_cc3xx_init
                0x000000000000aa84       0x12 modules/nrf/drivers/hw_cc310/lib..__nrf__drivers__hw_cc310.a(hw_cc310.c.obj)
 .text.nrfx_isr
                0x000000000000aa96        0x2 modules/hal_nordic/nrfx/libmodules__hal_nordic__nrfx.a(nrfx_glue.c.obj)
                0x000000000000aa96                nrfx_isr
 .text.nrfx_busy_wait
                0x000000000000aa98        0x4 modules/hal_nordic/nrfx/libmodules__hal_nordic__nrfx.a(nrfx_glue.c.obj)
                0x000000000000aa98                nrfx_busy_wait
 .text.nrfx_clock_start
                0x000000000000aa9c       0x78 modules/hal_nordic/nrfx/libmodules__hal_nordic__nrfx.a(nrfx_clock.c.obj)
                0x000000000000aa9c                nrfx_clock_start
 .text.nrfx_clock_stop
                0x000000000000ab14        0x4 modules/hal_nordic/nrfx/libmodules__hal_nordic__nrfx.a(nrfx_clock.c.obj)
                0x000000000000ab14                nrfx_clock_stop
 .text.nrf_gpio_reconfigure
                0x000000000000ab18       0x92 modules/hal_nordic/nrfx/libmodules__hal_nordic__nrfx.a(nrfx_gpiote.c.obj)
 .text.nrf_gpio_cfg_sense_set
                0x000000000000abaa       0x1e modules/hal_nordic/nrfx/libmodules__hal_nordic__nrfx.a(nrfx_gpiote.c.obj)
 .text.nrf_power_event_get_and_clear.constprop.0
                0x000000000000abc8       0x18 modules/hal_nordic/nrfx/libmodules__hal_nordic__nrfx.a(nrfx_power.c.obj)
 .text.nrfx_power_usbevt_enable
                0x000000000000abe0        0xe modules/hal_nordic/nrfx/libmodules__hal_nordic__nrfx.a(nrfx_power.c.obj)
                0x000000000000abe0                nrfx_power_usbevt_enable
 .text.nrfx_power_usbevt_disable
                0x000000000000abee        0xe modules/hal_nordic/nrfx/libmodules__hal_nordic__nrfx.a(nrfx_power.c.obj)
                0x000000000000abee                nrfx_power_usbevt_disable
 .text.nrfx_power_clock_irq_handler
                0x000000000000abfc        0xe modules/hal_nordic/nrfx/libmodules__hal_nordic__nrfx.a(nrfx_power.c.obj)
                0x000000000000abfc                nrfx_power_clock_irq_handler
 .text.xfer_completeness_check
                0x000000000000ac0a       0x60 modules/hal_nordic/nrfx/libmodules__hal_nordic__nrfx.a(nrfx_twim.c.obj)
 .text.nrfx_usbd_consumer
                0x000000000000ac6a       0x32 modules/hal_nordic/nrfx/libmodules__hal_nordic__nrfx.a(nrfx_usbd.c.obj)
                0x000000000000ac6a                nrfx_usbd_consumer
 .text.nrfx_usbd_feeder_ram
                0x000000000000ac9c       0x22 modules/hal_nordic/nrfx/libmodules__hal_nordic__nrfx.a(nrfx_usbd.c.obj)
                0x000000000000ac9c                nrfx_usbd_feeder_ram
 .text.nrfx_usbd_feeder_ram_zlp
                0x000000000000acbe       0x28 modules/hal_nordic/nrfx/libmodules__hal_nordic__nrfx.a(nrfx_usbd.c.obj)
                0x000000000000acbe                nrfx_usbd_feeder_ram_zlp
 .text.ep2bit   0x000000000000ace6       0x10 modules/hal_nordic/nrfx/libmodules__hal_nordic__nrfx.a(nrfx_usbd.c.obj)
 .text.ev_started_handler
                0x000000000000acf6        0x2 modules/hal_nordic/nrfx/libmodules__hal_nordic__nrfx.a(nrfx_usbd.c.obj)
 .text.nrf_usbd_epin_dma_handler
                0x000000000000acf8       0x30 modules/hal_nordic/nrfx/libmodules__hal_nordic__nrfx.a(nrfx_usbd.c.obj)
 .text.ev_dma_epin7_handler
                0x000000000000ad28        0x6 modules/hal_nordic/nrfx/libmodules__hal_nordic__nrfx.a(nrfx_usbd.c.obj)
 .text.ev_dma_epin6_handler
                0x000000000000ad2e        0x6 modules/hal_nordic/nrfx/libmodules__hal_nordic__nrfx.a(nrfx_usbd.c.obj)
 .text.ev_dma_epin5_handler
                0x000000000000ad34        0x6 modules/hal_nordic/nrfx/libmodules__hal_nordic__nrfx.a(nrfx_usbd.c.obj)
 .text.ev_dma_epin4_handler
                0x000000000000ad3a        0x6 modules/hal_nordic/nrfx/libmodules__hal_nordic__nrfx.a(nrfx_usbd.c.obj)
 .text.ev_dma_epin3_handler
                0x000000000000ad40        0x6 modules/hal_nordic/nrfx/libmodules__hal_nordic__nrfx.a(nrfx_usbd.c.obj)
 .text.ev_dma_epin2_handler
                0x000000000000ad46        0x6 modules/hal_nordic/nrfx/libmodules__hal_nordic__nrfx.a(nrfx_usbd.c.obj)
 .text.ev_dma_epin1_handler
                0x000000000000ad4c        0x6 modules/hal_nordic/nrfx/libmodules__hal_nordic__nrfx.a(nrfx_usbd.c.obj)
 .text.ev_dma_epin0_handler
                0x000000000000ad52        0x4 modules/hal_nordic/nrfx/libmodules__hal_nordic__nrfx.a(nrfx_usbd.c.obj)
 .text.nrfx_usbd_ep_max_packet_size_set
                0x000000000000ad56        0xa modules/hal_nordic/nrfx/libmodules__hal_nordic__nrfx.a(nrfx_usbd.c.obj)
                0x000000000000ad56                nrfx_usbd_ep_max_packet_size_set
 .text.nrfx_usbd_ep_status_get
                0x000000000000ad60       0x2e modules/hal_nordic/nrfx/libmodules__hal_nordic__nrfx.a(nrfx_usbd.c.obj)
                0x000000000000ad60                nrfx_usbd_ep_status_get
 .text.ev_dma_epout7_handler
                0x000000000000ad8e        0x6 modules/hal_nordic/nrfx/libmodules__hal_nordic__nrfx.a(nrfx_usbd.c.obj)
 .text.ev_dma_epout6_handler
                0x000000000000ad94        0x6 modules/hal_nordic/nrfx/libmodules__hal_nordic__nrfx.a(nrfx_usbd.c.obj)
 .text.ev_dma_epout5_handler
                0x000000000000ad9a        0x6 modules/hal_nordic/nrfx/libmodules__hal_nordic__nrfx.a(nrfx_usbd.c.obj)
 .text.ev_dma_epout4_handler
                0x000000000000ada0        0x6 modules/hal_nordic/nrfx/libmodules__hal_nordic__nrfx.a(nrfx_usbd.c.obj)
 .text.ev_dma_epout3_handler
                0x000000000000ada6        0x6 modules/hal_nordic/nrfx/libmodules__hal_nordic__nrfx.a(nrfx_usbd.c.obj)
 .text.ev_dma_epout2_handler
                0x000000000000adac        0x6 modules/hal_nordic/nrfx/libmodules__hal_nordic__nrfx.a(nrfx_usbd.c.obj)
 .text.ev_dma_epout1_handler
                0x000000000000adb2        0x6 modules/hal_nordic/nrfx/libmodules__hal_nordic__nrfx.a(nrfx_usbd.c.obj)
 .text.nrfx_usbd_ep_abort
                0x000000000000adb8        0x4 modules/hal_nordic/nrfx/libmodules__hal_nordic__nrfx.a(nrfx_usbd.c.obj)
                0x000000000000adb8                nrfx_usbd_ep_abort
 .text.nrf_gpio_pin_set
                0x000000000000adbc       0x1a modules/hal_nordic/nrfx/libmodules__hal_nordic__nrfx.a(nrfx_twi_twim.c.obj)
 .text.z_device_state_init
                0x000000000000add6        0x2 zephyr/kernel/libkernel.a(device.c.obj)
                0x000000000000add6                z_device_state_init
 .text.z_device_is_ready
                0x000000000000add8       0x16 zephyr/kernel/libkernel.a(device.c.obj)
                0x000000000000add8                z_device_is_ready
 .text.z_early_memset
                0x000000000000adee        0x4 zephyr/kernel/libkernel.a(init.c.obj)
                0x000000000000adee                z_early_memset
 .text.z_early_memcpy
                0x000000000000adf2        0x4 zephyr/kernel/libkernel.a(init.c.obj)
                0x000000000000adf2                z_early_memcpy
 .text.create_free_list
                0x000000000000adf6       0x2c zephyr/kernel/libkernel.a(mem_slab.c.obj)
 .text.k_mem_slab_init
                0x000000000000ae22       0x1c zephyr/kernel/libkernel.a(mem_slab.c.obj)
                0x000000000000ae22                k_mem_slab_init
 .text.k_mem_slab_free
                0x000000000000ae3e       0x52 zephyr/kernel/libkernel.a(mem_slab.c.obj)
                0x000000000000ae3e                k_mem_slab_free
 .text.k_is_in_isr
                0x000000000000ae90        0xc zephyr/kernel/libkernel.a(thread.c.obj)
                0x000000000000ae90                k_is_in_isr
 .text.z_impl_k_thread_name_set
                0x000000000000ae9c        0x6 zephyr/kernel/libkernel.a(thread.c.obj)
                0x000000000000ae9c                z_impl_k_thread_name_set
 .text.k_thread_name_get
                0x000000000000aea2        0x4 zephyr/kernel/libkernel.a(thread.c.obj)
                0x000000000000aea2                k_thread_name_get
 .text.z_impl_k_thread_start
                0x000000000000aea6        0x4 zephyr/kernel/libkernel.a(thread.c.obj)
                0x000000000000aea6                z_impl_k_thread_start
 .text.z_pm_save_idle_exit
                0x000000000000aeaa        0xe zephyr/kernel/libkernel.a(idle.c.obj)
                0x000000000000aeaa                z_pm_save_idle_exit
 .text.adjust_owner_prio.isra.0
                0x000000000000aeb8       0x10 zephyr/kernel/libkernel.a(mutex.c.obj)
 .text.z_impl_k_mutex_init
                0x000000000000aec8        0xe zephyr/kernel/libkernel.a(mutex.c.obj)
                0x000000000000aec8                z_impl_k_mutex_init
 .text.queue_insert
                0x000000000000aed6       0xc4 zephyr/kernel/libkernel.a(queue.c.obj)
 .text.z_queue_node_peek
                0x000000000000af9a       0x18 zephyr/kernel/libkernel.a(queue.c.obj)
                0x000000000000af9a                z_queue_node_peek
 .text.k_queue_append
                0x000000000000afb2       0x16 zephyr/kernel/libkernel.a(queue.c.obj)
                0x000000000000afb2                k_queue_append
 .text.z_impl_k_sem_init
                0x000000000000afc8       0x18 zephyr/kernel/libkernel.a(sem.c.obj)
                0x000000000000afc8                z_impl_k_sem_init
 .text.flag_test_and_clear
                0x000000000000afe0       0x16 zephyr/kernel/libkernel.a(work.c.obj)
 .text.notify_queue_locked.isra.0
                0x000000000000aff6        0xe zephyr/kernel/libkernel.a(work.c.obj)
 .text.k_work_init
                0x000000000000b004       0x12 zephyr/kernel/libkernel.a(work.c.obj)
                0x000000000000b004                k_work_init
 .text.z_work_submit_to_queue
                0x000000000000b016       0x28 zephyr/kernel/libkernel.a(work.c.obj)
                0x000000000000b016                z_work_submit_to_queue
 .text.k_work_submit_to_queue
                0x000000000000b03e       0x22 zephyr/kernel/libkernel.a(work.c.obj)
                0x000000000000b03e                k_work_submit_to_queue
 .text.sys_dlist_remove
                0x000000000000b060       0x10 zephyr/kernel/libkernel.a(sched.c.obj)
 .text.unpend_thread_no_timeout
                0x000000000000b070       0x14 zephyr/kernel/libkernel.a(sched.c.obj)
 .text.add_to_waitq_locked
                0x000000000000b084       0x50 zephyr/kernel/libkernel.a(sched.c.obj)
 .text.z_ready_thread
                0x000000000000b0d4       0x20 zephyr/kernel/libkernel.a(sched.c.obj)
                0x000000000000b0d4                z_ready_thread
 .text.z_unpend_thread_no_timeout
                0x000000000000b0f4       0x24 zephyr/kernel/libkernel.a(sched.c.obj)
                0x000000000000b0f4                z_unpend_thread_no_timeout
 .text.z_sched_wake_thread
                0x000000000000b118       0x44 zephyr/kernel/libkernel.a(sched.c.obj)
                0x000000000000b118                z_sched_wake_thread
 .text.z_thread_timeout
                0x000000000000b15c        0x8 zephyr/kernel/libkernel.a(sched.c.obj)
                0x000000000000b15c                z_thread_timeout
 .text.z_unpend1_no_timeout
                0x000000000000b164       0x2e zephyr/kernel/libkernel.a(sched.c.obj)
                0x000000000000b164                z_unpend1_no_timeout
 .text.z_unpend_first_thread
                0x000000000000b192       0x38 zephyr/kernel/libkernel.a(sched.c.obj)
                0x000000000000b192                z_unpend_first_thread
 .text.z_unpend_thread
                0x000000000000b1ca       0x30 zephyr/kernel/libkernel.a(sched.c.obj)
                0x000000000000b1ca                z_unpend_thread
 .text.z_reschedule_irqlock
                0x000000000000b1fa       0x18 zephyr/kernel/libkernel.a(sched.c.obj)
                0x000000000000b1fa                z_reschedule_irqlock
 .text.z_reschedule_unlocked
                0x000000000000b212       0x14 zephyr/kernel/libkernel.a(sched.c.obj)
 .text.z_unpend_all
                0x000000000000b226       0x20 zephyr/kernel/libkernel.a(sched.c.obj)
                0x000000000000b226                z_unpend_all
 .text.z_sched_wake
                0x000000000000b246       0x46 zephyr/kernel/libkernel.a(sched.c.obj)
                0x000000000000b246                z_sched_wake
 .text.z_abort_timeout
                0x000000000000b28c       0x2c zephyr/kernel/libkernel.a(timeout.c.obj)
                0x000000000000b28c                z_abort_timeout
 .text.z_get_next_timeout_expiry
                0x000000000000b2b8       0x20 zephyr/kernel/libkernel.a(timeout.c.obj)
                0x000000000000b2b8                z_get_next_timeout_expiry
 .text.sys_clock_tick_get_32
                0x000000000000b2d8        0x8 zephyr/kernel/libkernel.a(timeout.c.obj)
                0x000000000000b2d8                sys_clock_tick_get_32
 .text.z_impl_k_uptime_ticks
                0x000000000000b2e0        0x4 zephyr/kernel/libkernel.a(timeout.c.obj)
                0x000000000000b2e0                z_impl_k_uptime_ticks
 .text.z_impl_k_busy_wait
                0x000000000000b2e4        0x8 zephyr/kernel/libkernel.a(timeout.c.obj)
                0x000000000000b2e4                z_impl_k_busy_wait
 .text.sys_clock_timeout_end_calc
                0x000000000000b2ec       0x44 zephyr/kernel/libkernel.a(timeout.c.obj)
                0x000000000000b2ec                sys_clock_timeout_end_calc
 .text.k_timer_init
                0x000000000000b330       0x18 zephyr/kernel/libkernel.a(timer.c.obj)
                0x000000000000b330                k_timer_init
 .text.z_impl_k_timer_stop
                0x000000000000b348       0x3a zephyr/kernel/libkernel.a(timer.c.obj)
                0x000000000000b348                z_impl_k_timer_stop
 .text.k_free   0x000000000000b382        0xe zephyr/kernel/libkernel.a(mempool.c.obj)
                0x000000000000b382                k_free
 .text.k_heap_init
                0x000000000000b390       0x10 zephyr/kernel/libkernel.a(kheap.c.obj)
                0x000000000000b390                k_heap_init
 .text.k_heap_aligned_alloc
                0x000000000000b3a0       0x9a zephyr/kernel/libkernel.a(kheap.c.obj)
                0x000000000000b3a0                k_heap_aligned_alloc
 .text.k_heap_free
                0x000000000000b43a       0x3a zephyr/kernel/libkernel.a(kheap.c.obj)
                0x000000000000b43a                k_heap_free
 .text._OffsetAbsSyms
                0x000000000000b474        0x2 zephyr/CMakeFiles/offsets.dir/./arch/arm/core/offsets/offsets.c.obj
                0x000000000000b474                _OffsetAbsSyms
 *(SORT_BY_ALIGNMENT(.TEXT.*))
 *(SORT_BY_ALIGNMENT(.gnu.linkonce.t.*))
 *(SORT_BY_ALIGNMENT(.glue_7t))
 .glue_7t       0x000000000000b476        0x0 linker stubs
 *(SORT_BY_ALIGNMENT(.glue_7))
 .glue_7        0x000000000000b476        0x0 linker stubs
 *(SORT_BY_ALIGNMENT(.vfp11_veneer))
 .vfp11_veneer  0x000000000000b476        0x0 linker stubs
 *(SORT_BY_ALIGNMENT(.v4_bx))
 .v4_bx         0x000000000000b476        0x0 linker stubs
                0x000000000000b478                . = ALIGN (0x4)
 *fill*         0x000000000000b476        0x2 
                0x000000000000b478                __text_region_end = .

.ARM.exidx      0x000000000000b478        0x8
                0x000000000000b478                __exidx_start = .
 *(SORT_BY_ALIGNMENT(.ARM.exidx*) SORT_BY_ALIGNMENT(gnu.linkonce.armexidx.*))
 .ARM.exidx     0x000000000000b478        0x8 /opt/nordic/ncs/toolchains/4ef6631da0/opt/zephyr-sdk/arm-zephyr-eabi/bin/../lib/gcc/arm-zephyr-eabi/12.2.0/thumb/v7e-m/nofp/libgcc.a(_udivmoddi4.o)
                0x000000000000b480                __exidx_end = .
                0x000000000000b480                __rodata_region_start = .

initlevel       0x000000000000b480       0x88
                0x000000000000b480                __init_start = .
                0x000000000000b480                __init_EARLY_start = .
 *(SORT_BY_NAME(SORT_BY_ALIGNMENT(.z_init_EARLY[0-9]_*)))
 *(SORT_BY_NAME(SORT_BY_ALIGNMENT(.z_init_EARLY[1-9][0-9]_*)))
                0x000000000000b480                __init_PRE_KERNEL_1_start = .
 *(SORT_BY_NAME(SORT_BY_ALIGNMENT(.z_init_PRE_KERNEL_1[0-9]_*)))
 .z_init_PRE_KERNEL_10_
                0x000000000000b480        0x8 zephyr/soc/arm/nordic_nrf/nrf52/libsoc__arm__nordic_nrf__nrf52.a(soc.c.obj)
 *(SORT_BY_NAME(SORT_BY_ALIGNMENT(.z_init_PRE_KERNEL_1[1-9][0-9]_*)))
 .z_init_PRE_KERNEL_130_
                0x000000000000b488        0x8 zephyr/drivers/clock_control/libdrivers__clock_control.a(clock_control_nrf.c.obj)
 .z_init_PRE_KERNEL_130_
                0x000000000000b490        0x8 zephyr/kernel/libkernel.a(mem_slab.c.obj)