Archive member included to satisfy reference by file (symbol)

app/libapp.a(main.c.obj)      (--whole-archive)
zephyr/libzephyr.a(cbprintf_packaged.c.obj)
                              (--whole-archive)
zephyr/libzephyr.a(dec.c.obj)
                              (--whole-archive)
zephyr/libzephyr.a(fdtable.c.obj)
                              (--whole-archive)
zephyr/libzephyr.a(hex.c.obj)
                              (--whole-archive)
zephyr/libzephyr.a(printk.c.obj)
                              (--whole-archive)
zephyr/libzephyr.a(rb.c.obj)  (--whole-archive)
zephyr/libzephyr.a(sem.c.obj)
                              (--whole-archive)
zephyr/libzephyr.a(thread_entry.c.obj)
                              (--whole-archive)
zephyr/libzephyr.a(timeutil.c.obj)
                              (--whole-archive)
zephyr/libzephyr.a(heap.c.obj)
                              (--whole-archive)
zephyr/libzephyr.a(heap-validate.c.obj)
                              (--whole-archive)
zephyr/libzephyr.a(bitarray.c.obj)
                              (--whole-archive)
zephyr/libzephyr.a(multi_heap.c.obj)
                              (--whole-archive)
zephyr/libzephyr.a(onoff.c.obj)
                              (--whole-archive)
zephyr/libzephyr.a(notify.c.obj)
                              (--whole-archive)
zephyr/libzephyr.a(crc32c_sw.c.obj)
                              (--whole-archive)
zephyr/libzephyr.a(crc32_sw.c.obj)
                              (--whole-archive)
zephyr/libzephyr.a(crc16_sw.c.obj)
                              (--whole-archive)
zephyr/libzephyr.a(crc8_sw.c.obj)
                              (--whole-archive)
zephyr/libzephyr.a(crc7_sw.c.obj)
                              (--whole-archive)
zephyr/libzephyr.a(cbprintf_complete.c.obj)
                              (--whole-archive)
zephyr/libzephyr.a(cbprintf.c.obj)
                              (--whole-archive)
zephyr/libzephyr.a(ring_buffer.c.obj)
                              (--whole-archive)
zephyr/libzephyr.a(assert.c.obj)
                              (--whole-archive)
zephyr/libzephyr.a(configs.c.obj)
                              (--whole-archive)
zephyr/libzephyr.a(soc_nrf_common.S.obj)
                              (--whole-archive)
zephyr/libzephyr.a(validate_base_addresses.c.obj)
                              (--whole-archive)
zephyr/libzephyr.a(validate_enabled_instances.c.obj)
                              (--whole-archive)
zephyr/libzephyr.a(pm.c.obj)  (--whole-archive)
zephyr/libzephyr.a(policy.c.obj)
                              (--whole-archive)
zephyr/libzephyr.a(state.c.obj)
                              (--whole-archive)
zephyr/libzephyr.a(tracing_none.c.obj)
                              (--whole-archive)
zephyr/libzephyr.a(usb_device.c.obj)
                              (--whole-archive)
zephyr/libzephyr.a(usb_descriptor.c.obj)
                              (--whole-archive)
zephyr/libzephyr.a(usb_transfer.c.obj)
                              (--whole-archive)
zephyr/libzephyr.a(cdc_acm.c.obj)
                              (--whole-archive)
zephyr/libzephyr.a(usb_work_q.c.obj)
                              (--whole-archive)
zephyr/arch/common/libarch__common.a(sw_isr_common.c.obj)
                              (--whole-archive)
zephyr/arch/arch/arm/core/aarch32/libarch__arm__core__aarch32.a(cpu_idle.S.obj)
                              (--whole-archive)
zephyr/arch/arch/arm/core/aarch32/libarch__arm__core__aarch32.a(fatal.c.obj)
                              (--whole-archive)
zephyr/arch/arch/arm/core/aarch32/libarch__arm__core__aarch32.a(irq_manage.c.obj)
                              (--whole-archive)
zephyr/arch/arch/arm/core/aarch32/libarch__arm__core__aarch32.a(nmi.c.obj)
                              (--whole-archive)
zephyr/arch/arch/arm/core/aarch32/libarch__arm__core__aarch32.a(nmi_on_reset.S.obj)
                              (--whole-archive)
zephyr/arch/arch/arm/core/aarch32/libarch__arm__core__aarch32.a(prep_c.c.obj)
                              (--whole-archive)
zephyr/arch/arch/arm/core/aarch32/libarch__arm__core__aarch32.a(swap.c.obj)
                              (--whole-archive)
zephyr/arch/arch/arm/core/aarch32/libarch__arm__core__aarch32.a(swap_helper.S.obj)
                              (--whole-archive)
zephyr/arch/arch/arm/core/aarch32/libarch__arm__core__aarch32.a(thread.c.obj)
                              (--whole-archive)
zephyr/arch/arch/arm/core/aarch32/libarch__arm__core__aarch32.a(isr_wrapper.S.obj)
                              (--whole-archive)
zephyr/arch/arch/arm/core/aarch32/cortex_m/libarch__arm__core__aarch32__cortex_m.a(exc_exit.S.obj)
                              (--whole-archive)
zephyr/arch/arch/arm/core/aarch32/cortex_m/libarch__arm__core__aarch32__cortex_m.a(fault.c.obj)
                              (--whole-archive)
zephyr/arch/arch/arm/core/aarch32/cortex_m/libarch__arm__core__aarch32__cortex_m.a(fault_s.S.obj)
                              (--whole-archive)
[...]
Memory Configuration

Name             Origin             Length             Attributes
FLASH            0x0000000000001000 0x00000000000ff000 xr
RAM              0x0000000020000000 0x0000000000040000 xw
IDT_LIST         0x00000000fffff7ff 0x0000000000000800 xw
*default*        0x0000000000000000 0xffffffffffffffff

Linker script and memory map

LOAD zephyr/CMakeFiles/zephyr_pre0.dir/misc/empty_file.c.obj
LOAD zephyr/CMakeFiles/offsets.dir/./arch/arm/core/offsets/offsets.c.obj
LOAD app/libapp.a
LOAD zephyr/libzephyr.a
LOAD zephyr/arch/common/libarch__common.a
LOAD zephyr/arch/arch/arm/core/aarch32/libarch__arm__core__aarch32.a
LOAD zephyr/arch/arch/arm/core/aarch32/cortex_m/libarch__arm__core__aarch32__cortex_m.a
LOAD zephyr/arch/arch/arm/core/aarch32/mpu/libarch__arm__core__aarch32__mpu.a
LOAD zephyr/lib/libc/minimal/liblib__libc__minimal.a
LOAD zephyr/lib/libc/common/liblib__libc__common.a
LOAD zephyr/soc/arm/common/cortex_m/libsoc__arm__common__cortex_m.a
LOAD zephyr/soc/arm/nordic_nrf/nrf52/libsoc__arm__nordic_nrf__nrf52.a
LOAD zephyr/subsys/usb/device/class/hid/libsubsys__usb__device__class__hid.a
LOAD zephyr/drivers/usb/device/libdrivers__usb__device.a
LOAD zephyr/drivers/clock_control/libdrivers__clock_control.a
LOAD zephyr/drivers/console/libdrivers__console.a
LOAD zephyr/drivers/gpio/libdrivers__gpio.a
LOAD zephyr/drivers/hwinfo/libdrivers__hwinfo.a
LOAD zephyr/drivers/i2c/libdrivers__i2c.a
LOAD zephyr/drivers/pinctrl/libdrivers__pinctrl.a
LOAD zephyr/drivers/sensor/ams_as5600/libdrivers__sensor__ams_as5600.a
LOAD zephyr/drivers/sensor/nrf5/libdrivers__sensor__nrf5.a
LOAD zephyr/drivers/serial/libdrivers__serial.a
LOAD zephyr/drivers/timer/libdrivers__timer.a
LOAD modules/hal_nordic/nrfx/libmodules__hal_nordic__nrfx.a
LOAD zephyr/kernel/libkernel.a
LOAD c:/program files/zephyr-sdk-0.16.1/arm-zephyr-eabi/bin/../lib/gcc/arm-zephyr-eabi/12.2.0/thumb/v7e-m/nofp\libgcc.a
LOAD zephyr/arch/common/libisr_tables.a
                0x0000000000000020                _region_min_align = 0x20

.rel.plt        0x0000000000001000        0x0
 *(SORT_BY_ALIGNMENT(.rel.plt))
                [!provide]                        PROVIDE (__rel_iplt_start = .)
 *(SORT_BY_ALIGNMENT(.rel.iplt))
 .rel.iplt      0x0000000000001000        0x0 app/libapp.a(main.c.obj)
                [!provide]                        PROVIDE (__rel_iplt_end = .)

.rela.plt       0x0000000000000000        0x0
 *(SORT_BY_ALIGNMENT(.rela.plt))
                [!provide]                        PROVIDE (__rela_iplt_start = .)
 *(SORT_BY_ALIGNMENT(.rela.iplt))
                [!provide]                        PROVIDE (__rela_iplt_end = .)

.rel.dyn
 *(SORT_BY_ALIGNMENT(.rel.*))

.rela.dyn
 *(SORT_BY_ALIGNMENT(.rela.*))

/DISCARD/
 *(SORT_BY_ALIGNMENT(.plt))

/DISCARD/
 *(SORT_BY_ALIGNMENT(.iplt))
                0x0000000000001000                __rom_region_start = 0x1000

rom_start       0x0000000000001000      0x100
                0x0000000000000000                . = 0x0
                0x0000000000000000                . = ALIGN (0x4)
                0x0000000000000000                . = ALIGN (0x80)
                0x0000000000000000                . = ALIGN (0x100)
                0x0000000000001000                _vector_start = .
 *(SORT_BY_ALIGNMENT(.exc_vector_table))
 *(SORT_BY_ALIGNMENT(.exc_vector_table.*))
 .exc_vector_table._vector_table_section
                0x0000000000001000       0x40 zephyr/arch/arch/arm/core/aarch32/cortex_m/libarch__arm__core__aarch32__cortex_m.a(vector_table.S.obj)
                0x0000000000001000                _vector_table
 *(SORT_BY_ALIGNMENT(.vectors))
                0x0000000000001100                _vector_end = .
                0x0000000000001040                . = ALIGN (0x4)
 *(SORT_BY_ALIGNMENT(.gnu.linkonce.irq_vector_table*))
 .gnu.linkonce.irq_vector_table
                0x0000000000001040       0xc0 zephyr/arch/common/libisr_tables.a(isr_tables.c.obj)
                0x0000000000001040                _irq_vector_table
                0x0000000000001100                _vector_end = .

text            0x0000000000001100     0x95a4
                0x0000000000001100                __text_region_start = .
 *(SORT_BY_ALIGNMENT(.text))
 .text          0x0000000000001100       0x30 c:/program files/zephyr-sdk-0.16.1/arm-zephyr-eabi/bin/../lib/gcc/arm-zephyr-eabi/12.2.0/thumb/v7e-m/nofp\libgcc.a(_aeabi_uldivmod.o)
                0x0000000000001100                __aeabi_uldivmod
 .text          0x0000000000001130        0x4 c:/program files/zephyr-sdk-0.16.1/arm-zephyr-eabi/bin/../lib/gcc/arm-zephyr-eabi/12.2.0/thumb/v7e-m/nofp\libgcc.a(_dvmd_tls.o)
                0x0000000000001130                __aeabi_idiv0
                0x0000000000001130                __aeabi_ldiv0
 .text          0x0000000000001134      0x2a0 c:/program files/zephyr-sdk-0.16.1/arm-zephyr-eabi/bin/../lib/gcc/arm-zephyr-eabi/12.2.0/thumb/v7e-m/nofp\libgcc.a(_udivmoddi4.o)
                0x0000000000001134                __udivmoddi4
 *(SORT_BY_ALIGNMENT(.text.*))
 .text.int_in_ready_cb
                0x00000000000013d4        0xc app/libapp.a(main.c.obj)
 .text.composite_pre_init
                0x00000000000013e0       0x44 app/libapp.a(main.c.obj)
 .text.threadB  0x0000000000001424       0x50 app/libapp.a(main.c.obj)
                0x0000000000001424                threadB
 .text.as5600_refresh
                0x0000000000001474       0x2c app/libapp.a(main.c.obj)
                0x0000000000001474                as5600_refresh
 .text.threadA  0x00000000000014a0       0xb4 app/libapp.a(main.c.obj)
                0x00000000000014a0                threadA
 .text.main     0x0000000000001554       0x94 app/libapp.a(main.c.obj)
                0x0000000000001554                main
 .text.char_out
                0x00000000000015e8        0xc zephyr/libzephyr.a(printk.c.obj)
 .text.__printk_hook_install
                0x00000000000015f4        0xc zephyr/libzephyr.a(printk.c.obj)
                0x00000000000015f4                __printk_hook_install
 .text.vprintk  0x0000000000001600       0x1c zephyr/libzephyr.a(printk.c.obj)
                0x0000000000001600                vprintk
 .text.process_event
                0x000000000000161c      0x21c zephyr/libzephyr.a(onoff.c.obj)
 .text.z_cbvprintf_impl
                0x0000000000001838      0x764 zephyr/libzephyr.a(cbprintf_complete.c.obj)
                0x0000000000001838                z_cbvprintf_impl
 .text.z_arm_platform_init
                0x0000000000001f9c        0x4 zephyr/libzephyr.a(soc_nrf_common.S.obj)
                0x0000000000001f9c                z_arm_platform_init
 .text.pm_state_notify
                0x0000000000001fa0       0x5c zephyr/libzephyr.a(pm.c.obj)
 .text.pm_system_resume
                0x0000000000001ffc       0x78 zephyr/libzephyr.a(pm.c.obj)
                0x0000000000001ffc                pm_system_resume
 .text.pm_system_suspend
                0x0000000000002074       0xf8 zephyr/libzephyr.a(pm.c.obj)
                0x0000000000002074                pm_system_suspend
 .text.pm_policy_next_state
                0x000000000000216c       0xf8 zephyr/libzephyr.a(policy.c.obj)
                0x000000000000216c                pm_policy_next_state
 .text.pm_state_cpu_get_all
                0x0000000000002264       0x10 zephyr/libzephyr.a(state.c.obj)
                0x0000000000002264                pm_state_cpu_get_all
 .text.class_handler
                0x0000000000002274       0x40 zephyr/libzephyr.a(usb_device.c.obj)
 .text.custom_handler
                0x00000000000022b4       0x60 zephyr/libzephyr.a(usb_device.c.obj)
 .text.vendor_handler
                0x0000000000002314       0x3c zephyr/libzephyr.a(usb_device.c.obj)
 .text.disable_endpoint
                0x0000000000002350       0x2c zephyr/libzephyr.a(usb_device.c.obj)
 .text.usb_reset_alt_setting
                0x000000000000237c       0x10 zephyr/libzephyr.a(usb_device.c.obj)
 .text.is_ep_valid.part.0
                0x000000000000238c       0x38 zephyr/libzephyr.a(usb_device.c.obj)
 .text.usb_handle_request.constprop.0
                0x00000000000023c4       0x2c zephyr/libzephyr.a(usb_device.c.obj)
 .text.forward_status_cb
                0x00000000000023f0       0xac zephyr/libzephyr.a(usb_device.c.obj)
 .text.usb_halt_endpoint_req.isra.0
                0x000000000000249c       0x50 zephyr/libzephyr.a(usb_device.c.obj)
 .text.set_endpoint
                0x00000000000024ec       0x84 zephyr/libzephyr.a(usb_device.c.obj)
 .text.usb_handle_standard_request
                0x0000000000002570      0x2ec zephyr/libzephyr.a(usb_device.c.obj)
 .text.usb_data_to_host
                0x000000000000285c       0x60 zephyr/libzephyr.a(usb_device.c.obj)
 .text.usb_handle_control_transfer
                0x00000000000028bc       0xdc zephyr/libzephyr.a(usb_device.c.obj)
 .text.usb_set_config
                0x0000000000002998       0x2c zephyr/libzephyr.a(usb_device.c.obj)
                0x0000000000002998                usb_set_config
 .text.usb_device_init
                0x00000000000029c4       0x28 zephyr/libzephyr.a(usb_device.c.obj)
 .text.usb_enable
                0x00000000000029ec      0x124 zephyr/libzephyr.a(usb_device.c.obj)
                0x00000000000029ec                usb_enable
 .text.usb_update_sn_string_descriptor
                0x0000000000002b10       0x88 zephyr/libzephyr.a(usb_descriptor.c.obj)
                0x0000000000002b10                usb_update_sn_string_descriptor
 .text.usb_get_device_descriptor
                0x0000000000002b98      0x1dc zephyr/libzephyr.a(usb_descriptor.c.obj)
                0x0000000000002b98                usb_get_device_descriptor
 .text.usb_ep_get_transfer
                0x0000000000002d74       0x2c zephyr/libzephyr.a(usb_transfer.c.obj)
 .text.usb_transfer_work
                0x0000000000002da0      0x108 zephyr/libzephyr.a(usb_transfer.c.obj)
 .text.usb_transfer_ep_callback
                0x0000000000002ea8       0x5c zephyr/libzephyr.a(usb_transfer.c.obj)
                0x0000000000002ea8                usb_transfer_ep_callback
 .text.usb_transfer
                0x0000000000002f04       0xe4 zephyr/libzephyr.a(usb_transfer.c.obj)
                0x0000000000002f04                usb_transfer
 .text.usb_cancel_transfer
                0x0000000000002fe8       0x3c zephyr/libzephyr.a(usb_transfer.c.obj)
                0x0000000000002fe8                usb_cancel_transfer
 .text.usb_cancel_transfers
                0x0000000000003024       0x48 zephyr/libzephyr.a(usb_transfer.c.obj)
                0x0000000000003024                usb_cancel_transfers
 .text.usb_transfer_init
                0x000000000000306c       0x34 zephyr/libzephyr.a(usb_transfer.c.obj)
                0x000000000000306c                usb_transfer_init
 .text.cdc_acm_class_handle_req
                0x00000000000030a0       0x58 zephyr/libzephyr.a(cdc_acm.c.obj)
                0x00000000000030a0                cdc_acm_class_handle_req
 .text.cdc_acm_int_in
                0x00000000000030f8       0x18 zephyr/libzephyr.a(cdc_acm.c.obj)
 .text.cdc_acm_irq_rx_enable
                0x0000000000003110       0x20 zephyr/libzephyr.a(cdc_acm.c.obj)
 .text.cdc_acm_irq_tx_enable
                0x0000000000003130       0x20 zephyr/libzephyr.a(cdc_acm.c.obj)
 .text.cdc_acm_reset_port
                0x0000000000003150       0x3c zephyr/libzephyr.a(cdc_acm.c.obj)
 .text.cdc_acm_fifo_fill
                0x000000000000318c       0x38 zephyr/libzephyr.a(cdc_acm.c.obj)
 .text.cdc_acm_poll_out
                0x00000000000031c4       0x64 zephyr/libzephyr.a(cdc_acm.c.obj)
 .text.tx_work_handler
                0x0000000000003228       0x5c zephyr/libzephyr.a(cdc_acm.c.obj)
 .text.cdc_acm_write_cb
                0x0000000000003284       0x44 zephyr/libzephyr.a(cdc_acm.c.obj)
 .text.cdc_acm_init
                0x00000000000032c8       0x48 zephyr/libzephyr.a(cdc_acm.c.obj)
 .text.cdc_acm_send_notification.isra.0
                0x0000000000003310       0x44 zephyr/libzephyr.a(cdc_acm.c.obj)
 .text.cdc_acm_read_cb
                0x0000000000003354       0x6c zephyr/libzephyr.a(cdc_acm.c.obj)
 .text.cdc_acm_dev_status_cb
                0x00000000000033c0       0x88 zephyr/libzephyr.a(cdc_acm.c.obj)
 .text.z_usb_work_q_init
                0x0000000000003448       0x34 zephyr/libzephyr.a(usb_work_q.c.obj)
 .text.z_arm_cpu_idle_init
                0x000000000000347c        0xc zephyr/arch/arch/arm/core/aarch32/libarch__arm__core__aarch32.a(cpu_idle.S.obj)
                0x000000000000347c                z_arm_cpu_idle_init
 .text.arch_cpu_idle
                0x0000000000003488       0x1c zephyr/arch/arch/arm/core/aarch32/libarch__arm__core__aarch32.a(cpu_idle.S.obj)
                0x0000000000003488                arch_cpu_idle
 .text.arch_cpu_atomic_idle
                0x00000000000034a4       0x18 zephyr/arch/arch/arm/core/aarch32/libarch__arm__core__aarch32.a(cpu_idle.S.obj)
                0x00000000000034a4                arch_cpu_atomic_idle
 .text.arch_irq_enable
                0x00000000000034bc       0x1c zephyr/arch/arch/arm/core/aarch32/libarch__arm__core__aarch32.a(irq_manage.c.obj)
                0x00000000000034bc                arch_irq_enable
 .text.arch_irq_disable
                0x00000000000034d8       0x28 zephyr/arch/arch/arm/core/aarch32/libarch__arm__core__aarch32.a(irq_manage.c.obj)
                0x00000000000034d8                arch_irq_disable
 .text.arch_irq_is_enabled
                0x0000000000003500       0x1c zephyr/arch/arch/arm/core/aarch32/libarch__arm__core__aarch32.a(irq_manage.c.obj)
                0x0000000000003500                arch_irq_is_enabled
 .text.z_arm_irq_priority_set
                0x000000000000351c       0x30 zephyr/arch/arch/arm/core/aarch32/libarch__arm__core__aarch32.a(irq_manage.c.obj)
                0x000000000000351c                z_arm_irq_priority_set
 .text.z_SysNmiOnReset
                0x000000000000354c        0x8 zephyr/arch/arch/arm/core/aarch32/libarch__arm__core__aarch32.a(nmi_on_reset.S.obj)
                0x000000000000354c                z_SysNmiOnReset
 .text.z_arm_prep_c
                0x0000000000003554       0x48 zephyr/arch/arch/arm/core/aarch32/libarch__arm__core__aarch32.a(prep_c.c.obj)
                0x0000000000003554                z_arm_prep_c
 .text.arch_swap
                0x000000000000359c       0x34 zephyr/arch/arch/arm/core/aarch32/libarch__arm__core__aarch32.a(swap.c.obj)
                0x000000000000359c                arch_swap
 .text.z_arm_pendsv
                0x00000000000035d0       0x54 zephyr/arch/arch/arm/core/aarch32/libarch__arm__core__aarch32.a(swap_helper.S.obj)
                0x00000000000035d0                z_arm_pendsv
 .text.z_arm_svc
                0x0000000000003624       0x20 zephyr/arch/arch/arm/core/aarch32/libarch__arm__core__aarch32.a(swap_helper.S.obj)
                0x0000000000003624                z_arm_svc
 .text.arch_new_thread
                0x0000000000003644       0x38 zephyr/arch/arch/arm/core/aarch32/libarch__arm__core__aarch32.a(thread.c.obj)
                0x0000000000003644                arch_new_thread
 .text.z_check_thread_stack_fail
                0x000000000000367c       0x2c zephyr/arch/arch/arm/core/aarch32/libarch__arm__core__aarch32.a(thread.c.obj)
                0x000000000000367c                z_check_thread_stack_fail
 .text.arch_switch_to_main_thread
                0x00000000000036a8       0x2c zephyr/arch/arch/arm/core/aarch32/libarch__arm__core__aarch32.a(thread.c.obj)
                0x00000000000036a8                arch_switch_to_main_thread
 .text._isr_wrapper
                0x00000000000036d4       0x40 zephyr/arch/arch/arm/core/aarch32/libarch__arm__core__aarch32.a(isr_wrapper.S.obj)
                0x00000000000036d4                _isr_wrapper
 .text._HandlerModeExit
                0x0000000000003714       0x1c zephyr/arch/arch/arm/core/aarch32/cortex_m/libarch__arm__core__aarch32__cortex_m.a(exc_exit.S.obj)
                0x0000000000003714                z_arm_int_exit
                0x0000000000003714                z_arm_exc_exit
 .text.mem_manage_fault
                0x0000000000003730       0xa0 zephyr/arch/arch/arm/core/aarch32/cortex_m/libarch__arm__core__aarch32__cortex_m.a(fault.c.obj)
 .text.usage_fault.constprop.0
                0x00000000000037d0       0x54 zephyr/arch/arch/arm/core/aarch32/cortex_m/libarch__arm__core__aarch32__cortex_m.a(fault.c.obj)
 .text.bus_fault.constprop.0
                0x0000000000003824       0x6c zephyr/arch/arch/arm/core/aarch32/cortex_m/libarch__arm__core__aarch32__cortex_m.a(fault.c.obj)
 .text.z_arm_fault
                0x0000000000003890      0x11c zephyr/arch/arch/arm/core/aarch32/cortex_m/libarch__arm__core__aarch32__cortex_m.a(fault.c.obj)
                0x0000000000003890                z_arm_fault
 .text.z_arm_fault_init
                0x00000000000039ac       0x10 zephyr/arch/arch/arm/core/aarch32/cortex_m/libarch__arm__core__aarch32__cortex_m.a(fault.c.obj)
                0x00000000000039ac                z_arm_fault_init
 .text.__fault  0x00000000000039bc       0x14 zephyr/arch/arch/arm/core/aarch32/cortex_m/libarch__arm__core__aarch32__cortex_m.a(fault_s.S.obj)
                0x00000000000039bc                z_arm_usage_fault
                0x00000000000039bc                z_arm_mpu_fault
                0x00000000000039bc                z_arm_exc_spurious
                0x00000000000039bc                z_arm_debug_monitor
                0x00000000000039bc                z_arm_hard_fault
                0x00000000000039bc                z_arm_bus_fault
 .text.z_arm_interrupt_init
                0x00000000000039d0       0x18 zephyr/arch/arch/arm/core/aarch32/cortex_m/libarch__arm__core__aarch32__cortex_m.a(irq_init.c.obj)
                0x00000000000039d0                z_arm_interrupt_init
 .text._reset_section
                0x00000000000039e8       0x30 zephyr/arch/arch/arm/core/aarch32/cortex_m/libarch__arm__core__aarch32__cortex_m.a(reset.S.obj)
                0x00000000000039e8                __start
                0x00000000000039e8                z_arm_reset
 .text.z_impl_k_thread_abort
                0x0000000000003a18       0x2c zephyr/arch/arch/arm/core/aarch32/cortex_m/libarch__arm__core__aarch32__cortex_m.a(thread_abort.c.obj)
                0x0000000000003a18                z_impl_k_thread_abort
 .text.z_arm_configure_static_mpu_regions
                0x0000000000003a44       0x18 zephyr/arch/arch/arm/core/aarch32/mpu/libarch__arm__core__aarch32__mpu.a(arm_core_mpu.c.obj)
                0x0000000000003a44                z_arm_configure_static_mpu_regions
 .text.z_arm_configure_dynamic_mpu_regions
                0x0000000000003a5c       0x20 zephyr/arch/arch/arm/core/aarch32/mpu/libarch__arm__core__aarch32__mpu.a(arm_core_mpu.c.obj)
                0x0000000000003a5c                z_arm_configure_dynamic_mpu_regions
 .text.mpu_configure_regions
                0x0000000000003a7c       0x88 zephyr/arch/arch/arm/core/aarch32/mpu/libarch__arm__core__aarch32__mpu.a(arm_mpu.c.obj)
 .text.arm_core_mpu_enable
                0x0000000000003b04       0x18 zephyr/arch/arch/arm/core/aarch32/mpu/libarch__arm__core__aarch32__mpu.a(arm_mpu.c.obj)
                0x0000000000003b04                arm_core_mpu_enable
 .text.arm_core_mpu_disable
                0x0000000000003b1c       0x14 zephyr/arch/arch/arm/core/aarch32/mpu/libarch__arm__core__aarch32__mpu.a(arm_mpu.c.obj)
                0x0000000000003b1c                arm_core_mpu_disable
 .text.arm_core_mpu_configure_static_mpu_regions
                0x0000000000003b30       0x14 zephyr/arch/arch/arm/core/aarch32/mpu/libarch__arm__core__aarch32__mpu.a(arm_mpu.c.obj)
                0x0000000000003b30                arm_core_mpu_configure_static_mpu_regions
 .text.arm_core_mpu_configure_dynamic_mpu_regions
                0x0000000000003b44       0x30 zephyr/arch/arch/arm/core/aarch32/mpu/libarch__arm__core__aarch32__mpu.a(arm_mpu.c.obj)
                0x0000000000003b44                arm_core_mpu_configure_dynamic_mpu_regions
 .text.z_arm_mpu_init
                0x0000000000003b74       0x60 zephyr/arch/arch/arm/core/aarch32/mpu/libarch__arm__core__aarch32__mpu.a(arm_mpu.c.obj)
                0x0000000000003b74                z_arm_mpu_init
 .text.__stdout_hook_install
                0x0000000000003bd4        0xc zephyr/lib/libc/minimal/liblib__libc__minimal.a(stdout_console.c.obj)
                0x0000000000003bd4                __stdout_hook_install
 .text.nordicsemi_nrf52_init
                0x0000000000003be0       0x18 zephyr/soc/arm/nordic_nrf/nrf52/libsoc__arm__nordic_nrf__nrf52.a(soc.c.obj)
 .text.arch_busy_wait
                0x0000000000003bf8       0x14 zephyr/soc/arm/nordic_nrf/nrf52/libsoc__arm__nordic_nrf__nrf52.a(soc.c.obj)
                0x0000000000003bf8                arch_busy_wait
 .text.hid_int_in
                0x0000000000003c0c       0x2c zephyr/subsys/usb/device/class/hid/libsubsys__usb__device__class__hid.a(core.c.obj)
 .text.hid_custom_handle_req
                0x0000000000003c38       0x78 zephyr/subsys/usb/device/class/hid/libsubsys__usb__device__class__hid.a(core.c.obj)
 .text.hid_class_handle_req
                0x0000000000003cb0       0x60 zephyr/subsys/usb/device/class/hid/libsubsys__usb__device__class__hid.a(core.c.obj)
 .text.hid_status_cb
                0x0000000000003d10       0x48 zephyr/subsys/usb/device/class/hid/libsubsys__usb__device__class__hid.a(core.c.obj)
 .text.usb_hid_register_device
                0x0000000000003d58       0x2c zephyr/subsys/usb/device/class/hid/libsubsys__usb__device__class__hid.a(core.c.obj)
                0x0000000000003d58                usb_hid_register_device
 .text.endpoint_ctx
                0x0000000000003d84       0x60 zephyr/drivers/usb/device/libdrivers__usb__device.a(usb_dc_nrfx.c.obj)
 .text.usbd_work_schedule
                0x0000000000003de4       0x10 zephyr/drivers/usb/device/libdrivers__usb__device.a(usb_dc_nrfx.c.obj)
 .text.usbd_evt_put
                0x0000000000003df4        0xc zephyr/drivers/usb/device/libdrivers__usb__device.a(usb_dc_nrfx.c.obj)
 .text.usbd_evt_get
                0x0000000000003e00       0x10 zephyr/drivers/usb/device/libdrivers__usb__device.a(usb_dc_nrfx.c.obj)
 .text.usbd_evt_flush
                0x0000000000003e10       0x1c zephyr/drivers/usb/device/libdrivers__usb__device.a(usb_dc_nrfx.c.obj)
 .text.usbd_evt_alloc
                0x0000000000003e2c       0x44 zephyr/drivers/usb/device/libdrivers__usb__device.a(usb_dc_nrfx.c.obj)
 .text.usb_dc_power_event_handler
                0x0000000000003e70       0x34 zephyr/drivers/usb/device/libdrivers__usb__device.a(usb_dc_nrfx.c.obj)
 .text.usbd_event_transfer_data
                0x0000000000003ea4       0xa8 zephyr/drivers/usb/device/libdrivers__usb__device.a(usb_dc_nrfx.c.obj)
 .text.usb_init
                0x0000000000003f4c       0x70 zephyr/drivers/usb/device/libdrivers__usb__device.a(usb_dc_nrfx.c.obj)
 .text.hfxo_stop.constprop.0.isra.0
                0x0000000000003fbc       0x40 zephyr/drivers/usb/device/libdrivers__usb__device.a(usb_dc_nrfx.c.obj)
 .text.usbd_event_handler
                0x0000000000003ffc      0x11c zephyr/drivers/usb/device/libdrivers__usb__device.a(usb_dc_nrfx.c.obj)
 .text.eps_ctx_init
                0x0000000000004118       0x68 zephyr/drivers/usb/device/libdrivers__usb__device.a(usb_dc_nrfx.c.obj)
 .text.usbd_work_handler
                0x0000000000004180      0x2e4 zephyr/drivers/usb/device/libdrivers__usb__device.a(usb_dc_nrfx.c.obj)
 .text.usb_dc_attach
                0x0000000000004464       0x64 zephyr/drivers/usb/device/libdrivers__usb__device.a(usb_dc_nrfx.c.obj)
                0x0000000000004464                usb_dc_attach
 .text.usb_dc_set_address
                0x00000000000044c8       0x24 zephyr/drivers/usb/device/libdrivers__usb__device.a(usb_dc_nrfx.c.obj)
                0x00000000000044c8                usb_dc_set_address
 .text.usb_dc_ep_configure
                0x00000000000044ec       0x48 zephyr/drivers/usb/device/libdrivers__usb__device.a(usb_dc_nrfx.c.obj)
                0x00000000000044ec                usb_dc_ep_configure
 .text.usb_dc_ep_set_stall
                0x0000000000004534       0x50 zephyr/drivers/usb/device/libdrivers__usb__device.a(usb_dc_nrfx.c.obj)
                0x0000000000004534                usb_dc_ep_set_stall
 .text.usb_dc_ep_clear_stall
                0x0000000000004584       0x40 zephyr/drivers/usb/device/libdrivers__usb__device.a(usb_dc_nrfx.c.obj)
                0x0000000000004584                usb_dc_ep_clear_stall
 .text.usb_dc_ep_is_stalled
                0x00000000000045c4       0x38 zephyr/drivers/usb/device/libdrivers__usb__device.a(usb_dc_nrfx.c.obj)
                0x00000000000045c4                usb_dc_ep_is_stalled
 .text.usb_dc_ep_enable
                0x00000000000045fc       0x54 zephyr/drivers/usb/device/libdrivers__usb__device.a(usb_dc_nrfx.c.obj)
                0x00000000000045fc                usb_dc_ep_enable
 .text.usb_dc_ep_write
                0x0000000000004650       0xf8 zephyr/drivers/usb/device/libdrivers__usb__device.a(usb_dc_nrfx.c.obj)
                0x0000000000004650                usb_dc_ep_write
 .text.usb_dc_ep_read_wait
                0x0000000000004748       0x90 zephyr/drivers/usb/device/libdrivers__usb__device.a(usb_dc_nrfx.c.obj)
                0x0000000000004748                usb_dc_ep_read_wait
 .text.usb_dc_ep_read_continue
                0x00000000000047d8       0x84 zephyr/drivers/usb/device/libdrivers__usb__device.a(usb_dc_nrfx.c.obj)
                0x00000000000047d8                usb_dc_ep_read_continue
 .text.usb_dc_ep_set_callback
                0x000000000000485c       0x28 zephyr/drivers/usb/device/libdrivers__usb__device.a(usb_dc_nrfx.c.obj)
                0x000000000000485c                usb_dc_ep_set_callback
 .text.usb_dc_set_status_callback
                0x0000000000004884        0xc zephyr/drivers/usb/device/libdrivers__usb__device.a(usb_dc_nrfx.c.obj)
                0x0000000000004884                usb_dc_set_status_callback
 .text.usb_dc_ep_mps
                0x0000000000004890       0x24 zephyr/drivers/usb/device/libdrivers__usb__device.a(usb_dc_nrfx.c.obj)
                0x0000000000004890                usb_dc_ep_mps
 .text.onoff_stop
                0x00000000000048b4       0x30 zephyr/drivers/clock_control/libdrivers__clock_control.a(clock_control_nrf.c.obj)
 .text.onoff_start
                0x00000000000048e4       0x44 zephyr/drivers/clock_control/libdrivers__clock_control.a(clock_control_nrf.c.obj)
 .text.clk_init
                0x0000000000004928       0x58 zephyr/drivers/clock_control/libdrivers__clock_control.a(clock_control_nrf.c.obj)
 .text.clkstarted_handle.constprop.0
                0x0000000000004980       0x34 zephyr/drivers/clock_control/libdrivers__clock_control.a(clock_control_nrf.c.obj)
 .text.clock_event_handler
                0x00000000000049b4       0x1c zephyr/drivers/clock_control/libdrivers__clock_control.a(clock_control_nrf.c.obj)
 .text.generic_hfclk_start
                0x00000000000049d0       0x64 zephyr/drivers/clock_control/libdrivers__clock_control.a(clock_control_nrf.c.obj)
 .text.api_blocking_start
                0x0000000000004a34       0x34 zephyr/drivers/clock_control/libdrivers__clock_control.a(clock_control_nrf.c.obj)
 .text.generic_hfclk_stop
                0x0000000000004a68       0x34 zephyr/drivers/clock_control/libdrivers__clock_control.a(clock_control_nrf.c.obj)
 .text.z_nrf_clock_control_get_onoff
                0x0000000000004a9c       0x10 zephyr/drivers/clock_control/libdrivers__clock_control.a(clock_control_nrf.c.obj)
                0x0000000000004a9c                z_nrf_clock_control_get_onoff
 .text.z_nrf_clock_control_lf_on
                0x0000000000004aac       0xfc zephyr/drivers/clock_control/libdrivers__clock_control.a(clock_control_nrf.c.obj)
                0x0000000000004aac                z_nrf_clock_control_lf_on
 .text.uart_console_init
                0x0000000000004ba8       0x28 zephyr/drivers/console/libdrivers__console.a(uart_console.c.obj)
 .text.console_out
                0x0000000000004bd0       0x28 zephyr/drivers/console/libdrivers__console.a(uart_console.c.obj)
 .text.gpio_nrfx_pin_interrupt_configure
                0x0000000000004bf8       0xe4 zephyr/drivers/gpio/libdrivers__gpio.a(gpio_nrfx.c.obj)
 .text.gpio_nrfx_init
                0x0000000000004cdc       0x38 zephyr/drivers/gpio/libdrivers__gpio.a(gpio_nrfx.c.obj)
 .text.nrfx_gpio_handler
                0x0000000000004d14       0x4c zephyr/drivers/gpio/libdrivers__gpio.a(gpio_nrfx.c.obj)
 .text.gpio_nrfx_pin_configure
                0x0000000000004d60      0x128 zephyr/drivers/gpio/libdrivers__gpio.a(gpio_nrfx.c.obj)
 .text.i2c_nrfx_twim_init
                0x0000000000004e88       0x40 zephyr/drivers/i2c/libdrivers__i2c.a(i2c_nrfx_twim.c.obj)
 .text.i2c_nrfx_twim_recover_bus
                0x0000000000004ec8       0x3c zephyr/drivers/i2c/libdrivers__i2c.a(i2c_nrfx_twim.c.obj)
 .text.event_handler
                0x0000000000004f04       0x34 zephyr/drivers/i2c/libdrivers__i2c.a(i2c_nrfx_twim.c.obj)
 .text.i2c_nrfx_twim_transfer
                0x0000000000004f38      0x18c zephyr/drivers/i2c/libdrivers__i2c.a(i2c_nrfx_twim.c.obj)
 .text.pinctrl_configure_pins
                0x00000000000050c4       0xc0 zephyr/drivers/pinctrl/libdrivers__pinctrl.a(pinctrl_nrf.c.obj)
                0x00000000000050c4                pinctrl_configure_pins
 .text.hfclk_on_callback
                0x0000000000005184        0xc zephyr/drivers/sensor/nrf5/libdrivers__sensor__nrf5.a(temp_nrf5.c.obj)
 .text.temp_nrf5_channel_get
                0x0000000000005190       0x2c zephyr/drivers/sensor/nrf5/libdrivers__sensor__nrf5.a(temp_nrf5.c.obj)
 .text.temp_nrf5_isr
                0x00000000000051bc       0x18 zephyr/drivers/sensor/nrf5/libdrivers__sensor__nrf5.a(temp_nrf5.c.obj)
 .text.temp_nrf5_sample_fetch
                0x00000000000051d4       0x78 zephyr/drivers/sensor/nrf5/libdrivers__sensor__nrf5.a(temp_nrf5.c.obj)
 .text.temp_nrf5_init
                0x000000000000524c       0x40 zephyr/drivers/sensor/nrf5/libdrivers__sensor__nrf5.a(temp_nrf5.c.obj)
 .text.compare_int_lock
                0x000000000000528c       0x48 zephyr/drivers/timer/libdrivers__timer.a(nrf_rtc_timer.c.obj)
 .text.sys_clock_timeout_handler
                0x00000000000052d4       0x48 zephyr/drivers/timer/libdrivers__timer.a(nrf_rtc_timer.c.obj)
 .text.compare_int_unlock
                0x000000000000531c       0x5c zephyr/drivers/timer/libdrivers__timer.a(nrf_rtc_timer.c.obj)
 .text.z_nrf_rtc_timer_read
                0x0000000000005378       0x44 zephyr/drivers/timer/libdrivers__timer.a(nrf_rtc_timer.c.obj)
                0x0000000000005378                z_nrf_rtc_timer_read
 .text.compare_set
                0x00000000000053bc      0x130 zephyr/drivers/timer/libdrivers__timer.a(nrf_rtc_timer.c.obj)
 .text.sys_clock_driver_init
                0x00000000000054ec       0x90 zephyr/drivers/timer/libdrivers__timer.a(nrf_rtc_timer.c.obj)
 .text.rtc_nrf_isr
                0x000000000000557c       0xd4 zephyr/drivers/timer/libdrivers__timer.a(nrf_rtc_timer.c.obj)
                0x000000000000557c                rtc_nrf_isr
 .text.sys_clock_set_timeout
                0x0000000000005650       0x68 zephyr/drivers/timer/libdrivers__timer.a(nrf_rtc_timer.c.obj)
                0x0000000000005650                sys_clock_set_timeout
 .text.sys_clock_elapsed
                0x00000000000056b8       0x14 zephyr/drivers/timer/libdrivers__timer.a(nrf_rtc_timer.c.obj)
                0x00000000000056b8                sys_clock_elapsed
 .text.nrf52_errata_98
                0x00000000000056cc       0x24 modules/hal_nordic/nrfx/libmodules__hal_nordic__nrfx.a(system_nrf52840.c.obj)
 .text.nvmc_wait
                0x00000000000056f0       0x10 modules/hal_nordic/nrfx/libmodules__hal_nordic__nrfx.a(system_nrf52840.c.obj)
                0x00000000000056f0                nvmc_wait
 .text.SystemInit
                0x0000000000005700      0x1bc modules/hal_nordic/nrfx/libmodules__hal_nordic__nrfx.a(system_nrf52840.c.obj)
                0x0000000000005700                SystemInit
 .text.nrfx_flag32_alloc
                0x00000000000058bc       0x48 modules/hal_nordic/nrfx/libmodules__hal_nordic__nrfx.a(nrfx_flag32_allocator.c.obj)
                0x00000000000058bc                nrfx_flag32_alloc
 .text.nrfx_flag32_free
                0x0000000000005904       0x40 modules/hal_nordic/nrfx/libmodules__hal_nordic__nrfx.a(nrfx_flag32_allocator.c.obj)
                0x0000000000005904                nrfx_flag32_free
 .text.clock_stop
                0x0000000000005944       0xc4 modules/hal_nordic/nrfx/libmodules__hal_nordic__nrfx.a(nrfx_clock.c.obj)
 .text.nrfx_clock_init
                0x0000000000005a08       0x20 modules/hal_nordic/nrfx/libmodules__hal_nordic__nrfx.a(nrfx_clock.c.obj)
                0x0000000000005a08                nrfx_clock_init
 .text.nrfx_clock_enable
                0x0000000000005a28       0x24 modules/hal_nordic/nrfx/libmodules__hal_nordic__nrfx.a(nrfx_clock.c.obj)
                0x0000000000005a28                nrfx_clock_enable
 .text.nrfx_clock_irq_handler
                0x0000000000005a4c       0x68 modules/hal_nordic/nrfx/libmodules__hal_nordic__nrfx.a(nrfx_clock.c.obj)
                0x0000000000005a4c                nrfx_clock_irq_handler
 .text.nrf_gpio_pin_port_decode
                0x0000000000005ab4       0x20 modules/hal_nordic/nrfx/libmodules__hal_nordic__nrfx.a(nrfx_gpiote.c.obj)
 .text.call_handler
                0x0000000000005ad4       0x3c modules/hal_nordic/nrfx/libmodules__hal_nordic__nrfx.a(nrfx_gpiote.c.obj)
 .text.release_handler
                0x0000000000005b10       0x54 modules/hal_nordic/nrfx/libmodules__hal_nordic__nrfx.a(nrfx_gpiote.c.obj)
 .text.__nrfy_internal_gpiote_events_process.constprop.0
                0x0000000000005b64       0x54 modules/hal_nordic/nrfx/libmodules__hal_nordic__nrfx.a(nrfx_gpiote.c.obj)
 .text.nrfx_gpiote_input_configure
                0x0000000000005bb8      0x158 modules/hal_nordic/nrfx/libmodules__hal_nordic__nrfx.a(nrfx_gpiote.c.obj)
                0x0000000000005bb8                nrfx_gpiote_input_configure
 .text.nrfx_gpiote_output_configure
                0x0000000000005d10       0xe0 modules/hal_nordic/nrfx/libmodules__hal_nordic__nrfx.a(nrfx_gpiote.c.obj)
                0x0000000000005d10                nrfx_gpiote_output_configure
 .text.nrfx_gpiote_global_callback_set
                0x0000000000005df0        0xc modules/hal_nordic/nrfx/libmodules__hal_nordic__nrfx.a(nrfx_gpiote.c.obj)
                0x0000000000005df0                nrfx_gpiote_global_callback_set
 .text.nrfx_gpiote_channel_get
                0x0000000000005dfc       0x24 modules/hal_nordic/nrfx/libmodules__hal_nordic__nrfx.a(nrfx_gpiote.c.obj)
                0x0000000000005dfc                nrfx_gpiote_channel_get
 .text.nrfx_gpiote_init
                0x0000000000005e20       0x50 modules/hal_nordic/nrfx/libmodules__hal_nordic__nrfx.a(nrfx_gpiote.c.obj)
                0x0000000000005e20                nrfx_gpiote_init
 .text.nrfx_gpiote_is_init
                0x0000000000005e70       0x14 modules/hal_nordic/nrfx/libmodules__hal_nordic__nrfx.a(nrfx_gpiote.c.obj)
                0x0000000000005e70                nrfx_gpiote_is_init
 .text.nrfx_gpiote_channel_free
                0x0000000000005e84        0xc modules/hal_nordic/nrfx/libmodules__hal_nordic__nrfx.a(nrfx_gpiote.c.obj)
                0x0000000000005e84                nrfx_gpiote_channel_free
 .text.nrfx_gpiote_channel_alloc
                0x0000000000005e90        0xc modules/hal_nordic/nrfx/libmodules__hal_nordic__nrfx.a(nrfx_gpiote.c.obj)
                0x0000000000005e90                nrfx_gpiote_channel_alloc
 .text.nrfx_gpiote_trigger_enable
                0x0000000000005e9c       0x8c modules/hal_nordic/nrfx/libmodules__hal_nordic__nrfx.a(nrfx_gpiote.c.obj)
                0x0000000000005e9c                nrfx_gpiote_trigger_enable
 .text.nrfx_gpiote_trigger_disable
                0x0000000000005f28       0x44 modules/hal_nordic/nrfx/libmodules__hal_nordic__nrfx.a(nrfx_gpiote.c.obj)
                0x0000000000005f28                nrfx_gpiote_trigger_disable
 .text.nrfx_gpiote_pin_uninit
                0x0000000000005f6c       0x74 modules/hal_nordic/nrfx/libmodules__hal_nordic__nrfx.a(nrfx_gpiote.c.obj)
                0x0000000000005f6c                nrfx_gpiote_pin_uninit
 .text.nrfx_gpiote_irq_handler
                0x0000000000005fe0      0x19c modules/hal_nordic/nrfx/libmodules__hal_nordic__nrfx.a(nrfx_gpiote.c.obj)
                0x0000000000005fe0                nrfx_gpiote_irq_handler
 .text.nrfx_power_init
                0x000000000000617c       0x74 modules/hal_nordic/nrfx/libmodules__hal_nordic__nrfx.a(nrfx_power.c.obj)
                0x000000000000617c                nrfx_power_init
 .text.nrfx_power_usbevt_uninit
                0x00000000000061f0       0x18 modules/hal_nordic/nrfx/libmodules__hal_nordic__nrfx.a(nrfx_power.c.obj)
                0x00000000000061f0                nrfx_power_usbevt_uninit
 .text.nrfx_power_usbevt_init
                0x0000000000006208       0x14 modules/hal_nordic/nrfx/libmodules__hal_nordic__nrfx.a(nrfx_power.c.obj)
                0x0000000000006208                nrfx_power_usbevt_init
 .text.nrfx_power_irq_handler
                0x000000000000621c       0xa0 modules/hal_nordic/nrfx/libmodules__hal_nordic__nrfx.a(nrfx_power.c.obj)
                0x000000000000621c                nrfx_power_irq_handler
 .text.nrf_gpio_cfg.constprop.0
                0x00000000000062bc       0x48 modules/hal_nordic/nrfx/libmodules__hal_nordic__nrfx.a(nrfx_twim.c.obj)
 .text.twim_configure
                0x0000000000006304       0x3c modules/hal_nordic/nrfx/libmodules__hal_nordic__nrfx.a(nrfx_twim.c.obj)
 .text.nrfx_twim_init
                0x0000000000006340       0x88 modules/hal_nordic/nrfx/libmodules__hal_nordic__nrfx.a(nrfx_twim.c.obj)
                0x0000000000006340                nrfx_twim_init
 .text.nrfx_twim_enable
                0x00000000000063c8       0x20 modules/hal_nordic/nrfx/libmodules__hal_nordic__nrfx.a(nrfx_twim.c.obj)
                0x00000000000063c8                nrfx_twim_enable
 .text.nrfx_twim_disable
                0x00000000000063e8       0x3c modules/hal_nordic/nrfx/libmodules__hal_nordic__nrfx.a(nrfx_twim.c.obj)
                0x00000000000063e8                nrfx_twim_disable
 .text.nrfx_twim_xfer
                0x0000000000006424      0x350 modules/hal_nordic/nrfx/libmodules__hal_nordic__nrfx.a(nrfx_twim.c.obj)
                0x0000000000006424                nrfx_twim_xfer
 .text.nrfx_twim_0_irq_handler
                0x0000000000006774      0x184 modules/hal_nordic/nrfx/libmodules__hal_nordic__nrfx.a(nrfx_twim.c.obj)
                0x0000000000006774                nrfx_twim_0_irq_handler
 .text.nrf52_errata_187
                0x00000000000068f8       0x28 modules/hal_nordic/nrfx/libmodules__hal_nordic__nrfx.a(nrfx_usbd.c.obj)
 .text.ep_state_access
                0x0000000000006920       0x1c modules/hal_nordic/nrfx/libmodules__hal_nordic__nrfx.a(nrfx_usbd.c.obj)
 .text.ev_usbreset_handler
                0x000000000000693c       0x2c modules/hal_nordic/nrfx/libmodules__hal_nordic__nrfx.a(nrfx_usbd.c.obj)
 .text.ev_usbevent_handler
                0x0000000000006968       0x74 modules/hal_nordic/nrfx/libmodules__hal_nordic__nrfx.a(nrfx_usbd.c.obj)
 .text.usbd_errata_187_211_begin
                0x00000000000069dc       0x40 modules/hal_nordic/nrfx/libmodules__hal_nordic__nrfx.a(nrfx_usbd.c.obj)
 .text.usbd_errata_187_211_end
                0x0000000000006a1c       0x40 modules/hal_nordic/nrfx/libmodules__hal_nordic__nrfx.a(nrfx_usbd.c.obj)
 .text.nrfx_usbd_feeder_flash
                0x0000000000006a5c       0x38 modules/hal_nordic/nrfx/libmodules__hal_nordic__nrfx.a(nrfx_usbd.c.obj)
                0x0000000000006a5c                nrfx_usbd_feeder_flash
 .text.nrfx_usbd_feeder_flash_zlp
                0x0000000000006a94       0x3c modules/hal_nordic/nrfx/libmodules__hal_nordic__nrfx.a(nrfx_usbd.c.obj)
                0x0000000000006a94                nrfx_usbd_feeder_flash_zlp
 .text.ev_sof_handler
                0x0000000000006ad0       0x44 modules/hal_nordic/nrfx/libmodules__hal_nordic__nrfx.a(nrfx_usbd.c.obj)
 .text.atomic_and.constprop.0.isra.0
                0x0000000000006b14       0x20 modules/hal_nordic/nrfx/libmodules__hal_nordic__nrfx.a(nrfx_usbd.c.obj)
 .text.usbd_dma_pending_clear
                0x0000000000006b34       0x24 modules/hal_nordic/nrfx/libmodules__hal_nordic__nrfx.a(nrfx_usbd.c.obj)
 .text.nrf_usbd_ep0in_dma_handler
                0x0000000000006b58       0x2c modules/hal_nordic/nrfx/libmodules__hal_nordic__nrfx.a(nrfx_usbd.c.obj)
 .text.usbd_ep_data_handler
                0x0000000000006b84       0x8c modules/hal_nordic/nrfx/libmodules__hal_nordic__nrfx.a(nrfx_usbd.c.obj)
 .text.ev_setup_data_handler
                0x0000000000006c10       0x1c modules/hal_nordic/nrfx/libmodules__hal_nordic__nrfx.a(nrfx_usbd.c.obj)
 .text.ev_dma_epout8_handler
                0x0000000000006c2c       0x40 modules/hal_nordic/nrfx/libmodules__hal_nordic__nrfx.a(nrfx_usbd.c.obj)
 .text.ev_dma_epin8_handler
                0x0000000000006c6c       0x50 modules/hal_nordic/nrfx/libmodules__hal_nordic__nrfx.a(nrfx_usbd.c.obj)
 .text.nrfx_usbd_uninit
                0x0000000000006cbc       0x14 modules/hal_nordic/nrfx/libmodules__hal_nordic__nrfx.a(nrfx_usbd.c.obj)
                0x0000000000006cbc                nrfx_usbd_uninit
 .text.nrfx_usbd_enable
                0x0000000000006cd0      0x14c modules/hal_nordic/nrfx/libmodules__hal_nordic__nrfx.a(nrfx_usbd.c.obj)
                0x0000000000006cd0                nrfx_usbd_enable
 .text.nrfx_usbd_start
                0x0000000000006e1c       0x3c modules/hal_nordic/nrfx/libmodules__hal_nordic__nrfx.a(nrfx_usbd.c.obj)
                0x0000000000006e1c                nrfx_usbd_start
 .text.nrfx_usbd_is_enabled
                0x0000000000006e58       0x14 modules/hal_nordic/nrfx/libmodules__hal_nordic__nrfx.a(nrfx_usbd.c.obj)
                0x0000000000006e58                nrfx_usbd_is_enabled
 .text.nrfx_usbd_suspend
                0x0000000000006e6c       0x58 modules/hal_nordic/nrfx/libmodules__hal_nordic__nrfx.a(nrfx_usbd.c.obj)
                0x0000000000006e6c                nrfx_usbd_suspend
 .text.nrfx_usbd_init
                0x0000000000006ec4       0x84 modules/hal_nordic/nrfx/libmodules__hal_nordic__nrfx.a(nrfx_usbd.c.obj)
                0x0000000000006ec4                nrfx_usbd_init
 .text.nrfx_usbd_ep_transfer
                0x0000000000006f48       0xf4 modules/hal_nordic/nrfx/libmodules__hal_nordic__nrfx.a(nrfx_usbd.c.obj)
                0x0000000000006f48                nrfx_usbd_ep_transfer
 .text.nrfx_usbd_epout_size_get
                0x000000000000703c       0x28 modules/hal_nordic/nrfx/libmodules__hal_nordic__nrfx.a(nrfx_usbd.c.obj)
                0x000000000000703c                nrfx_usbd_epout_size_get
 .text.usbd_dmareq_process
                0x0000000000007064      0x188 modules/hal_nordic/nrfx/libmodules__hal_nordic__nrfx.a(nrfx_usbd.c.obj)
 .text.ev_epdata_handler
                0x00000000000071ec       0x44 modules/hal_nordic/nrfx/libmodules__hal_nordic__nrfx.a(nrfx_usbd.c.obj)
 .text.nrf_usbd_epout_dma_handler
                0x0000000000007230       0x64 modules/hal_nordic/nrfx/libmodules__hal_nordic__nrfx.a(nrfx_usbd.c.obj)
 .text.nrfx_usbd_ep_stall
                0x0000000000007294       0x10 modules/hal_nordic/nrfx/libmodules__hal_nordic__nrfx.a(nrfx_usbd.c.obj)
                0x0000000000007294                nrfx_usbd_ep_stall
 .text.nrfx_usbd_ep_stall_check
                0x00000000000072a4       0x34 modules/hal_nordic/nrfx/libmodules__hal_nordic__nrfx.a(nrfx_usbd.c.obj)
                0x00000000000072a4                nrfx_usbd_ep_stall_check
 .text.nrfx_usbd_ep_dtoggle_clear
                0x00000000000072d8       0x18 modules/hal_nordic/nrfx/libmodules__hal_nordic__nrfx.a(nrfx_usbd.c.obj)
                0x00000000000072d8                nrfx_usbd_ep_dtoggle_clear
 .text.nrfx_usbd_setup_get
                0x00000000000072f0       0x4c modules/hal_nordic/nrfx/libmodules__hal_nordic__nrfx.a(nrfx_usbd.c.obj)
                0x00000000000072f0                nrfx_usbd_setup_get
 .text.nrfx_usbd_setup_data_clear
                0x000000000000733c       0x10 modules/hal_nordic/nrfx/libmodules__hal_nordic__nrfx.a(nrfx_usbd.c.obj)
                0x000000000000733c                nrfx_usbd_setup_data_clear
 .text.ev_dma_epout0_handler
                0x000000000000734c       0x50 modules/hal_nordic/nrfx/libmodules__hal_nordic__nrfx.a(nrfx_usbd.c.obj)
 .text.nrfx_usbd_setup_clear
                0x000000000000739c       0x10 modules/hal_nordic/nrfx/libmodules__hal_nordic__nrfx.a(nrfx_usbd.c.obj)
                0x000000000000739c                nrfx_usbd_setup_clear
 .text.nrfx_usbd_setup_stall
                0x00000000000073ac       0x10 modules/hal_nordic/nrfx/libmodules__hal_nordic__nrfx.a(nrfx_usbd.c.obj)
                0x00000000000073ac                nrfx_usbd_setup_stall
 .text.nrfx_usbd_last_setup_dir_get
                0x00000000000073bc        0xc modules/hal_nordic/nrfx/libmodules__hal_nordic__nrfx.a(nrfx_usbd.c.obj)
                0x00000000000073bc                nrfx_usbd_last_setup_dir_get
 .text.nrfx_usbd_transfer_out_drop
                0x00000000000073c8       0x54 modules/hal_nordic/nrfx/libmodules__hal_nordic__nrfx.a(nrfx_usbd.c.obj)
                0x00000000000073c8                nrfx_usbd_transfer_out_drop
 .text.usbd_ep_abort
                0x000000000000741c       0xf4 modules/hal_nordic/nrfx/libmodules__hal_nordic__nrfx.a(nrfx_usbd.c.obj)
 .text.ev_setup_handler
                0x0000000000007510       0x68 modules/hal_nordic/nrfx/libmodules__hal_nordic__nrfx.a(nrfx_usbd.c.obj)
 .text.nrfx_usbd_irq_handler
                0x0000000000007578       0x7c modules/hal_nordic/nrfx/libmodules__hal_nordic__nrfx.a(nrfx_usbd.c.obj)
                0x0000000000007578                nrfx_usbd_irq_handler
 .text.nrfx_usbd_stop
                0x00000000000075f4       0x80 modules/hal_nordic/nrfx/libmodules__hal_nordic__nrfx.a(nrfx_usbd.c.obj)
                0x00000000000075f4                nrfx_usbd_stop
 .text.nrfx_usbd_disable
                0x0000000000007674       0x30 modules/hal_nordic/nrfx/libmodules__hal_nordic__nrfx.a(nrfx_usbd.c.obj)
                0x0000000000007674                nrfx_usbd_disable
 .text.nrfx_usbd_ep_disable
                0x00000000000076a4       0x58 modules/hal_nordic/nrfx/libmodules__hal_nordic__nrfx.a(nrfx_usbd.c.obj)
                0x00000000000076a4                nrfx_usbd_ep_disable
 .text.nrfx_usbd_ep_enable
                0x00000000000076fc       0xa8 modules/hal_nordic/nrfx/libmodules__hal_nordic__nrfx.a(nrfx_usbd.c.obj)
                0x00000000000076fc                nrfx_usbd_ep_enable
 .text.nrfx_usbd_ep_stall_clear
                0x00000000000077a4       0x20 modules/hal_nordic/nrfx/libmodules__hal_nordic__nrfx.a(nrfx_usbd.c.obj)
                0x00000000000077a4                nrfx_usbd_ep_stall_clear
 .text.nrf_gpio_pin_port_decode
                0x00000000000077c4       0x20 modules/hal_nordic/nrfx/libmodules__hal_nordic__nrfx.a(nrfx_twi_twim.c.obj)
 .text.nrfx_twi_twim_bus_recover
                0x00000000000077e4       0xdc modules/hal_nordic/nrfx/libmodules__hal_nordic__nrfx.a(nrfx_twi_twim.c.obj)
                0x00000000000077e4                nrfx_twi_twim_bus_recover
 .text.z_impl_device_get_binding
                0x00000000000078c0       0x54 zephyr/kernel/libkernel.a(device.c.obj)
                0x00000000000078c0                z_impl_device_get_binding
 .text.z_sys_init_run_level
                0x0000000000007914       0x48 zephyr/kernel/libkernel.a(init.c.obj)
 .text.bg_thread_main
                0x000000000000795c       0x34 zephyr/kernel/libkernel.a(init.c.obj)
 .text.z_bss_zero
                0x0000000000007990       0x18 zephyr/kernel/libkernel.a(init.c.obj)
                0x0000000000007990                z_bss_zero
 .text.z_init_cpu
                0x00000000000079a8       0x8c zephyr/kernel/libkernel.a(init.c.obj)
                0x00000000000079a8                z_init_cpu
 .text.z_cstart
                0x0000000000007a34       0xdc zephyr/kernel/libkernel.a(init.c.obj)
                0x0000000000007a34                z_cstart
 .text.init_mem_slab_module
                0x0000000000007b10       0x24 zephyr/kernel/libkernel.a(mem_slab.c.obj)
 .text.k_mem_slab_alloc
                0x0000000000007b34       0x5c zephyr/kernel/libkernel.a(mem_slab.c.obj)
                0x0000000000007b34                k_mem_slab_alloc
 .text.z_setup_new_thread
                0x0000000000007b90       0x64 zephyr/kernel/libkernel.a(thread.c.obj)
                0x0000000000007b90                z_setup_new_thread
 .text.z_impl_k_thread_create
                0x0000000000007bf4       0x58 zephyr/kernel/libkernel.a(thread.c.obj)
                0x0000000000007bf4                z_impl_k_thread_create
 .text.z_init_static_threads
                0x0000000000007c4c       0xb8 zephyr/kernel/libkernel.a(thread.c.obj)
                0x0000000000007c4c                z_init_static_threads
 .text.idle     0x0000000000007d04       0x38 zephyr/kernel/libkernel.a(idle.c.obj)
                0x0000000000007d04                idle
 .text.z_impl_k_mutex_lock
                0x0000000000007d3c       0xf4 zephyr/kernel/libkernel.a(mutex.c.obj)
                0x0000000000007d3c                z_impl_k_mutex_lock
 .text.z_impl_k_mutex_unlock
                0x0000000000007e30       0x78 zephyr/kernel/libkernel.a(mutex.c.obj)
                0x0000000000007e30                z_impl_k_mutex_unlock
 .text.z_impl_k_queue_get
                0x0000000000007ea8       0x68 zephyr/kernel/libkernel.a(queue.c.obj)
                0x0000000000007ea8                z_impl_k_queue_get
 .text.z_impl_k_sem_give
                0x0000000000007f10       0x48 zephyr/kernel/libkernel.a(sem.c.obj)
                0x0000000000007f10                z_impl_k_sem_give
 .text.z_impl_k_sem_take
                0x0000000000007f58       0x50 zephyr/kernel/libkernel.a(sem.c.obj)
                0x0000000000007f58                z_impl_k_sem_take
 .text.work_queue_main
                0x0000000000007fa8      0x138 zephyr/kernel/libkernel.a(work.c.obj)
 .text.submit_to_queue_locked
                0x00000000000080e0       0xb4 zephyr/kernel/libkernel.a(work.c.obj)
 .text.k_work_queue_start
                0x0000000000008194       0x70 zephyr/kernel/libkernel.a(work.c.obj)
                0x0000000000008194                k_work_queue_start
 .text.k_work_schedule_for_queue
                0x0000000000008204       0x54 zephyr/kernel/libkernel.a(work.c.obj)
                0x0000000000008204                k_work_schedule_for_queue
 .text.sliceable
                0x0000000000008258       0x3c zephyr/kernel/libkernel.a(sched.c.obj)
 .text.slice_timeout
                0x0000000000008294       0x20 zephyr/kernel/libkernel.a(sched.c.obj)
 .text.z_reset_time_slice
                0x00000000000082b4       0x50 zephyr/kernel/libkernel.a(sched.c.obj)
                0x00000000000082b4                z_reset_time_slice
 .text.update_cache
                0x0000000000008304       0x3c zephyr/kernel/libkernel.a(sched.c.obj)
 .text.move_thread_to_end_of_prio_q
                0x0000000000008340       0x74 zephyr/kernel/libkernel.a(sched.c.obj)
 .text.ready_thread
                0x00000000000083b4       0x68 zephyr/kernel/libkernel.a(sched.c.obj)
 .text.unready_thread
                0x000000000000841c       0x30 zephyr/kernel/libkernel.a(sched.c.obj)
 .text.pend_locked
                0x000000000000844c       0x30 zephyr/kernel/libkernel.a(sched.c.obj)
 .text.z_time_slice
                0x000000000000847c       0x60 zephyr/kernel/libkernel.a(sched.c.obj)
                0x000000000000847c                z_time_slice
 .text.z_pend_curr
                0x00000000000084dc       0x3c zephyr/kernel/libkernel.a(sched.c.obj)
                0x00000000000084dc                z_pend_curr
 .text.z_set_prio
                0x0000000000008518       0x8c zephyr/kernel/libkernel.a(sched.c.obj)
                0x0000000000008518                z_set_prio
 .text.z_reschedule
                0x00000000000085a4       0x24 zephyr/kernel/libkernel.a(sched.c.obj)
                0x00000000000085a4                z_reschedule
 .text.z_sched_start
                0x00000000000085c8       0x3c zephyr/kernel/libkernel.a(sched.c.obj)
                0x00000000000085c8                z_sched_start
 .text.z_impl_k_thread_suspend
                0x0000000000008604       0x64 zephyr/kernel/libkernel.a(sched.c.obj)
                0x0000000000008604                z_impl_k_thread_suspend
 .text.k_sched_lock
                0x0000000000008668       0x28 zephyr/kernel/libkernel.a(sched.c.obj)
                0x0000000000008668                k_sched_lock
 .text.k_sched_unlock
                0x0000000000008690       0x38 zephyr/kernel/libkernel.a(sched.c.obj)
                0x0000000000008690                k_sched_unlock
 .text.z_sched_init
                0x00000000000086c8       0x10 zephyr/kernel/libkernel.a(sched.c.obj)
                0x00000000000086c8                z_sched_init
 .text.z_impl_k_yield
                0x00000000000086d8       0x7c zephyr/kernel/libkernel.a(sched.c.obj)
                0x00000000000086d8                z_impl_k_yield
 .text.z_tick_sleep
                0x0000000000008754       0x88 zephyr/kernel/libkernel.a(sched.c.obj)
 .text.z_impl_k_sleep
                0x00000000000087dc       0x34 zephyr/kernel/libkernel.a(sched.c.obj)
                0x00000000000087dc                z_impl_k_sleep
 .text.z_impl_k_usleep
                0x0000000000008810       0x34 zephyr/kernel/libkernel.a(sched.c.obj)
                0x0000000000008810                z_impl_k_usleep
 .text.z_impl_z_current_get
                0x0000000000008844        0xc zephyr/kernel/libkernel.a(sched.c.obj)
                0x0000000000008844                z_impl_z_current_get
 .text.z_thread_abort
                0x0000000000008850       0xc0 zephyr/kernel/libkernel.a(sched.c.obj)
                0x0000000000008850                z_thread_abort
 .text.z_sched_wait
                0x0000000000008910       0x24 zephyr/kernel/libkernel.a(sched.c.obj)
                0x0000000000008910                z_sched_wait
 .text.z_data_copy
                0x0000000000008934       0x34 zephyr/kernel/libkernel.a(xip.c.obj)
                0x0000000000008934                z_data_copy
 .text.elapsed  0x0000000000008968       0x14 zephyr/kernel/libkernel.a(timeout.c.obj)
 .text.next_timeout
                0x000000000000897c       0x40 zephyr/kernel/libkernel.a(timeout.c.obj)
 .text.remove_timeout
                0x00000000000089bc       0x38 zephyr/kernel/libkernel.a(timeout.c.obj)
 .text.z_add_timeout
                0x00000000000089f4       0xec zephyr/kernel/libkernel.a(timeout.c.obj)
                0x00000000000089f4                z_add_timeout
 .text.sys_clock_announce
                0x0000000000008ae0       0xd4 zephyr/kernel/libkernel.a(timeout.c.obj)
                0x0000000000008ae0                sys_clock_announce
 .text.sys_clock_tick_get
                0x0000000000008bb4       0x34 zephyr/kernel/libkernel.a(timeout.c.obj)
                0x0000000000008bb4                sys_clock_tick_get
 .text.z_thread_aligned_alloc
                0x0000000000008be8       0x40 zephyr/kernel/libkernel.a(mempool.c.obj)
                0x0000000000008be8                z_thread_aligned_alloc
 .text.boot_banner
                0x0000000000008c28        0xc zephyr/kernel/libkernel.a(banner.c.obj)
                0x0000000000008c28                boot_banner
 .text.statics_init
                0x0000000000008c34       0x24 zephyr/kernel/libkernel.a(kheap.c.obj)
 .text.k_sys_work_q_init
                0x0000000000008c58       0x34 zephyr/kernel/libkernel.a(system_work_q.c.obj)
 .text._OffsetAbsSyms
                0x0000000000008c8c        0x2 zephyr/CMakeFiles/offsets.dir/./arch/arm/core/offsets/offsets.c.obj
                0x0000000000008c8c                _OffsetAbsSyms
 .text.roundNumber
                0x0000000000008c8e       0x26 app/libapp.a(main.c.obj)
                0x0000000000008c8e                roundNumber
 .text.arch_printk_char_out
                0x0000000000008cb4        0x4 zephyr/libzephyr.a(printk.c.obj)
                0x0000000000008cb4                arch_printk_char_out
 .text.printk   0x0000000000008cb8       0x1a zephyr/libzephyr.a(printk.c.obj)
                0x0000000000008cb8                printk
 .text.z_thread_entry
                0x0000000000008cd2       0x14 zephyr/libzephyr.a(thread_entry.c.obj)
                0x0000000000008cd2                z_thread_entry
 .text.chunk_size
                0x0000000000008ce6        0xa zephyr/libzephyr.a(heap.c.obj)
 .text.free_list_add
                0x0000000000008cf0       0x4e zephyr/libzephyr.a(heap.c.obj)
 .text.free_list_remove_bidx
                0x0000000000008d3e       0x3a zephyr/libzephyr.a(heap.c.obj)
 .text.free_list_remove
                0x0000000000008d78       0x1a zephyr/libzephyr.a(heap.c.obj)
 .text.alloc_chunk
                0x0000000000008d92       0x6e zephyr/libzephyr.a(heap.c.obj)
 .text.merge_chunks
                0x0000000000008e00       0x2c zephyr/libzephyr.a(heap.c.obj)
 .text.split_chunks
                0x0000000000008e2c       0x34 zephyr/libzephyr.a(heap.c.obj)
 .text.free_chunk
                0x0000000000008e60       0x62 zephyr/libzephyr.a(heap.c.obj)
 .text.sys_heap_free
                0x0000000000008ec2       0x1e zephyr/libzephyr.a(heap.c.obj)
                0x0000000000008ec2                sys_heap_free
 .text.sys_heap_alloc
                0x0000000000008ee0       0x52 zephyr/libzephyr.a(heap.c.obj)
                0x0000000000008ee0                sys_heap_alloc
 .text.sys_heap_aligned_alloc
                0x0000000000008f32       0xce zephyr/libzephyr.a(heap.c.obj)
                0x0000000000008f32                sys_heap_aligned_alloc
 .text.sys_heap_init
                0x0000000000009000       0x70 zephyr/libzephyr.a(heap.c.obj)
                0x0000000000009000                sys_heap_init
 .text.sys_slist_find_and_remove
                0x0000000000009070       0x36 zephyr/libzephyr.a(onoff.c.obj)
 .text.process_recheck
                0x00000000000090a6       0x38 zephyr/libzephyr.a(onoff.c.obj)
 .text.validate_args
                0x00000000000090de       0x20 zephyr/libzephyr.a(onoff.c.obj)
 .text.notify_one
                0x00000000000090fe       0x2c zephyr/libzephyr.a(onoff.c.obj)
 .text.transition_complete
                0x000000000000912a       0x1c zephyr/libzephyr.a(onoff.c.obj)
 .text.onoff_manager_init
                0x0000000000009146       0x26 zephyr/libzephyr.a(onoff.c.obj)
                0x0000000000009146                onoff_manager_init
 .text.onoff_request
                0x000000000000916c       0xb0 zephyr/libzephyr.a(onoff.c.obj)
                0x000000000000916c                onoff_request
 .text.onoff_release
                0x000000000000921c       0x4a zephyr/libzephyr.a(onoff.c.obj)
                0x000000000000921c                onoff_release
 .text.onoff_cancel
                0x0000000000009266       0x38 zephyr/libzephyr.a(onoff.c.obj)
                0x0000000000009266                onoff_cancel
 .text.sys_notify_validate
                0x000000000000929e       0x22 zephyr/libzephyr.a(notify.c.obj)
                0x000000000000929e                sys_notify_validate
 .text.sys_notify_finalize
                0x00000000000092c0       0x1a zephyr/libzephyr.a(notify.c.obj)
                0x00000000000092c0                sys_notify_finalize
 .text.encode_uint
                0x00000000000092da       0x8c zephyr/libzephyr.a(cbprintf_complete.c.obj)
 .text.outs     0x0000000000009366       0x2e zephyr/libzephyr.a(cbprintf_complete.c.obj)
 .text.ring_buf_put_claim
                0x0000000000009394       0x3e zephyr/libzephyr.a(ring_buffer.c.obj)
                0x0000000000009394                ring_buf_put_claim
 .text.ring_buf_put_finish
                0x00000000000093d2       0x2a zephyr/libzephyr.a(ring_buffer.c.obj)
                0x00000000000093d2                ring_buf_put_finish
 .text.ring_buf_put
                0x00000000000093fc       0x3e zephyr/libzephyr.a(ring_buffer.c.obj)
                0x00000000000093fc                ring_buf_put
 .text.ring_buf_get_claim
                0x000000000000943a       0x40 zephyr/libzephyr.a(ring_buffer.c.obj)
                0x000000000000943a                ring_buf_get_claim
 .text.ring_buf_get_finish
                0x000000000000947a       0x2a zephyr/libzephyr.a(ring_buffer.c.obj)
                0x000000000000947a                ring_buf_get_finish
 .text.ring_buf_get
                0x00000000000094a4       0x40 zephyr/libzephyr.a(ring_buffer.c.obj)
                0x00000000000094a4                ring_buf_get
 .text._ConfigAbsSyms
                0x00000000000094e4        0x2 zephyr/libzephyr.a(configs.c.obj)
                0x00000000000094e4                _ConfigAbsSyms
 .text.get_ep_bm_from_addr
                0x00000000000094e6       0x1c zephyr/libzephyr.a(usb_device.c.obj)
 .text.usb_write
                0x0000000000009502       0x30 zephyr/libzephyr.a(usb_device.c.obj)
                0x0000000000009502                usb_write
 .text.usb_get_dev_data_by_cfg
                0x0000000000009532       0x18 zephyr/libzephyr.a(usb_descriptor.c.obj)
                0x0000000000009532                usb_get_dev_data_by_cfg
 .text.usb_get_dev_data_by_iface
                0x000000000000954a       0x1c zephyr/libzephyr.a(usb_descriptor.c.obj)
                0x000000000000954a                usb_get_dev_data_by_iface
 .text.usb_get_dev_data_by_ep
                0x0000000000009566       0x2c zephyr/libzephyr.a(usb_descriptor.c.obj)
                0x0000000000009566                usb_get_dev_data_by_ep
 .text.usb_transfer_is_busy
                0x0000000000009592       0x16 zephyr/libzephyr.a(usb_transfer.c.obj)
                0x0000000000009592                usb_transfer_is_busy
 .text.cdc_interface_config
                0x00000000000095a8       0x14 zephyr/libzephyr.a(cdc_acm.c.obj)
 .text.cdc_acm_irq_callback_work_handler
                0x00000000000095bc        0xa zephyr/libzephyr.a(cdc_acm.c.obj)
 .text.cdc_acm_irq_tx_disable
                0x00000000000095c6        0xa zephyr/libzephyr.a(cdc_acm.c.obj)
 .text.cdc_acm_irq_tx_ready
                0x00000000000095d0        0xe zephyr/libzephyr.a(cdc_acm.c.obj)
 .text.cdc_acm_irq_rx_disable
                0x00000000000095de        0xa zephyr/libzephyr.a(cdc_acm.c.obj)
 .text.cdc_acm_irq_rx_ready
                0x00000000000095e8        0x8 zephyr/libzephyr.a(cdc_acm.c.obj)
 .text.cdc_acm_irq_is_pending
                0x00000000000095f0       0x1e zephyr/libzephyr.a(cdc_acm.c.obj)
 .text.cdc_acm_irq_update
                0x000000000000960e        0x4 zephyr/libzephyr.a(cdc_acm.c.obj)
 .text.cdc_acm_irq_callback_set
                0x0000000000009612        0x8 zephyr/libzephyr.a(cdc_acm.c.obj)
 .text.cdc_acm_line_ctrl_get
                0x000000000000961a       0x32 zephyr/libzephyr.a(cdc_acm.c.obj)
 .text.cdc_acm_configure
                0x000000000000964c        0x4 zephyr/libzephyr.a(cdc_acm.c.obj)
 .text.cdc_acm_config_get
                0x0000000000009650       0x58 zephyr/libzephyr.a(cdc_acm.c.obj)
 .text.cdc_acm_line_ctrl_set
                0x00000000000096a8       0xbe zephyr/libzephyr.a(cdc_acm.c.obj)
 .text.cdc_acm_fifo_read
                0x0000000000009766       0x54 zephyr/libzephyr.a(cdc_acm.c.obj)
 .text.cdc_acm_poll_in
                0x00000000000097ba       0x12 zephyr/libzephyr.a(cdc_acm.c.obj)
 .text.z_arm_fatal_error
                0x00000000000097cc        0x4 zephyr/arch/arch/arm/core/aarch32/libarch__arm__core__aarch32.a(fatal.c.obj)
                0x00000000000097cc                z_arm_fatal_error
 .text.z_do_kernel_oops
                0x00000000000097d0        0x8 zephyr/arch/arch/arm/core/aarch32/libarch__arm__core__aarch32.a(fatal.c.obj)
                0x00000000000097d0                z_do_kernel_oops
 .text.z_irq_spurious
                0x00000000000097d8        0x8 zephyr/arch/arch/arm/core/aarch32/libarch__arm__core__aarch32.a(irq_manage.c.obj)
                0x00000000000097d8                z_irq_spurious
 .text.z_arm_nmi
                0x00000000000097e0        0xe zephyr/arch/arch/arm/core/aarch32/libarch__arm__core__aarch32.a(nmi.c.obj)
                0x00000000000097e0                z_arm_nmi
 .text.strlen   0x00000000000097ee        0xe zephyr/lib/libc/minimal/liblib__libc__minimal.a(string.c.obj)
                0x00000000000097ee                strlen
 .text.strcmp   0x00000000000097fc       0x18 zephyr/lib/libc/minimal/liblib__libc__minimal.a(string.c.obj)
                0x00000000000097fc                strcmp
 .text.memcpy   0x0000000000009814       0x16 zephyr/lib/libc/minimal/liblib__libc__minimal.a(string.c.obj)
                0x0000000000009814                memcpy
 .text.memset   0x000000000000982a       0x12 zephyr/lib/libc/minimal/liblib__libc__minimal.a(string.c.obj)
                0x000000000000982a                memset
 .text._stdout_hook_default
                0x000000000000983c        0x6 zephyr/lib/libc/minimal/liblib__libc__minimal.a(stdout_console.c.obj)
 .text.strnlen  0x0000000000009842       0x12 zephyr/lib/libc/common/liblib__libc__common.a(strnlen.c.obj)
                0x0000000000009842                strnlen
 .text.pm_state_set
                0x0000000000009854       0x18 zephyr/soc/arm/nordic_nrf/nrf52/libsoc__arm__nordic_nrf__nrf52.a(power.c.obj)
                0x0000000000009854                pm_state_set
 .text.pm_state_exit_post_ops
                0x000000000000986c        0xc zephyr/soc/arm/nordic_nrf/nrf52/libsoc__arm__nordic_nrf__nrf52.a(power.c.obj)
                0x000000000000986c                pm_state_exit_post_ops
 .text.hid_interface_config
                0x0000000000009878        0x4 zephyr/subsys/usb/device/class/hid/libsubsys__usb__device__class__hid.a(core.c.obj)
 .text.usb_hid_device_init
                0x000000000000987c        0x4 zephyr/subsys/usb/device/class/hid/libsubsys__usb__device__class__hid.a(core.c.obj)
 .text.usb_hid_init
                0x0000000000009880       0x14 zephyr/subsys/usb/device/class/hid/libsubsys__usb__device__class__hid.a(core.c.obj)
                0x0000000000009880                usb_hid_init
 .text.hid_int_ep_write
                0x0000000000009894       0x20 zephyr/subsys/usb/device/class/hid/libsubsys__usb__device__class__hid.a(core.c.obj)
                0x0000000000009894                hid_int_ep_write
 .text.ep_ctx_reset
                0x00000000000098b4       0x26 zephyr/drivers/usb/device/libdrivers__usb__device.a(usb_dc_nrfx.c.obj)
 .text.k_mutex_lock.constprop.0.isra.0
                0x00000000000098da        0x4 zephyr/drivers/usb/device/libdrivers__usb__device.a(usb_dc_nrfx.c.obj)
 .text.k_mutex_unlock.isra.0
                0x00000000000098de        0x4 zephyr/drivers/usb/device/libdrivers__usb__device.a(usb_dc_nrfx.c.obj)
 .text.usb_dc_ep_check_cap
                0x00000000000098e2       0x30 zephyr/drivers/usb/device/libdrivers__usb__device.a(usb_dc_nrfx.c.obj)
                0x00000000000098e2                usb_dc_ep_check_cap
 .text.usb_dc_ep_disable
                0x0000000000009912       0x32 zephyr/drivers/usb/device/libdrivers__usb__device.a(usb_dc_nrfx.c.obj)
                0x0000000000009912                usb_dc_ep_disable
 .text.usb_dc_ep_read
                0x0000000000009944       0x1e zephyr/drivers/usb/device/libdrivers__usb__device.a(usb_dc_nrfx.c.obj)
                0x0000000000009944                usb_dc_ep_read
 .text.get_status
                0x0000000000009962       0x12 zephyr/drivers/clock_control/libdrivers__clock_control.a(clock_control_nrf.c.obj)
 .text.set_on_state
                0x0000000000009974       0x26 zephyr/drivers/clock_control/libdrivers__clock_control.a(clock_control_nrf.c.obj)
 .text.stop     0x000000000000999a       0x54 zephyr/drivers/clock_control/libdrivers__clock_control.a(clock_control_nrf.c.obj)
 .text.api_stop
                0x00000000000099ee        0x6 zephyr/drivers/clock_control/libdrivers__clock_control.a(clock_control_nrf.c.obj)
 .text.async_start
                0x00000000000099f4       0x5e zephyr/drivers/clock_control/libdrivers__clock_control.a(clock_control_nrf.c.obj)
 .text.api_start
                0x0000000000009a52        0xe zephyr/drivers/clock_control/libdrivers__clock_control.a(clock_control_nrf.c.obj)
 .text.onoff_started_callback
                0x0000000000009a60       0x12 zephyr/drivers/clock_control/libdrivers__clock_control.a(clock_control_nrf.c.obj)
 .text.lfclk_start
                0x0000000000009a72        0x6 zephyr/drivers/clock_control/libdrivers__clock_control.a(clock_control_nrf.c.obj)
 .text.lfclk_stop
                0x0000000000009a78        0x6 zephyr/drivers/clock_control/libdrivers__clock_control.a(clock_control_nrf.c.obj)
 .text.blocking_start_callback
                0x0000000000009a7e        0x6 zephyr/drivers/clock_control/libdrivers__clock_control.a(clock_control_nrf.c.obj)
 .text.gpio_nrfx_port_get_raw
                0x0000000000009a84        0xe zephyr/drivers/gpio/libdrivers__gpio.a(gpio_nrfx.c.obj)
 .text.gpio_nrfx_port_set_masked_raw
                0x0000000000009a92       0x18 zephyr/drivers/gpio/libdrivers__gpio.a(gpio_nrfx.c.obj)
 .text.gpio_nrfx_port_set_bits_raw
                0x0000000000009aaa        0xc zephyr/drivers/gpio/libdrivers__gpio.a(gpio_nrfx.c.obj)
 .text.gpio_nrfx_port_clear_bits_raw
                0x0000000000009ab6        0xc zephyr/drivers/gpio/libdrivers__gpio.a(gpio_nrfx.c.obj)
 .text.gpio_nrfx_port_toggle_bits
                0x0000000000009ac2       0x1a zephyr/drivers/gpio/libdrivers__gpio.a(gpio_nrfx.c.obj)
 .text.gpio_nrfx_manage_callback
                0x0000000000009adc       0x52 zephyr/drivers/gpio/libdrivers__gpio.a(gpio_nrfx.c.obj)
 .text.z_impl_hwinfo_get_device_id
                0x0000000000009b2e       0x28 zephyr/drivers/hwinfo/libdrivers__hwinfo.a(hwinfo_nrf.c.obj)
                0x0000000000009b2e                z_impl_hwinfo_get_device_id
 .text.i2c_nrfx_twim_configure
                0x0000000000009b56       0x2e zephyr/drivers/i2c/libdrivers__i2c.a(i2c_nrfx_twim.c.obj)
 .text.irq_connect0
                0x0000000000009b84        0xa zephyr/drivers/i2c/libdrivers__i2c.a(i2c_nrfx_twim.c.obj)
 .text.pinctrl_apply_state.constprop.0
                0x0000000000009b8e       0x20 zephyr/drivers/i2c/libdrivers__i2c.a(i2c_nrfx_twim.c.obj)
 .text.pinctrl_lookup_state
                0x0000000000009bae       0x26 zephyr/drivers/pinctrl/libdrivers__pinctrl.a(common.c.obj)
                0x0000000000009bae                pinctrl_lookup_state
 .text.as5600_get
                0x0000000000009bd4       0x28 zephyr/drivers/sensor/ams_as5600/libdrivers__sensor__ams_as5600.a(ams_as5600.c.obj)
 .text.as5600_initialize
                0x0000000000009bfc        0x8 zephyr/drivers/sensor/ams_as5600/libdrivers__sensor__ams_as5600.a(ams_as5600.c.obj)
 .text.as5600_fetch
                0x0000000000009c04       0x4a zephyr/drivers/sensor/ams_as5600/libdrivers__sensor__ams_as5600.a(ams_as5600.c.obj)
 .text.sys_clock_idle_exit
                0x0000000000009c4e        0x2 zephyr/drivers/timer/libdrivers__timer.a(sys_clock_init.c.obj)
                0x0000000000009c4e                sys_clock_idle_exit
 .text.event_clear
                0x0000000000009c50       0x18 zephyr/drivers/timer/libdrivers__timer.a(nrf_rtc_timer.c.obj)
 .text.sys_clock_cycle_get_32
                0x0000000000009c68        0x8 zephyr/drivers/timer/libdrivers__timer.a(nrf_rtc_timer.c.obj)
                0x0000000000009c68                sys_clock_cycle_get_32
 .text.nrfx_isr
                0x0000000000009c70        0x2 modules/hal_nordic/nrfx/libmodules__hal_nordic__nrfx.a(nrfx_glue.c.obj)
                0x0000000000009c70                nrfx_isr
 .text.nrfx_busy_wait
                0x0000000000009c72        0x4 modules/hal_nordic/nrfx/libmodules__hal_nordic__nrfx.a(nrfx_glue.c.obj)
                0x0000000000009c72                nrfx_busy_wait
 .text.nrfx_clock_start
                0x0000000000009c76       0x78 modules/hal_nordic/nrfx/libmodules__hal_nordic__nrfx.a(nrfx_clock.c.obj)
                0x0000000000009c76                nrfx_clock_start
 .text.nrfx_clock_stop
                0x0000000000009cee        0x4 modules/hal_nordic/nrfx/libmodules__hal_nordic__nrfx.a(nrfx_clock.c.obj)
                0x0000000000009cee                nrfx_clock_stop
 .text.nrf_gpio_reconfigure
                0x0000000000009cf2       0x92 modules/hal_nordic/nrfx/libmodules__hal_nordic__nrfx.a(nrfx_gpiote.c.obj)
 .text.nrf_gpio_cfg_sense_set
                0x0000000000009d84       0x1e modules/hal_nordic/nrfx/libmodules__hal_nordic__nrfx.a(nrfx_gpiote.c.obj)
 .text.nrf_power_event_get_and_clear.constprop.0
                0x0000000000009da2       0x18 modules/hal_nordic/nrfx/libmodules__hal_nordic__nrfx.a(nrfx_power.c.obj)
 .text.nrfx_power_usbevt_enable
                0x0000000000009dba        0xe modules/hal_nordic/nrfx/libmodules__hal_nordic__nrfx.a(nrfx_power.c.obj)
                0x0000000000009dba                nrfx_power_usbevt_enable
 .text.nrfx_power_usbevt_disable
                0x0000000000009dc8        0xe modules/hal_nordic/nrfx/libmodules__hal_nordic__nrfx.a(nrfx_power.c.obj)
                0x0000000000009dc8                nrfx_power_usbevt_disable
 .text.nrfx_power_clock_irq_handler
                0x0000000000009dd6        0xe modules/hal_nordic/nrfx/libmodules__hal_nordic__nrfx.a(nrfx_power.c.obj)
                0x0000000000009dd6                nrfx_power_clock_irq_handler
 .text.xfer_completeness_check
                0x0000000000009de4       0x62 modules/hal_nordic/nrfx/libmodules__hal_nordic__nrfx.a(nrfx_twim.c.obj)
 .text.__nrfy_internal_twim_event_handle.isra.0
                0x0000000000009e46       0x22 modules/hal_nordic/nrfx/libmodules__hal_nordic__nrfx.a(nrfx_twim.c.obj)
 .text.__nrfy_internal_twim_events_process.constprop.0
                0x0000000000009e68       0x54 modules/hal_nordic/nrfx/libmodules__hal_nordic__nrfx.a(nrfx_twim.c.obj)
 .text.nrfx_usbd_consumer
                0x0000000000009ebc       0x32 modules/hal_nordic/nrfx/libmodules__hal_nordic__nrfx.a(nrfx_usbd.c.obj)
                0x0000000000009ebc                nrfx_usbd_consumer
 .text.nrfx_usbd_feeder_ram
                0x0000000000009eee       0x22 modules/hal_nordic/nrfx/libmodules__hal_nordic__nrfx.a(nrfx_usbd.c.obj)
                0x0000000000009eee                nrfx_usbd_feeder_ram
 .text.nrfx_usbd_feeder_ram_zlp
                0x0000000000009f10       0x28 modules/hal_nordic/nrfx/libmodules__hal_nordic__nrfx.a(nrfx_usbd.c.obj)
                0x0000000000009f10                nrfx_usbd_feeder_ram_zlp
 .text.ep2bit   0x0000000000009f38       0x10 modules/hal_nordic/nrfx/libmodules__hal_nordic__nrfx.a(nrfx_usbd.c.obj)
 .text.ev_started_handler
                0x0000000000009f48        0x2 modules/hal_nordic/nrfx/libmodules__hal_nordic__nrfx.a(nrfx_usbd.c.obj)
 .text.nrf_usbd_epin_dma_handler
                0x0000000000009f4a       0x30 modules/hal_nordic/nrfx/libmodules__hal_nordic__nrfx.a(nrfx_usbd.c.obj)
 .text.ev_dma_epin7_handler
                0x0000000000009f7a        0x6 modules/hal_nordic/nrfx/libmodules__hal_nordic__nrfx.a(nrfx_usbd.c.obj)
 .text.ev_dma_epin6_handler
                0x0000000000009f80        0x6 modules/hal_nordic/nrfx/libmodules__hal_nordic__nrfx.a(nrfx_usbd.c.obj)
 .text.ev_dma_epin5_handler
                0x0000000000009f86        0x6 modules/hal_nordic/nrfx/libmodules__hal_nordic__nrfx.a(nrfx_usbd.c.obj)
 .text.ev_dma_epin4_handler
                0x0000000000009f8c        0x6 modules/hal_nordic/nrfx/libmodules__hal_nordic__nrfx.a(nrfx_usbd.c.obj)
 .text.ev_dma_epin3_handler
                0x0000000000009f92        0x6 modules/hal_nordic/nrfx/libmodules__hal_nordic__nrfx.a(nrfx_usbd.c.obj)
 .text.ev_dma_epin2_handler
                0x0000000000009f98        0x6 modules/hal_nordic/nrfx/libmodules__hal_nordic__nrfx.a(nrfx_usbd.c.obj)
 .text.ev_dma_epin1_handler
                0x0000000000009f9e        0x6 modules/hal_nordic/nrfx/libmodules__hal_nordic__nrfx.a(nrfx_usbd.c.obj)
 .text.ev_dma_epin0_handler
                0x0000000000009fa4        0x4 modules/hal_nordic/nrfx/libmodules__hal_nordic__nrfx.a(nrfx_usbd.c.obj)
 .text.nrfx_usbd_ep_max_packet_size_set
                0x0000000000009fa8        0xa modules/hal_nordic/nrfx/libmodules__hal_nordic__nrfx.a(nrfx_usbd.c.obj)
                0x0000000000009fa8                nrfx_usbd_ep_max_packet_size_set
 .text.nrfx_usbd_ep_status_get
                0x0000000000009fb2       0x2e modules/hal_nordic/nrfx/libmodules__hal_nordic__nrfx.a(nrfx_usbd.c.obj)
                0x0000000000009fb2                nrfx_usbd_ep_status_get
 .text.ev_dma_epout7_handler
                0x0000000000009fe0        0x6 modules/hal_nordic/nrfx/libmodules__hal_nordic__nrfx.a(nrfx_usbd.c.obj)
 .text.ev_dma_epout6_handler
                0x0000000000009fe6        0x6 modules/hal_nordic/nrfx/libmodules__hal_nordic__nrfx.a(nrfx_usbd.c.obj)
 .text.ev_dma_epout5_handler
                0x0000000000009fec        0x6 modules/hal_nordic/nrfx/libmodules__hal_nordic__nrfx.a(nrfx_usbd.c.obj)
 .text.ev_dma_epout4_handler
                0x0000000000009ff2        0x6 modules/hal_nordic/nrfx/libmodules__hal_nordic__nrfx.a(nrfx_usbd.c.obj)
 .text.ev_dma_epout3_handler
                0x0000000000009ff8        0x6 modules/hal_nordic/nrfx/libmodules__hal_nordic__nrfx.a(nrfx_usbd.c.obj)
 .text.ev_dma_epout2_handler
                0x0000000000009ffe        0x6 modules/hal_nordic/nrfx/libmodules__hal_nordic__nrfx.a(nrfx_usbd.c.obj)
 .text.ev_dma_epout1_handler
                0x000000000000a004        0x6 modules/hal_nordic/nrfx/libmodules__hal_nordic__nrfx.a(nrfx_usbd.c.obj)
 .text.nrfx_usbd_ep_abort
                0x000000000000a00a        0x4 modules/hal_nordic/nrfx/libmodules__hal_nordic__nrfx.a(nrfx_usbd.c.obj)
                0x000000000000a00a                nrfx_usbd_ep_abort
 .text.nrf_gpio_pin_set
                0x000000000000a00e       0x1a modules/hal_nordic/nrfx/libmodules__hal_nordic__nrfx.a(nrfx_twi_twim.c.obj)
 .text.z_device_state_init
                0x000000000000a028        0x2 zephyr/kernel/libkernel.a(device.c.obj)
                0x000000000000a028                z_device_state_init
 .text.z_device_is_ready
                0x000000000000a02a       0x16 zephyr/kernel/libkernel.a(device.c.obj)
                0x000000000000a02a                z_device_is_ready
 .text.arch_system_halt
                0x000000000000a040       0x12 zephyr/kernel/libkernel.a(fatal.c.obj)
                0x000000000000a040                arch_system_halt
 .text.k_sys_fatal_error_handler
                0x000000000000a052        0x6 zephyr/kernel/libkernel.a(fatal.c.obj)
                0x000000000000a052                k_sys_fatal_error_handler
 .text.z_fatal_error
                0x000000000000a058       0x36 zephyr/kernel/libkernel.a(fatal.c.obj)
                0x000000000000a058                z_fatal_error
 .text.z_early_memset
                0x000000000000a08e        0x4 zephyr/kernel/libkernel.a(init.c.obj)
                0x000000000000a08e                z_early_memset
 .text.z_early_memcpy
                0x000000000000a092        0x4 zephyr/kernel/libkernel.a(init.c.obj)
                0x000000000000a092                z_early_memcpy
 .text.create_free_list
                0x000000000000a096       0x2c zephyr/kernel/libkernel.a(mem_slab.c.obj)
 .text.k_mem_slab_free
                0x000000000000a0c2       0x52 zephyr/kernel/libkernel.a(mem_slab.c.obj)
                0x000000000000a0c2                k_mem_slab_free
 .text.k_is_in_isr
                0x000000000000a114        0xc zephyr/kernel/libkernel.a(thread.c.obj)
                0x000000000000a114                k_is_in_isr
 .text.z_impl_k_thread_name_set
                0x000000000000a120        0x6 zephyr/kernel/libkernel.a(thread.c.obj)
                0x000000000000a120                z_impl_k_thread_name_set
 .text.z_impl_k_thread_start
                0x000000000000a126        0x4 zephyr/kernel/libkernel.a(thread.c.obj)
                0x000000000000a126                z_impl_k_thread_start
 .text.z_pm_save_idle_exit
                0x000000000000a12a        0xe zephyr/kernel/libkernel.a(idle.c.obj)
                0x000000000000a12a                z_pm_save_idle_exit
 .text.adjust_owner_prio.isra.0
                0x000000000000a138       0x10 zephyr/kernel/libkernel.a(mutex.c.obj)
 .text.z_impl_k_mutex_init
                0x000000000000a148        0xe zephyr/kernel/libkernel.a(mutex.c.obj)
                0x000000000000a148                z_impl_k_mutex_init
 .text.queue_insert
                0x000000000000a156       0xc4 zephyr/kernel/libkernel.a(queue.c.obj)
 .text.z_queue_node_peek
                0x000000000000a21a       0x18 zephyr/kernel/libkernel.a(queue.c.obj)
                0x000000000000a21a                z_queue_node_peek
 .text.k_queue_append
                0x000000000000a232       0x16 zephyr/kernel/libkernel.a(queue.c.obj)
                0x000000000000a232                k_queue_append
 .text.z_impl_k_sem_init
                0x000000000000a248       0x18 zephyr/kernel/libkernel.a(sem.c.obj)
                0x000000000000a248                z_impl_k_sem_init
 .text.flag_test_and_clear
                0x000000000000a260       0x16 zephyr/kernel/libkernel.a(work.c.obj)
 .text.notify_queue_locked.isra.0
                0x000000000000a276        0xe zephyr/kernel/libkernel.a(work.c.obj)
 .text.work_timeout
                0x000000000000a284       0x3e zephyr/kernel/libkernel.a(work.c.obj)
 .text.k_work_init
                0x000000000000a2c2       0x12 zephyr/kernel/libkernel.a(work.c.obj)
                0x000000000000a2c2                k_work_init
 .text.z_work_submit_to_queue
                0x000000000000a2d4       0x28 zephyr/kernel/libkernel.a(work.c.obj)
                0x000000000000a2d4                z_work_submit_to_queue
 .text.k_work_submit_to_queue
                0x000000000000a2fc       0x22 zephyr/kernel/libkernel.a(work.c.obj)
                0x000000000000a2fc                k_work_submit_to_queue
 .text.k_work_init_delayable
                0x000000000000a31e       0x18 zephyr/kernel/libkernel.a(work.c.obj)
                0x000000000000a31e                k_work_init_delayable
 .text.sys_dlist_remove
                0x000000000000a336       0x10 zephyr/kernel/libkernel.a(sched.c.obj)
 .text.unpend_thread_no_timeout
                0x000000000000a346       0x14 zephyr/kernel/libkernel.a(sched.c.obj)
 .text.add_to_waitq_locked
                0x000000000000a35a       0x50 zephyr/kernel/libkernel.a(sched.c.obj)
 .text.z_ready_thread
                0x000000000000a3aa       0x20 zephyr/kernel/libkernel.a(sched.c.obj)
                0x000000000000a3aa                z_ready_thread
 .text.z_sched_wake_thread
                0x000000000000a3ca       0x44 zephyr/kernel/libkernel.a(sched.c.obj)
                0x000000000000a3ca                z_sched_wake_thread
 .text.z_thread_timeout
                0x000000000000a40e        0x8 zephyr/kernel/libkernel.a(sched.c.obj)
                0x000000000000a40e                z_thread_timeout
 .text.z_unpend_first_thread
                0x000000000000a416       0x38 zephyr/kernel/libkernel.a(sched.c.obj)
                0x000000000000a416                z_unpend_first_thread
 .text.z_unpend_thread
                0x000000000000a44e       0x30 zephyr/kernel/libkernel.a(sched.c.obj)
                0x000000000000a44e                z_unpend_thread
 .text.z_reschedule_irqlock
                0x000000000000a47e       0x18 zephyr/kernel/libkernel.a(sched.c.obj)
                0x000000000000a47e                z_reschedule_irqlock
 .text.z_reschedule_unlocked
                0x000000000000a496       0x14 zephyr/kernel/libkernel.a(sched.c.obj)
 .text.z_unpend_all
                0x000000000000a4aa       0x20 zephyr/kernel/libkernel.a(sched.c.obj)
                0x000000000000a4aa                z_unpend_all
 .text.z_sched_wake
                0x000000000000a4ca       0x46 zephyr/kernel/libkernel.a(sched.c.obj)
                0x000000000000a4ca                z_sched_wake
 .text.z_abort_timeout
                0x000000000000a510       0x2c zephyr/kernel/libkernel.a(timeout.c.obj)
                0x000000000000a510                z_abort_timeout
 .text.z_get_next_timeout_expiry
                0x000000000000a53c       0x20 zephyr/kernel/libkernel.a(timeout.c.obj)
                0x000000000000a53c                z_get_next_timeout_expiry
 .text.sys_clock_tick_get_32
                0x000000000000a55c        0x8 zephyr/kernel/libkernel.a(timeout.c.obj)
                0x000000000000a55c                sys_clock_tick_get_32
 .text.z_impl_k_busy_wait
                0x000000000000a564        0x8 zephyr/kernel/libkernel.a(timeout.c.obj)
                0x000000000000a564                z_impl_k_busy_wait
 .text.sys_clock_timeout_end_calc
                0x000000000000a56c       0x44 zephyr/kernel/libkernel.a(timeout.c.obj)
                0x000000000000a56c                sys_clock_timeout_end_calc
 .text.k_free   0x000000000000a5b0        0xe zephyr/kernel/libkernel.a(mempool.c.obj)
                0x000000000000a5b0                k_free
 .text.k_heap_init
                0x000000000000a5be       0x10 zephyr/kernel/libkernel.a(kheap.c.obj)
                0x000000000000a5be                k_heap_init
 .text.k_heap_aligned_alloc
                0x000000000000a5ce       0x9a zephyr/kernel/libkernel.a(kheap.c.obj)
                0x000000000000a5ce                k_heap_aligned_alloc
 .text.k_heap_free
                0x000000000000a668       0x3a zephyr/kernel/libkernel.a(kheap.c.obj)
                0x000000000000a668                k_heap_free
 *(SORT_BY_ALIGNMENT(.TEXT.*))
 *(SORT_BY_ALIGNMENT(.gnu.linkonce.t.*))
 *(SORT_BY_ALIGNMENT(.glue_7t))
 .glue_7t       0x000000000000a6a2        0x0 linker stubs
 *(SORT_BY_ALIGNMENT(.glue_7))
 .glue_7        0x000000000000a6a2        0x0 linker stubs
 *(SORT_BY_ALIGNMENT(.vfp11_veneer))
 .vfp11_veneer  0x000000000000a6a2        0x0 linker stubs
 *(SORT_BY_ALIGNMENT(.v4_bx))
 .v4_bx         0x000000000000a6a2        0x0 linker stubs
                0x000000000000a6a4                . = ALIGN (0x4)
 *fill*         0x000000000000a6a2        0x2 
                0x000000000000a6a4                __text_region_end = .

.ARM.exidx      0x000000000000a6a4        0x8
                0x000000000000a6a4                __exidx_start = .
 *(SORT_BY_ALIGNMENT(.ARM.exidx*) SORT_BY_ALIGNMENT(gnu.linkonce.armexidx.*))
 .ARM.exidx     0x000000000000a6a4        0x8 c:/program files/zephyr-sdk-0.16.1/arm-zephyr-eabi/bin/../lib/gcc/arm-zephyr-eabi/12.2.0/thumb/v7e-m/nofp\libgcc.a(_udivmoddi4.o)
                0x000000000000a6ac                __exidx_end = .
                0x000000000000a6ac                __rodata_region_start = .

initlevel       0x000000000000a6ac       0x90
                0x000000000000a6ac                __init_start = .
                0x000000000000a6ac                __init_EARLY_start = .
 *(SORT_BY_NAME(SORT_BY_ALIGNMENT(.z_init_EARLY?_*)))
 *(SORT_BY_NAME(SORT_BY_ALIGNMENT(.z_init_EARLY??_*)))
                0x000000000000a6ac                __init_PRE_KERNEL_1_start = .
 *(SORT_BY_NAME(SORT_BY_ALIGNMENT(.z_init_PRE_KERNEL_1?_*)))
 .z_init_PRE_KERNEL_10_
                0x000000000000a6ac        0x8 zephyr/soc/arm/nordic_nrf/nrf52/libsoc__arm__nordic_nrf__nrf52.a(soc.c.obj)
 *(SORT_BY_NAME(SORT_BY_ALIGNMENT(.z_init_PRE_KERNEL_1??_*)))
 .z_init_PRE_KERNEL_130_
                0x000000000000a6b4        0x8 zephyr/drivers/clock_control/libdrivers__clock_control.a(clock_control_nrf.c.obj)
 .z_init_PRE_KERNEL_130_
                0x000000000000a6bc        0x8 zephyr/kernel/libkernel.a(mem_slab.c.obj)
 .z_init_PRE_KERNEL_130_
                0x000000000000a6c4        0x8 zephyr/kernel/libkernel.a(kheap.c.obj)
 .z_init_PRE_KERNEL_140_
                0x000000000000a6cc       0x10 zephyr/drivers/gpio/libdrivers__gpio.a(gpio_nrfx.c.obj)
 .z_init_PRE_KERNEL_155_
                0x000000000000a6dc        0x8 zephyr/libzephyr.a(cdc_acm.c.obj)
 .z_init_PRE_KERNEL_160_
                0x000000000000a6e4        0x8 zephyr/drivers/console/libdrivers__console.a(uart_console.c.obj)
                0x000000000000a6ec                __init_PRE_KERNEL_2_start = .
 *(SORT_BY_NAME(SORT_BY_ALIGNMENT(.z_init_PRE_KERNEL_2?_*)))
 .z_init_PRE_KERNEL_20_
                0x000000000000a6ec        0x8 zephyr/drivers/timer/libdrivers__timer.a(nrf_rtc_timer.c.obj)
 *(SORT_BY_NAME(SORT_BY_ALIGNMENT(.z_init_PRE_KERNEL_2??_*)))
                0x000000000000a6f4                __init_POST_KERNEL_start = .
 *(SORT_BY_NAME(SORT_BY_ALIGNMENT(.z_init_POST_KERNEL?_*)))
 *(SORT_BY_NAME(SORT_BY_ALIGNMENT(.z_init_POST_KERNEL??_*)))
 .z_init_POST_KERNEL40_
                0x000000000000a6f4        0x8 zephyr/libzephyr.a(usb_work_q.c.obj)
 .z_init_POST_KERNEL40_
                0x000000000000a6fc        0x8 zephyr/subsys/usb/device/class/hid/libsubsys__usb__device__class__hid.a(core.c.obj)
 .z_init_POST_KERNEL40_
                0x000000000000a704        0x8 zephyr/kernel/libkernel.a(system_work_q.c.obj)
 .z_init_POST_KERNEL50_
                0x000000000000a70c        0x8 zephyr/drivers/usb/device/libdrivers__usb__device.a(usb_dc_nrfx.c.obj)
 .z_init_POST_KERNEL50_
                0x000000000000a714        0x8 zephyr/drivers/i2c/libdrivers__i2c.a(i2c_nrfx_twim.c.obj)
 .z_init_POST_KERNEL90_
                0x000000000000a71c        0x8 zephyr/libzephyr.a(usb_device.c.obj)
 .z_init_POST_KERNEL90_
                0x000000000000a724        0x8 zephyr/drivers/sensor/ams_as5600/libdrivers__sensor__ams_as5600.a(ams_as5600.c.obj)
 .z_init_POST_KERNEL90_
                0x000000000000a72c        0x8 zephyr/drivers/sensor/nrf5/libdrivers__sensor__nrf5.a(temp_nrf5.c.obj)
                0x000000000000a734                __init_APPLICATION_start = .
 *(SORT_BY_NAME(SORT_BY_ALIGNMENT(.z_init_APPLICATION?_*)))
 *(SORT_BY_NAME(SORT_BY_ALIGNMENT(.z_init_APPLICATION??_*)))
 .z_init_APPLICATION50_
                0x000000000000a734        0x8 app/libapp.a(main.c.obj)
                0x000000000000a73c                __init_SMP_start = .
 *(SORT_BY_NAME(SORT_BY_ALIGNMENT(.z_init_SMP?_*)))
 *(SORT_BY_NAME(SORT_BY_ALIGNMENT(.z_init_SMP??_*)))
                0x000000000000a73c                __init_end = .

device_area     0x000000000000a73c       0xa0
                0x000000000000a73c                _device_list_start = .
 *(SORT_BY_NAME(SORT_BY_ALIGNMENT(._device.static.*_?_*)))
 *(SORT_BY_NAME(SORT_BY_ALIGNMENT(._device.static.*_??_*)))
 ._device.static.1_30_
                0x000000000000a73c       0x14 zephyr/drivers/clock_control/libdrivers__clock_control.a(clock_control_nrf.c.obj)
                0x000000000000a73c                __device_dts_ord_25
 ._device.static.1_40_
                0x000000000000a750       0x28 zephyr/drivers/gpio/libdrivers__gpio.a(gpio_nrfx.c.obj)
                0x000000000000a750                __device_dts_ord_35
                0x000000000000a764                __device_dts_ord_9
 ._device.static.1_55_
                0x000000000000a778       0x14 zephyr/libzephyr.a(cdc_acm.c.obj)
                0x000000000000a778                __device_dts_ord_85
 ._device.static.3_40_
                0x000000000000a78c       0x14 zephyr/subsys/usb/device/class/hid/libsubsys__usb__device__class__hid.a(core.c.obj)
 ._device.static.3_50_
                0x000000000000a7a0       0x14 zephyr/drivers/i2c/libdrivers__i2c.a(i2c_nrfx_twim.c.obj)
                0x000000000000a7a0                __device_dts_ord_77
 ._device.static.3_90_
                0x000000000000a7b4       0x14 zephyr/drivers/sensor/ams_as5600/libdrivers__sensor__ams_as5600.a(ams_as5600.c.obj)
                0x000000000000a7b4                __device_dts_ord_78
 ._device.static.3_90_
                0x000000000000a7c8       0x14 zephyr/drivers/sensor/nrf5/libdrivers__sensor__nrf5.a(temp_nrf5.c.obj)
                0x000000000000a7c8                __device_dts_ord_57
                0x000000000000a7dc                _device_list_end = .

sw_isr_table    0x000000000000a7dc      0x180
                0x000000000000a7dc                . = ALIGN (0x4)
 *(SORT_BY_ALIGNMENT(.gnu.linkonce.sw_isr_table*))
 .gnu.linkonce.sw_isr_table
                0x000000000000a7dc      0x180 zephyr/arch/common/libisr_tables.a(isr_tables.c.obj)
                0x000000000000a7dc                _sw_isr_table

initlevel_error
                0x000000000000a6ac        0x0
 *(SORT_BY_NAME(SORT_BY_ALIGNMENT(.z_init_[_A-Z0-9]*)))
                0x0000000000000001                ASSERT ((SIZEOF (initlevel_error) == 0x0), Undefined initialization levels used.)

app_shmem_regions
                0x000000000000a95c        0x0
                0x000000000000a95c                __app_shmem_regions_start = .
 *(SORT_BY_NAME(SORT_BY_ALIGNMENT(.app_regions.*)))
                0x000000000000a95c                __app_shmem_regions_end = .

k_p4wq_initparam_area
                0x000000000000a95c        0x0
                0x000000000000a95c                _k_p4wq_initparam_list_start = .
 *(SORT_BY_NAME(SORT_BY_ALIGNMENT(._k_p4wq_initparam.static.*)))
                0x000000000000a95c                _k_p4wq_initparam_list_end = .

_static_thread_data_area
                0x000000000000a95c        0x0
                0x000000000000a95c                __static_thread_data_list_start = .
 *(SORT_BY_NAME(SORT_BY_ALIGNMENT(.__static_thread_data.static.*)))
                0x000000000000a95c                __static_thread_data_list_end = .

device_deps     0x000000000000a95c        0x0
                0x000000000000a95c                __device_deps_start = .
 *(SORT_BY_NAME(SORT_BY_ALIGNMENT(.__device_deps_pass2*)))